Archive member included to satisfy reference by file (symbol)

.\CortexM0\ARM_GCC_541\Debug\374.a(D0.o)
                              .\CortexM0\ARM_GCC_541\Debug\main.o (D0_Write)
.\CortexM0\ARM_GCC_541\Debug\374.a(D1.o)
                              .\CortexM0\ARM_GCC_541\Debug\main.o (D1_Write)
.\CortexM0\ARM_GCC_541\Debug\374.a(D2.o)
                              .\CortexM0\ARM_GCC_541\Debug\main.o (D2_Write)
.\CortexM0\ARM_GCC_541\Debug\374.a(D3.o)
                              .\CortexM0\ARM_GCC_541\Debug\main.o (D3_Write)
.\CortexM0\ARM_GCC_541\Debug\374.a(D4.o)
                              .\CortexM0\ARM_GCC_541\Debug\main.o (D4_Write)
.\CortexM0\ARM_GCC_541\Debug\374.a(D5.o)
                              .\CortexM0\ARM_GCC_541\Debug\main.o (D5_Write)
.\CortexM0\ARM_GCC_541\Debug\374.a(D6.o)
                              .\CortexM0\ARM_GCC_541\Debug\main.o (D6_Write)
.\CortexM0\ARM_GCC_541\Debug\374.a(D7.o)
                              .\CortexM0\ARM_GCC_541\Debug\main.o (D7_Write)
.\CortexM0\ARM_GCC_541\Debug\374.a(CK.o)
                              .\CortexM0\ARM_GCC_541\Debug\main.o (CK_Write)
.\CortexM0\ARM_GCC_541\Debug\374.a(OE.o)
                              .\CortexM0\ARM_GCC_541\Debug\main.o (OE_Write)
.\CortexM0\ARM_GCC_541\Debug\374.a(Q0.o)
                              .\CortexM0\ARM_GCC_541\Debug\main.o (Q0_Read)
.\CortexM0\ARM_GCC_541\Debug\374.a(Q1.o)
                              .\CortexM0\ARM_GCC_541\Debug\main.o (Q1_Read)
.\CortexM0\ARM_GCC_541\Debug\374.a(Q2.o)
                              .\CortexM0\ARM_GCC_541\Debug\main.o (Q2_Read)
.\CortexM0\ARM_GCC_541\Debug\374.a(Q3.o)
                              .\CortexM0\ARM_GCC_541\Debug\main.o (Q3_Read)
.\CortexM0\ARM_GCC_541\Debug\374.a(Q4.o)
                              .\CortexM0\ARM_GCC_541\Debug\main.o (Q4_Read)
.\CortexM0\ARM_GCC_541\Debug\374.a(Q5.o)
                              .\CortexM0\ARM_GCC_541\Debug\main.o (Q5_Read)
.\CortexM0\ARM_GCC_541\Debug\374.a(Q6.o)
                              .\CortexM0\ARM_GCC_541\Debug\main.o (Q6_Read)
.\CortexM0\ARM_GCC_541\Debug\374.a(Q7.o)
                              .\CortexM0\ARM_GCC_541\Debug\main.o (Q7_Read)
.\CortexM0\ARM_GCC_541\Debug\374.a(LED_OK.o)
                              .\CortexM0\ARM_GCC_541\Debug\main.o (LED_OK_Write)
.\CortexM0\ARM_GCC_541\Debug\374.a(LED_FAIL.o)
                              .\CortexM0\ARM_GCC_541\Debug\main.o (LED_FAIL_Write)
.\CortexM0\ARM_GCC_541\Debug\374.a(CyLib.o)
                              .\CortexM0\ARM_GCC_541\Debug\cyfitter_cfg.o (CyIntEnable)
.\CortexM0\ARM_GCC_541\Debug\374.a(CyLFClk.o)
                              .\CortexM0\ARM_GCC_541\Debug\cyfitter_cfg.o (CySysClkWcoStart)
.\CortexM0\ARM_GCC_541\Debug\374.a(CyBootAsmGnu.o)
                              .\CortexM0\ARM_GCC_541\Debug\cyfitter_cfg.o (CyDelayCycles)
c:/program files (x86)/cypress/psoc creator/4.4/psoc creator/import/gnu/arm/5.4.1/bin/../lib/gcc/arm-none-eabi/5.4.1/armv6-m\libgcc.a(_udivsi3.o)
                              .\CortexM0\ARM_GCC_541\Debug\374.a(CyLib.o) (__aeabi_uidiv)
c:/program files (x86)/cypress/psoc creator/4.4/psoc creator/import/gnu/arm/5.4.1/bin/../lib/gcc/arm-none-eabi/5.4.1/armv6-m\libgcc.a(_divsi3.o)
                              .\CortexM0\ARM_GCC_541\Debug\374.a(CyLFClk.o) (__aeabi_idiv)
c:/program files (x86)/cypress/psoc creator/4.4/psoc creator/import/gnu/arm/5.4.1/bin/../lib/gcc/arm-none-eabi/5.4.1/armv6-m\libgcc.a(_dvmd_tls.o)
                              c:/program files (x86)/cypress/psoc creator/4.4/psoc creator/import/gnu/arm/5.4.1/bin/../lib/gcc/arm-none-eabi/5.4.1/armv6-m\libgcc.a(_udivsi3.o) (__aeabi_idiv0)
c:/program files (x86)/cypress/psoc creator/4.4/psoc creator/import/gnu/arm/5.4.1/bin/../lib/gcc/arm-none-eabi/5.4.1/../../../../arm-none-eabi/lib/armv6-m\libg_nano.a(lib_a-errno.o)
                              .\CortexM0\ARM_GCC_541\Debug\Cm0Start.o (__errno)
c:/program files (x86)/cypress/psoc creator/4.4/psoc creator/import/gnu/arm/5.4.1/bin/../lib/gcc/arm-none-eabi/5.4.1/../../../../arm-none-eabi/lib/armv6-m\libg_nano.a(lib_a-exit.o)
                              c:/program files (x86)/cypress/psoc creator/4.4/psoc creator/import/gnu/arm/5.4.1/bin/../lib/gcc/arm-none-eabi/5.4.1/../../../../arm-none-eabi/lib/armv6-m/crt0.o (exit)
c:/program files (x86)/cypress/psoc creator/4.4/psoc creator/import/gnu/arm/5.4.1/bin/../lib/gcc/arm-none-eabi/5.4.1/../../../../arm-none-eabi/lib/armv6-m\libg_nano.a(lib_a-impure.o)
                              c:/program files (x86)/cypress/psoc creator/4.4/psoc creator/import/gnu/arm/5.4.1/bin/../lib/gcc/arm-none-eabi/5.4.1/../../../../arm-none-eabi/lib/armv6-m\libg_nano.a(lib_a-exit.o) (_global_impure_ptr)
c:/program files (x86)/cypress/psoc creator/4.4/psoc creator/import/gnu/arm/5.4.1/bin/../lib/gcc/arm-none-eabi/5.4.1/../../../../arm-none-eabi/lib/armv6-m\libg_nano.a(lib_a-init.o)
                              c:/program files (x86)/cypress/psoc creator/4.4/psoc creator/import/gnu/arm/5.4.1/bin/../lib/gcc/arm-none-eabi/5.4.1/../../../../arm-none-eabi/lib/armv6-m/crt0.o (__libc_init_array)
c:/program files (x86)/cypress/psoc creator/4.4/psoc creator/import/gnu/arm/5.4.1/bin/../lib/gcc/arm-none-eabi/5.4.1/../../../../arm-none-eabi/lib/armv6-m\libg_nano.a(lib_a-memset.o)
                              c:/program files (x86)/cypress/psoc creator/4.4/psoc creator/import/gnu/arm/5.4.1/bin/../lib/gcc/arm-none-eabi/5.4.1/../../../../arm-none-eabi/lib/armv6-m/crt0.o (memset)

Discarded input sections

 .text          0x00000000        0x0 c:/program files (x86)/cypress/psoc creator/4.4/psoc creator/import/gnu/arm/5.4.1/bin/../lib/gcc/arm-none-eabi/5.4.1/armv6-m/crti.o
 .data          0x00000000        0x0 c:/program files (x86)/cypress/psoc creator/4.4/psoc creator/import/gnu/arm/5.4.1/bin/../lib/gcc/arm-none-eabi/5.4.1/armv6-m/crti.o
 .bss           0x00000000        0x0 c:/program files (x86)/cypress/psoc creator/4.4/psoc creator/import/gnu/arm/5.4.1/bin/../lib/gcc/arm-none-eabi/5.4.1/armv6-m/crti.o
 .data          0x00000000        0x4 c:/program files (x86)/cypress/psoc creator/4.4/psoc creator/import/gnu/arm/5.4.1/bin/../lib/gcc/arm-none-eabi/5.4.1/armv6-m/crtbegin.o
 .text          0x00000000       0x78 c:/program files (x86)/cypress/psoc creator/4.4/psoc creator/import/gnu/arm/5.4.1/bin/../lib/gcc/arm-none-eabi/5.4.1/../../../../arm-none-eabi/lib/armv6-m/crt0.o
 .data          0x00000000        0x0 c:/program files (x86)/cypress/psoc creator/4.4/psoc creator/import/gnu/arm/5.4.1/bin/../lib/gcc/arm-none-eabi/5.4.1/../../../../arm-none-eabi/lib/armv6-m/crt0.o
 .bss           0x00000000        0x0 c:/program files (x86)/cypress/psoc creator/4.4/psoc creator/import/gnu/arm/5.4.1/bin/../lib/gcc/arm-none-eabi/5.4.1/../../../../arm-none-eabi/lib/armv6-m/crt0.o
 .ARM.extab     0x00000000        0x0 c:/program files (x86)/cypress/psoc creator/4.4/psoc creator/import/gnu/arm/5.4.1/bin/../lib/gcc/arm-none-eabi/5.4.1/../../../../arm-none-eabi/lib/armv6-m/crt0.o
 .ARM.exidx     0x00000000        0x8 c:/program files (x86)/cypress/psoc creator/4.4/psoc creator/import/gnu/arm/5.4.1/bin/../lib/gcc/arm-none-eabi/5.4.1/../../../../arm-none-eabi/lib/armv6-m/crt0.o
 .text          0x00000000        0x0 .\CortexM0\ARM_GCC_541\Debug\main.o
 .data          0x00000000        0x0 .\CortexM0\ARM_GCC_541\Debug\main.o
 .bss           0x00000000        0x0 .\CortexM0\ARM_GCC_541\Debug\main.o
 .text          0x00000000        0x0 .\CortexM0\ARM_GCC_541\Debug\cyfitter_cfg.o
 .data          0x00000000        0x0 .\CortexM0\ARM_GCC_541\Debug\cyfitter_cfg.o
 .bss           0x00000000        0x0 .\CortexM0\ARM_GCC_541\Debug\cyfitter_cfg.o
 .text          0x00000000        0x0 .\CortexM0\ARM_GCC_541\Debug\cymetadata.o
 .data          0x00000000        0x0 .\CortexM0\ARM_GCC_541\Debug\cymetadata.o
 .bss           0x00000000        0x0 .\CortexM0\ARM_GCC_541\Debug\cymetadata.o
 .text          0x00000000        0x0 .\CortexM0\ARM_GCC_541\Debug\Cm0Start.o
 .data          0x00000000        0x4 .\CortexM0\ARM_GCC_541\Debug\Cm0Start.o
 .bss           0x00000000        0x0 .\CortexM0\ARM_GCC_541\Debug\Cm0Start.o
 .text._exit    0x00000000        0xc .\CortexM0\ARM_GCC_541\Debug\Cm0Start.o
 .text._sbrk    0x00000000       0x30 .\CortexM0\ARM_GCC_541\Debug\Cm0Start.o
 .text          0x00000000        0x0 .\CortexM0\ARM_GCC_541\Debug\374.a(D0.o)
 .data          0x00000000        0x0 .\CortexM0\ARM_GCC_541\Debug\374.a(D0.o)
 .bss           0x00000000        0x0 .\CortexM0\ARM_GCC_541\Debug\374.a(D0.o)
 .text.D0_SetDriveMode
                0x00000000       0x14 .\CortexM0\ARM_GCC_541\Debug\374.a(D0.o)
 .text.D0_Read  0x00000000       0x10 .\CortexM0\ARM_GCC_541\Debug\374.a(D0.o)
 .text.D0_ReadDataReg
                0x00000000       0x10 .\CortexM0\ARM_GCC_541\Debug\374.a(D0.o)
 .text.D0_SetInterruptMode
                0x00000000       0x14 .\CortexM0\ARM_GCC_541\Debug\374.a(D0.o)
 .text.D0_ClearInterrupt
                0x00000000       0x14 .\CortexM0\ARM_GCC_541\Debug\374.a(D0.o)
 .text          0x00000000        0x0 .\CortexM0\ARM_GCC_541\Debug\374.a(D1.o)
 .data          0x00000000        0x0 .\CortexM0\ARM_GCC_541\Debug\374.a(D1.o)
 .bss           0x00000000        0x0 .\CortexM0\ARM_GCC_541\Debug\374.a(D1.o)
 .text.D1_SetDriveMode
                0x00000000       0x18 .\CortexM0\ARM_GCC_541\Debug\374.a(D1.o)
 .text.D1_Read  0x00000000       0x10 .\CortexM0\ARM_GCC_541\Debug\374.a(D1.o)
 .text.D1_ReadDataReg
                0x00000000       0x10 .\CortexM0\ARM_GCC_541\Debug\374.a(D1.o)
 .text.D1_SetInterruptMode
                0x00000000       0x14 .\CortexM0\ARM_GCC_541\Debug\374.a(D1.o)
 .text.D1_ClearInterrupt
                0x00000000       0x14 .\CortexM0\ARM_GCC_541\Debug\374.a(D1.o)
 .text          0x00000000        0x0 .\CortexM0\ARM_GCC_541\Debug\374.a(D2.o)
 .data          0x00000000        0x0 .\CortexM0\ARM_GCC_541\Debug\374.a(D2.o)
 .bss           0x00000000        0x0 .\CortexM0\ARM_GCC_541\Debug\374.a(D2.o)
 .text.D2_SetDriveMode
                0x00000000       0x18 .\CortexM0\ARM_GCC_541\Debug\374.a(D2.o)
 .text.D2_Read  0x00000000       0x10 .\CortexM0\ARM_GCC_541\Debug\374.a(D2.o)
 .text.D2_ReadDataReg
                0x00000000       0x10 .\CortexM0\ARM_GCC_541\Debug\374.a(D2.o)
 .text.D2_SetInterruptMode
                0x00000000       0x14 .\CortexM0\ARM_GCC_541\Debug\374.a(D2.o)
 .text.D2_ClearInterrupt
                0x00000000       0x14 .\CortexM0\ARM_GCC_541\Debug\374.a(D2.o)
 .text          0x00000000        0x0 .\CortexM0\ARM_GCC_541\Debug\374.a(D3.o)
 .data          0x00000000        0x0 .\CortexM0\ARM_GCC_541\Debug\374.a(D3.o)
 .bss           0x00000000        0x0 .\CortexM0\ARM_GCC_541\Debug\374.a(D3.o)
 .text.D3_SetDriveMode
                0x00000000       0x18 .\CortexM0\ARM_GCC_541\Debug\374.a(D3.o)
 .text.D3_Read  0x00000000       0x10 .\CortexM0\ARM_GCC_541\Debug\374.a(D3.o)
 .text.D3_ReadDataReg
                0x00000000       0x10 .\CortexM0\ARM_GCC_541\Debug\374.a(D3.o)
 .text.D3_SetInterruptMode
                0x00000000       0x14 .\CortexM0\ARM_GCC_541\Debug\374.a(D3.o)
 .text.D3_ClearInterrupt
                0x00000000       0x14 .\CortexM0\ARM_GCC_541\Debug\374.a(D3.o)
 .text          0x00000000        0x0 .\CortexM0\ARM_GCC_541\Debug\374.a(D4.o)
 .data          0x00000000        0x0 .\CortexM0\ARM_GCC_541\Debug\374.a(D4.o)
 .bss           0x00000000        0x0 .\CortexM0\ARM_GCC_541\Debug\374.a(D4.o)
 .text.D4_SetDriveMode
                0x00000000       0x18 .\CortexM0\ARM_GCC_541\Debug\374.a(D4.o)
 .text.D4_Read  0x00000000       0x10 .\CortexM0\ARM_GCC_541\Debug\374.a(D4.o)
 .text.D4_ReadDataReg
                0x00000000       0x10 .\CortexM0\ARM_GCC_541\Debug\374.a(D4.o)
 .text.D4_SetInterruptMode
                0x00000000       0x14 .\CortexM0\ARM_GCC_541\Debug\374.a(D4.o)
 .text.D4_ClearInterrupt
                0x00000000       0x14 .\CortexM0\ARM_GCC_541\Debug\374.a(D4.o)
 .text          0x00000000        0x0 .\CortexM0\ARM_GCC_541\Debug\374.a(D5.o)
 .data          0x00000000        0x0 .\CortexM0\ARM_GCC_541\Debug\374.a(D5.o)
 .bss           0x00000000        0x0 .\CortexM0\ARM_GCC_541\Debug\374.a(D5.o)
 .text.D5_SetDriveMode
                0x00000000       0x14 .\CortexM0\ARM_GCC_541\Debug\374.a(D5.o)
 .text.D5_Read  0x00000000       0x10 .\CortexM0\ARM_GCC_541\Debug\374.a(D5.o)
 .text.D5_ReadDataReg
                0x00000000       0x10 .\CortexM0\ARM_GCC_541\Debug\374.a(D5.o)
 .text.D5_SetInterruptMode
                0x00000000       0x14 .\CortexM0\ARM_GCC_541\Debug\374.a(D5.o)
 .text.D5_ClearInterrupt
                0x00000000       0x10 .\CortexM0\ARM_GCC_541\Debug\374.a(D5.o)
 .text          0x00000000        0x0 .\CortexM0\ARM_GCC_541\Debug\374.a(D6.o)
 .data          0x00000000        0x0 .\CortexM0\ARM_GCC_541\Debug\374.a(D6.o)
 .bss           0x00000000        0x0 .\CortexM0\ARM_GCC_541\Debug\374.a(D6.o)
 .text.D6_SetDriveMode
                0x00000000       0x14 .\CortexM0\ARM_GCC_541\Debug\374.a(D6.o)
 .text.D6_Read  0x00000000       0x10 .\CortexM0\ARM_GCC_541\Debug\374.a(D6.o)
 .text.D6_ReadDataReg
                0x00000000       0x10 .\CortexM0\ARM_GCC_541\Debug\374.a(D6.o)
 .text.D6_SetInterruptMode
                0x00000000       0x14 .\CortexM0\ARM_GCC_541\Debug\374.a(D6.o)
 .text.D6_ClearInterrupt
                0x00000000       0x14 .\CortexM0\ARM_GCC_541\Debug\374.a(D6.o)
 .text          0x00000000        0x0 .\CortexM0\ARM_GCC_541\Debug\374.a(D7.o)
 .data          0x00000000        0x0 .\CortexM0\ARM_GCC_541\Debug\374.a(D7.o)
 .bss           0x00000000        0x0 .\CortexM0\ARM_GCC_541\Debug\374.a(D7.o)
 .text.D7_SetDriveMode
                0x00000000       0x18 .\CortexM0\ARM_GCC_541\Debug\374.a(D7.o)
 .text.D7_Read  0x00000000       0x10 .\CortexM0\ARM_GCC_541\Debug\374.a(D7.o)
 .text.D7_ReadDataReg
                0x00000000       0x10 .\CortexM0\ARM_GCC_541\Debug\374.a(D7.o)
 .text.D7_SetInterruptMode
                0x00000000       0x14 .\CortexM0\ARM_GCC_541\Debug\374.a(D7.o)
 .text.D7_ClearInterrupt
                0x00000000       0x14 .\CortexM0\ARM_GCC_541\Debug\374.a(D7.o)
 .text          0x00000000        0x0 .\CortexM0\ARM_GCC_541\Debug\374.a(CK.o)
 .data          0x00000000        0x0 .\CortexM0\ARM_GCC_541\Debug\374.a(CK.o)
 .bss           0x00000000        0x0 .\CortexM0\ARM_GCC_541\Debug\374.a(CK.o)
 .text.CK_SetDriveMode
                0x00000000       0x14 .\CortexM0\ARM_GCC_541\Debug\374.a(CK.o)
 .text.CK_Read  0x00000000       0x10 .\CortexM0\ARM_GCC_541\Debug\374.a(CK.o)
 .text.CK_ReadDataReg
                0x00000000       0x10 .\CortexM0\ARM_GCC_541\Debug\374.a(CK.o)
 .text.CK_SetInterruptMode
                0x00000000       0x14 .\CortexM0\ARM_GCC_541\Debug\374.a(CK.o)
 .text.CK_ClearInterrupt
                0x00000000       0x10 .\CortexM0\ARM_GCC_541\Debug\374.a(CK.o)
 .text          0x00000000        0x0 .\CortexM0\ARM_GCC_541\Debug\374.a(OE.o)
 .data          0x00000000        0x0 .\CortexM0\ARM_GCC_541\Debug\374.a(OE.o)
 .bss           0x00000000        0x0 .\CortexM0\ARM_GCC_541\Debug\374.a(OE.o)
 .text.OE_SetDriveMode
                0x00000000       0x18 .\CortexM0\ARM_GCC_541\Debug\374.a(OE.o)
 .text.OE_Read  0x00000000       0x10 .\CortexM0\ARM_GCC_541\Debug\374.a(OE.o)
 .text.OE_ReadDataReg
                0x00000000       0x10 .\CortexM0\ARM_GCC_541\Debug\374.a(OE.o)
 .text.OE_SetInterruptMode
                0x00000000       0x14 .\CortexM0\ARM_GCC_541\Debug\374.a(OE.o)
 .text.OE_ClearInterrupt
                0x00000000       0x14 .\CortexM0\ARM_GCC_541\Debug\374.a(OE.o)
 .text          0x00000000        0x0 .\CortexM0\ARM_GCC_541\Debug\374.a(Q0.o)
 .data          0x00000000        0x0 .\CortexM0\ARM_GCC_541\Debug\374.a(Q0.o)
 .bss           0x00000000        0x0 .\CortexM0\ARM_GCC_541\Debug\374.a(Q0.o)
 .text.Q0_SetDriveMode
                0x00000000       0x18 .\CortexM0\ARM_GCC_541\Debug\374.a(Q0.o)
 .text.Q0_Write
                0x00000000       0x18 .\CortexM0\ARM_GCC_541\Debug\374.a(Q0.o)
 .text.Q0_ReadDataReg
                0x00000000       0x10 .\CortexM0\ARM_GCC_541\Debug\374.a(Q0.o)
 .text.Q0_SetInterruptMode
                0x00000000       0x14 .\CortexM0\ARM_GCC_541\Debug\374.a(Q0.o)
 .text.Q0_ClearInterrupt
                0x00000000       0x14 .\CortexM0\ARM_GCC_541\Debug\374.a(Q0.o)
 .text          0x00000000        0x0 .\CortexM0\ARM_GCC_541\Debug\374.a(Q1.o)
 .data          0x00000000        0x0 .\CortexM0\ARM_GCC_541\Debug\374.a(Q1.o)
 .bss           0x00000000        0x0 .\CortexM0\ARM_GCC_541\Debug\374.a(Q1.o)
 .text.Q1_SetDriveMode
                0x00000000       0x18 .\CortexM0\ARM_GCC_541\Debug\374.a(Q1.o)
 .text.Q1_Write
                0x00000000       0x18 .\CortexM0\ARM_GCC_541\Debug\374.a(Q1.o)
 .text.Q1_ReadDataReg
                0x00000000       0x10 .\CortexM0\ARM_GCC_541\Debug\374.a(Q1.o)
 .text.Q1_SetInterruptMode
                0x00000000       0x14 .\CortexM0\ARM_GCC_541\Debug\374.a(Q1.o)
 .text.Q1_ClearInterrupt
                0x00000000       0x14 .\CortexM0\ARM_GCC_541\Debug\374.a(Q1.o)
 .text          0x00000000        0x0 .\CortexM0\ARM_GCC_541\Debug\374.a(Q2.o)
 .data          0x00000000        0x0 .\CortexM0\ARM_GCC_541\Debug\374.a(Q2.o)
 .bss           0x00000000        0x0 .\CortexM0\ARM_GCC_541\Debug\374.a(Q2.o)
 .text.Q2_SetDriveMode
                0x00000000       0x18 .\CortexM0\ARM_GCC_541\Debug\374.a(Q2.o)
 .text.Q2_Write
                0x00000000       0x18 .\CortexM0\ARM_GCC_541\Debug\374.a(Q2.o)
 .text.Q2_ReadDataReg
                0x00000000       0x10 .\CortexM0\ARM_GCC_541\Debug\374.a(Q2.o)
 .text.Q2_SetInterruptMode
                0x00000000       0x14 .\CortexM0\ARM_GCC_541\Debug\374.a(Q2.o)
 .text.Q2_ClearInterrupt
                0x00000000       0x14 .\CortexM0\ARM_GCC_541\Debug\374.a(Q2.o)
 .text          0x00000000        0x0 .\CortexM0\ARM_GCC_541\Debug\374.a(Q3.o)
 .data          0x00000000        0x0 .\CortexM0\ARM_GCC_541\Debug\374.a(Q3.o)
 .bss           0x00000000        0x0 .\CortexM0\ARM_GCC_541\Debug\374.a(Q3.o)
 .text.Q3_SetDriveMode
                0x00000000       0x18 .\CortexM0\ARM_GCC_541\Debug\374.a(Q3.o)
 .text.Q3_Write
                0x00000000       0x18 .\CortexM0\ARM_GCC_541\Debug\374.a(Q3.o)
 .text.Q3_ReadDataReg
                0x00000000       0x10 .\CortexM0\ARM_GCC_541\Debug\374.a(Q3.o)
 .text.Q3_SetInterruptMode
                0x00000000       0x14 .\CortexM0\ARM_GCC_541\Debug\374.a(Q3.o)
 .text.Q3_ClearInterrupt
                0x00000000       0x14 .\CortexM0\ARM_GCC_541\Debug\374.a(Q3.o)
 .text          0x00000000        0x0 .\CortexM0\ARM_GCC_541\Debug\374.a(Q4.o)
 .data          0x00000000        0x0 .\CortexM0\ARM_GCC_541\Debug\374.a(Q4.o)
 .bss           0x00000000        0x0 .\CortexM0\ARM_GCC_541\Debug\374.a(Q4.o)
 .text.Q4_SetDriveMode
                0x00000000       0x14 .\CortexM0\ARM_GCC_541\Debug\374.a(Q4.o)
 .text.Q4_Write
                0x00000000       0x18 .\CortexM0\ARM_GCC_541\Debug\374.a(Q4.o)
 .text.Q4_ReadDataReg
                0x00000000       0x10 .\CortexM0\ARM_GCC_541\Debug\374.a(Q4.o)
 .text.Q4_SetInterruptMode
                0x00000000       0x14 .\CortexM0\ARM_GCC_541\Debug\374.a(Q4.o)
 .text.Q4_ClearInterrupt
                0x00000000       0x10 .\CortexM0\ARM_GCC_541\Debug\374.a(Q4.o)
 .text          0x00000000        0x0 .\CortexM0\ARM_GCC_541\Debug\374.a(Q5.o)
 .data          0x00000000        0x0 .\CortexM0\ARM_GCC_541\Debug\374.a(Q5.o)
 .bss           0x00000000        0x0 .\CortexM0\ARM_GCC_541\Debug\374.a(Q5.o)
 .text.Q5_SetDriveMode
                0x00000000       0x14 .\CortexM0\ARM_GCC_541\Debug\374.a(Q5.o)
 .text.Q5_Write
                0x00000000       0x18 .\CortexM0\ARM_GCC_541\Debug\374.a(Q5.o)
 .text.Q5_ReadDataReg
                0x00000000       0x10 .\CortexM0\ARM_GCC_541\Debug\374.a(Q5.o)
 .text.Q5_SetInterruptMode
                0x00000000       0x14 .\CortexM0\ARM_GCC_541\Debug\374.a(Q5.o)
 .text.Q5_ClearInterrupt
                0x00000000       0x14 .\CortexM0\ARM_GCC_541\Debug\374.a(Q5.o)
 .text          0x00000000        0x0 .\CortexM0\ARM_GCC_541\Debug\374.a(Q6.o)
 .data          0x00000000        0x0 .\CortexM0\ARM_GCC_541\Debug\374.a(Q6.o)
 .bss           0x00000000        0x0 .\CortexM0\ARM_GCC_541\Debug\374.a(Q6.o)
 .text.Q6_SetDriveMode
                0x00000000       0x18 .\CortexM0\ARM_GCC_541\Debug\374.a(Q6.o)
 .text.Q6_Write
                0x00000000       0x18 .\CortexM0\ARM_GCC_541\Debug\374.a(Q6.o)
 .text.Q6_ReadDataReg
                0x00000000       0x10 .\CortexM0\ARM_GCC_541\Debug\374.a(Q6.o)
 .text.Q6_SetInterruptMode
                0x00000000       0x14 .\CortexM0\ARM_GCC_541\Debug\374.a(Q6.o)
 .text.Q6_ClearInterrupt
                0x00000000       0x14 .\CortexM0\ARM_GCC_541\Debug\374.a(Q6.o)
 .text          0x00000000        0x0 .\CortexM0\ARM_GCC_541\Debug\374.a(Q7.o)
 .data          0x00000000        0x0 .\CortexM0\ARM_GCC_541\Debug\374.a(Q7.o)
 .bss           0x00000000        0x0 .\CortexM0\ARM_GCC_541\Debug\374.a(Q7.o)
 .text.Q7_SetDriveMode
                0x00000000       0x18 .\CortexM0\ARM_GCC_541\Debug\374.a(Q7.o)
 .text.Q7_Write
                0x00000000       0x18 .\CortexM0\ARM_GCC_541\Debug\374.a(Q7.o)
 .text.Q7_ReadDataReg
                0x00000000       0x10 .\CortexM0\ARM_GCC_541\Debug\374.a(Q7.o)
 .text.Q7_SetInterruptMode
                0x00000000       0x14 .\CortexM0\ARM_GCC_541\Debug\374.a(Q7.o)
 .text.Q7_ClearInterrupt
                0x00000000       0x14 .\CortexM0\ARM_GCC_541\Debug\374.a(Q7.o)
 .text          0x00000000        0x0 .\CortexM0\ARM_GCC_541\Debug\374.a(LED_OK.o)
 .data          0x00000000        0x0 .\CortexM0\ARM_GCC_541\Debug\374.a(LED_OK.o)
 .bss           0x00000000        0x0 .\CortexM0\ARM_GCC_541\Debug\374.a(LED_OK.o)
 .text.LED_OK_SetDriveMode
                0x00000000       0x18 .\CortexM0\ARM_GCC_541\Debug\374.a(LED_OK.o)
 .text.LED_OK_Read
                0x00000000       0x10 .\CortexM0\ARM_GCC_541\Debug\374.a(LED_OK.o)
 .text.LED_OK_ReadDataReg
                0x00000000       0x10 .\CortexM0\ARM_GCC_541\Debug\374.a(LED_OK.o)
 .text.LED_OK_SetInterruptMode
                0x00000000       0x14 .\CortexM0\ARM_GCC_541\Debug\374.a(LED_OK.o)
 .text.LED_OK_ClearInterrupt
                0x00000000       0x14 .\CortexM0\ARM_GCC_541\Debug\374.a(LED_OK.o)
 .text          0x00000000        0x0 .\CortexM0\ARM_GCC_541\Debug\374.a(LED_FAIL.o)
 .data          0x00000000        0x0 .\CortexM0\ARM_GCC_541\Debug\374.a(LED_FAIL.o)
 .bss           0x00000000        0x0 .\CortexM0\ARM_GCC_541\Debug\374.a(LED_FAIL.o)
 .text.LED_FAIL_SetDriveMode
                0x00000000       0x18 .\CortexM0\ARM_GCC_541\Debug\374.a(LED_FAIL.o)
 .text.LED_FAIL_Read
                0x00000000       0x10 .\CortexM0\ARM_GCC_541\Debug\374.a(LED_FAIL.o)
 .text.LED_FAIL_ReadDataReg
                0x00000000       0x10 .\CortexM0\ARM_GCC_541\Debug\374.a(LED_FAIL.o)
 .text.LED_FAIL_SetInterruptMode
                0x00000000       0x14 .\CortexM0\ARM_GCC_541\Debug\374.a(LED_FAIL.o)
 .text.LED_FAIL_ClearInterrupt
                0x00000000       0x14 .\CortexM0\ARM_GCC_541\Debug\374.a(LED_FAIL.o)
 .text          0x00000000        0x0 .\CortexM0\ARM_GCC_541\Debug\374.a(CyLib.o)
 .bss           0x00000000       0x18 .\CortexM0\ARM_GCC_541\Debug\374.a(CyLib.o)
 .text.CySysClkImoStart
                0x00000000       0x14 .\CortexM0\ARM_GCC_541\Debug\374.a(CyLib.o)
 .text.CySysClkImoStop
                0x00000000       0x10 .\CortexM0\ARM_GCC_541\Debug\374.a(CyLib.o)
 .text.CySysClkWriteHfclkDirect
                0x00000000       0x20 .\CortexM0\ARM_GCC_541\Debug\374.a(CyLib.o)
 .text.CySysEnablePumpClock
                0x00000000       0x38 .\CortexM0\ARM_GCC_541\Debug\374.a(CyLib.o)
 .text.CySysClkGetSysclkSource
                0x00000000       0x1c .\CortexM0\ARM_GCC_541\Debug\374.a(CyLib.o)
 .text.CySysClkWriteSysclkDiv
                0x00000000       0x30 .\CortexM0\ARM_GCC_541\Debug\374.a(CyLib.o)
 .text.CySysClkEcoStop
                0x00000000       0x24 .\CortexM0\ARM_GCC_541\Debug\374.a(CyLib.o)
 .text.CySysLvdDisable
                0x00000000       0x20 .\CortexM0\ARM_GCC_541\Debug\374.a(CyLib.o)
 .text.CySysLvdGetInterruptSource
                0x00000000       0x10 .\CortexM0\ARM_GCC_541\Debug\374.a(CyLib.o)
 .text.CySysLvdClearInterrupt
                0x00000000        0xc .\CortexM0\ARM_GCC_541\Debug\374.a(CyLib.o)
 .text.CySysGetResetReason
                0x00000000       0x14 .\CortexM0\ARM_GCC_541\Debug\374.a(CyLib.o)
 .text.CyDisableInts
                0x00000000       0x10 .\CortexM0\ARM_GCC_541\Debug\374.a(CyLib.o)
 .text.CyEnableInts
                0x00000000        0xc .\CortexM0\ARM_GCC_541\Debug\374.a(CyLib.o)
 .text.CyIntGetState
                0x00000000       0x18 .\CortexM0\ARM_GCC_541\Debug\374.a(CyLib.o)
 .text.CyIntDisable
                0x00000000       0x14 .\CortexM0\ARM_GCC_541\Debug\374.a(CyLib.o)
 .text.CyIntSetPending
                0x00000000       0x14 .\CortexM0\ARM_GCC_541\Debug\374.a(CyLib.o)
 .text.CyIntClearPending
                0x00000000       0x14 .\CortexM0\ARM_GCC_541\Debug\374.a(CyLib.o)
 .text.CySysClkWriteEcoDiv
                0x00000000       0x38 .\CortexM0\ARM_GCC_541\Debug\374.a(CyLib.o)
 .text.CyIntSetSysVector
                0x00000000       0x20 .\CortexM0\ARM_GCC_541\Debug\374.a(CyLib.o)
 .text.CyIntGetSysVector
                0x00000000       0x1c .\CortexM0\ARM_GCC_541\Debug\374.a(CyLib.o)
 .text.CyIntGetVector
                0x00000000       0x20 .\CortexM0\ARM_GCC_541\Debug\374.a(CyLib.o)
 .text.CyIntSetPriority
                0x00000000       0x4c .\CortexM0\ARM_GCC_541\Debug\374.a(CyLib.o)
 .text.CyIntGetPriority
                0x00000000       0x2c .\CortexM0\ARM_GCC_541\Debug\374.a(CyLib.o)
 .text.CySoftwareReset
                0x00000000       0x18 .\CortexM0\ARM_GCC_541\Debug\374.a(CyLib.o)
 .text.CySysLvdEnable
                0x00000000       0x44 .\CortexM0\ARM_GCC_541\Debug\374.a(CyLib.o)
 .text.CyDelayFreq
                0x00000000       0x4c .\CortexM0\ARM_GCC_541\Debug\374.a(CyLib.o)
 .text.CySysTickStop
                0x00000000       0x10 .\CortexM0\ARM_GCC_541\Debug\374.a(CyLib.o)
 .text.CySysTickEnableInterrupt
                0x00000000       0x10 .\CortexM0\ARM_GCC_541\Debug\374.a(CyLib.o)
 .text.CySysTickEnable
                0x00000000       0x18 .\CortexM0\ARM_GCC_541\Debug\374.a(CyLib.o)
 .text.CySysTickDisableInterrupt
                0x00000000       0x10 .\CortexM0\ARM_GCC_541\Debug\374.a(CyLib.o)
 .text.CySysTickSetReload
                0x00000000       0x10 .\CortexM0\ARM_GCC_541\Debug\374.a(CyLib.o)
 .text.CySysTickGetReload
                0x00000000       0x10 .\CortexM0\ARM_GCC_541\Debug\374.a(CyLib.o)
 .text.CySysTickGetValue
                0x00000000       0x10 .\CortexM0\ARM_GCC_541\Debug\374.a(CyLib.o)
 .text.CySysTickSetClockSource
                0x00000000       0x20 .\CortexM0\ARM_GCC_541\Debug\374.a(CyLib.o)
 .text.CySysTickGetClockSource
                0x00000000       0x10 .\CortexM0\ARM_GCC_541\Debug\374.a(CyLib.o)
 .text.CySysTickGetCountFlag
                0x00000000       0x10 .\CortexM0\ARM_GCC_541\Debug\374.a(CyLib.o)
 .text.CySysTickServiceCallbacks
                0x00000000       0x28 .\CortexM0\ARM_GCC_541\Debug\374.a(CyLib.o)
 .text.CySysTickClear
                0x00000000        0xc .\CortexM0\ARM_GCC_541\Debug\374.a(CyLib.o)
 .text.CySysTickInit
                0x00000000       0x44 .\CortexM0\ARM_GCC_541\Debug\374.a(CyLib.o)
 .text.CySysTickStart
                0x00000000       0x20 .\CortexM0\ARM_GCC_541\Debug\374.a(CyLib.o)
 .text.CySysTickSetCallback
                0x00000000       0x10 .\CortexM0\ARM_GCC_541\Debug\374.a(CyLib.o)
 .text.CySysTickGetCallback
                0x00000000        0xc .\CortexM0\ARM_GCC_541\Debug\374.a(CyLib.o)
 .text.CyGetUniqueId
                0x00000000       0x70 .\CortexM0\ARM_GCC_541\Debug\374.a(CyLib.o)
 .text.CySysSetRamAccessArbPriority
                0x00000000       0x20 .\CortexM0\ARM_GCC_541\Debug\374.a(CyLib.o)
 .text.CySysSetFlashAccessArbPriority
                0x00000000       0x20 .\CortexM0\ARM_GCC_541\Debug\374.a(CyLib.o)
 .text.CySysSetDmacAccessArbPriority
                0x00000000       0x20 .\CortexM0\ARM_GCC_541\Debug\374.a(CyLib.o)
 .text.CySysSetPeripheralAccessArbPriority
                0x00000000       0x68 .\CortexM0\ARM_GCC_541\Debug\374.a(CyLib.o)
 .text          0x00000000        0x0 .\CortexM0\ARM_GCC_541\Debug\374.a(CyLFClk.o)
 .text.CySysClkIloEnabled
                0x00000000       0x14 .\CortexM0\ARM_GCC_541\Debug\374.a(CyLFClk.o)
 .text.CySysClkGetLfclkSource
                0x00000000       0x10 .\CortexM0\ARM_GCC_541\Debug\374.a(CyLFClk.o)
 .text.CySysClkIloStart
                0x00000000       0x14 .\CortexM0\ARM_GCC_541\Debug\374.a(CyLFClk.o)
 .text.CySysClkIloStartMeasurement
                0x00000000       0x5c .\CortexM0\ARM_GCC_541\Debug\374.a(CyLFClk.o)
 .text.CySysClkIloStopMeasurement
                0x00000000       0x14 .\CortexM0\ARM_GCC_541\Debug\374.a(CyLFClk.o)
 .text.CySysClkIloCompensate
                0x00000000      0x104 .\CortexM0\ARM_GCC_541\Debug\374.a(CyLFClk.o)
 .text.CySysClkIloUpdateTrimReg
                0x00000000       0xa8 .\CortexM0\ARM_GCC_541\Debug\374.a(CyLFClk.o)
 .text.CySysClkIloTrim
                0x00000000       0xd8 .\CortexM0\ARM_GCC_541\Debug\374.a(CyLFClk.o)
 .text.CySysClkIloRestoreFactoryTrim
                0x00000000       0x30 .\CortexM0\ARM_GCC_541\Debug\374.a(CyLFClk.o)
 .text.CySysClkWcoEnabled
                0x00000000       0x14 .\CortexM0\ARM_GCC_541\Debug\374.a(CyLFClk.o)
 .text.CySysClkWcoClockOutSelect
                0x00000000       0x2c .\CortexM0\ARM_GCC_541\Debug\374.a(CyLFClk.o)
 .text.CySysWdtGetEnabledStatus
                0x00000000       0x24 .\CortexM0\ARM_GCC_541\Debug\374.a(CyLFClk.o)
 .text.CySysWdtSetMode
                0x00000000       0x38 .\CortexM0\ARM_GCC_541\Debug\374.a(CyLFClk.o)
 .text.CySysClkLfclkPosedgeRestore
                0x00000000       0x2c .\CortexM0\ARM_GCC_541\Debug\374.a(CyLFClk.o)
 .text.CySysWdtGetMode
                0x00000000       0x14 .\CortexM0\ARM_GCC_541\Debug\374.a(CyLFClk.o)
 .text.CySysWdtSetClearOnMatch
                0x00000000       0x34 .\CortexM0\ARM_GCC_541\Debug\374.a(CyLFClk.o)
 .text.CySysWdtGetClearOnMatch
                0x00000000       0x24 .\CortexM0\ARM_GCC_541\Debug\374.a(CyLFClk.o)
 .text.CySysWdtEnable
                0x00000000       0x3c .\CortexM0\ARM_GCC_541\Debug\374.a(CyLFClk.o)
 .text.CySysWdtDisable
                0x00000000       0x44 .\CortexM0\ARM_GCC_541\Debug\374.a(CyLFClk.o)
 .text.CySysWdtSetCascade
                0x00000000       0x34 .\CortexM0\ARM_GCC_541\Debug\374.a(CyLFClk.o)
 .text.CySysWdtGetCascade
                0x00000000       0x14 .\CortexM0\ARM_GCC_541\Debug\374.a(CyLFClk.o)
 .text.CySysWdtSetMatch
                0x00000000       0x54 .\CortexM0\ARM_GCC_541\Debug\374.a(CyLFClk.o)
 .text.CySysWdtSetToggleBit
                0x00000000       0x30 .\CortexM0\ARM_GCC_541\Debug\374.a(CyLFClk.o)
 .text.CySysWdtGetToggleBit
                0x00000000       0x10 .\CortexM0\ARM_GCC_541\Debug\374.a(CyLFClk.o)
 .text.CySysWdtGetMatch
                0x00000000       0x20 .\CortexM0\ARM_GCC_541\Debug\374.a(CyLFClk.o)
 .text.CySysWdtGetCount
                0x00000000       0x3c .\CortexM0\ARM_GCC_541\Debug\374.a(CyLFClk.o)
 .text.CySysClkLfclkPosedgeCatch
                0x00000000       0x74 .\CortexM0\ARM_GCC_541\Debug\374.a(CyLFClk.o)
 .text.CySysClkIloStop
                0x00000000       0x4c .\CortexM0\ARM_GCC_541\Debug\374.a(CyLFClk.o)
 .text.CySysClkSetLfclkSource
                0x00000000       0x38 .\CortexM0\ARM_GCC_541\Debug\374.a(CyLFClk.o)
 .text.CySysClkWcoStop
                0x00000000       0x48 .\CortexM0\ARM_GCC_541\Debug\374.a(CyLFClk.o)
 .text.CySysWdtGetInterruptSource
                0x00000000       0x14 .\CortexM0\ARM_GCC_541\Debug\374.a(CyLFClk.o)
 .text.CySysWdtResetCounters
                0x00000000       0x20 .\CortexM0\ARM_GCC_541\Debug\374.a(CyLFClk.o)
 .text.CySysWdtSetInterruptCallback
                0x00000000       0x20 .\CortexM0\ARM_GCC_541\Debug\374.a(CyLFClk.o)
 .text.CySysWdtGetInterruptCallback
                0x00000000       0x20 .\CortexM0\ARM_GCC_541\Debug\374.a(CyLFClk.o)
 .text.CySysWdtEnableCounterIsr
                0x00000000       0x34 .\CortexM0\ARM_GCC_541\Debug\374.a(CyLFClk.o)
 .text.CySysWdtDisableCounterIsr
                0x00000000       0x28 .\CortexM0\ARM_GCC_541\Debug\374.a(CyLFClk.o)
 .text.CySysWatchdogFeed
                0x00000000       0x60 .\CortexM0\ARM_GCC_541\Debug\374.a(CyLFClk.o)
 .text.CySysTimerDelayUntilMatch
                0x00000000       0x6c .\CortexM0\ARM_GCC_541\Debug\374.a(CyLFClk.o)
 .text.CySysTimerDelay
                0x00000000       0x3c .\CortexM0\ARM_GCC_541\Debug\374.a(CyLFClk.o)
 .rodata        0x00000000        0xc .\CortexM0\ARM_GCC_541\Debug\374.a(CyLFClk.o)
 .data          0x00000000        0x0 .\CortexM0\ARM_GCC_541\Debug\374.a(CyBootAsmGnu.o)
 .bss           0x00000000        0x0 .\CortexM0\ARM_GCC_541\Debug\374.a(CyBootAsmGnu.o)
 .text          0x00000000      0x114 c:/program files (x86)/cypress/psoc creator/4.4/psoc creator/import/gnu/arm/5.4.1/bin/../lib/gcc/arm-none-eabi/5.4.1/armv6-m\libgcc.a(_udivsi3.o)
 .data          0x00000000        0x0 c:/program files (x86)/cypress/psoc creator/4.4/psoc creator/import/gnu/arm/5.4.1/bin/../lib/gcc/arm-none-eabi/5.4.1/armv6-m\libgcc.a(_udivsi3.o)
 .bss           0x00000000        0x0 c:/program files (x86)/cypress/psoc creator/4.4/psoc creator/import/gnu/arm/5.4.1/bin/../lib/gcc/arm-none-eabi/5.4.1/armv6-m\libgcc.a(_udivsi3.o)
 .text          0x00000000      0x1d4 c:/program files (x86)/cypress/psoc creator/4.4/psoc creator/import/gnu/arm/5.4.1/bin/../lib/gcc/arm-none-eabi/5.4.1/armv6-m\libgcc.a(_divsi3.o)
 .data          0x00000000        0x0 c:/program files (x86)/cypress/psoc creator/4.4/psoc creator/import/gnu/arm/5.4.1/bin/../lib/gcc/arm-none-eabi/5.4.1/armv6-m\libgcc.a(_divsi3.o)
 .bss           0x00000000        0x0 c:/program files (x86)/cypress/psoc creator/4.4/psoc creator/import/gnu/arm/5.4.1/bin/../lib/gcc/arm-none-eabi/5.4.1/armv6-m\libgcc.a(_divsi3.o)
 .text          0x00000000        0x4 c:/program files (x86)/cypress/psoc creator/4.4/psoc creator/import/gnu/arm/5.4.1/bin/../lib/gcc/arm-none-eabi/5.4.1/armv6-m\libgcc.a(_dvmd_tls.o)
 .data          0x00000000        0x0 c:/program files (x86)/cypress/psoc creator/4.4/psoc creator/import/gnu/arm/5.4.1/bin/../lib/gcc/arm-none-eabi/5.4.1/armv6-m\libgcc.a(_dvmd_tls.o)
 .bss           0x00000000        0x0 c:/program files (x86)/cypress/psoc creator/4.4/psoc creator/import/gnu/arm/5.4.1/bin/../lib/gcc/arm-none-eabi/5.4.1/armv6-m\libgcc.a(_dvmd_tls.o)
 .text          0x00000000        0x0 c:/program files (x86)/cypress/psoc creator/4.4/psoc creator/import/gnu/arm/5.4.1/bin/../lib/gcc/arm-none-eabi/5.4.1/../../../../arm-none-eabi/lib/armv6-m\libg_nano.a(lib_a-errno.o)
 .data          0x00000000        0x0 c:/program files (x86)/cypress/psoc creator/4.4/psoc creator/import/gnu/arm/5.4.1/bin/../lib/gcc/arm-none-eabi/5.4.1/../../../../arm-none-eabi/lib/armv6-m\libg_nano.a(lib_a-errno.o)
 .bss           0x00000000        0x0 c:/program files (x86)/cypress/psoc creator/4.4/psoc creator/import/gnu/arm/5.4.1/bin/../lib/gcc/arm-none-eabi/5.4.1/../../../../arm-none-eabi/lib/armv6-m\libg_nano.a(lib_a-errno.o)
 .text          0x00000000        0x0 c:/program files (x86)/cypress/psoc creator/4.4/psoc creator/import/gnu/arm/5.4.1/bin/../lib/gcc/arm-none-eabi/5.4.1/../../../../arm-none-eabi/lib/armv6-m\libg_nano.a(lib_a-exit.o)
 .data          0x00000000        0x0 c:/program files (x86)/cypress/psoc creator/4.4/psoc creator/import/gnu/arm/5.4.1/bin/../lib/gcc/arm-none-eabi/5.4.1/../../../../arm-none-eabi/lib/armv6-m\libg_nano.a(lib_a-exit.o)
 .bss           0x00000000        0x0 c:/program files (x86)/cypress/psoc creator/4.4/psoc creator/import/gnu/arm/5.4.1/bin/../lib/gcc/arm-none-eabi/5.4.1/../../../../arm-none-eabi/lib/armv6-m\libg_nano.a(lib_a-exit.o)
 .text.exit     0x00000000       0x2c c:/program files (x86)/cypress/psoc creator/4.4/psoc creator/import/gnu/arm/5.4.1/bin/../lib/gcc/arm-none-eabi/5.4.1/../../../../arm-none-eabi/lib/armv6-m\libg_nano.a(lib_a-exit.o)
 .text          0x00000000        0x0 c:/program files (x86)/cypress/psoc creator/4.4/psoc creator/import/gnu/arm/5.4.1/bin/../lib/gcc/arm-none-eabi/5.4.1/../../../../arm-none-eabi/lib/armv6-m\libg_nano.a(lib_a-impure.o)
 .data          0x00000000        0x0 c:/program files (x86)/cypress/psoc creator/4.4/psoc creator/import/gnu/arm/5.4.1/bin/../lib/gcc/arm-none-eabi/5.4.1/../../../../arm-none-eabi/lib/armv6-m\libg_nano.a(lib_a-impure.o)
 .bss           0x00000000        0x0 c:/program files (x86)/cypress/psoc creator/4.4/psoc creator/import/gnu/arm/5.4.1/bin/../lib/gcc/arm-none-eabi/5.4.1/../../../../arm-none-eabi/lib/armv6-m\libg_nano.a(lib_a-impure.o)
 .rodata._global_impure_ptr
                0x00000000        0x4 c:/program files (x86)/cypress/psoc creator/4.4/psoc creator/import/gnu/arm/5.4.1/bin/../lib/gcc/arm-none-eabi/5.4.1/../../../../arm-none-eabi/lib/armv6-m\libg_nano.a(lib_a-impure.o)
 .text          0x00000000        0x0 c:/program files (x86)/cypress/psoc creator/4.4/psoc creator/import/gnu/arm/5.4.1/bin/../lib/gcc/arm-none-eabi/5.4.1/../../../../arm-none-eabi/lib/armv6-m\libg_nano.a(lib_a-init.o)
 .data          0x00000000        0x0 c:/program files (x86)/cypress/psoc creator/4.4/psoc creator/import/gnu/arm/5.4.1/bin/../lib/gcc/arm-none-eabi/5.4.1/../../../../arm-none-eabi/lib/armv6-m\libg_nano.a(lib_a-init.o)
 .bss           0x00000000        0x0 c:/program files (x86)/cypress/psoc creator/4.4/psoc creator/import/gnu/arm/5.4.1/bin/../lib/gcc/arm-none-eabi/5.4.1/../../../../arm-none-eabi/lib/armv6-m\libg_nano.a(lib_a-init.o)
 .text          0x00000000        0x0 c:/program files (x86)/cypress/psoc creator/4.4/psoc creator/import/gnu/arm/5.4.1/bin/../lib/gcc/arm-none-eabi/5.4.1/../../../../arm-none-eabi/lib/armv6-m\libg_nano.a(lib_a-memset.o)
 .data          0x00000000        0x0 c:/program files (x86)/cypress/psoc creator/4.4/psoc creator/import/gnu/arm/5.4.1/bin/../lib/gcc/arm-none-eabi/5.4.1/../../../../arm-none-eabi/lib/armv6-m\libg_nano.a(lib_a-memset.o)
 .bss           0x00000000        0x0 c:/program files (x86)/cypress/psoc creator/4.4/psoc creator/import/gnu/arm/5.4.1/bin/../lib/gcc/arm-none-eabi/5.4.1/../../../../arm-none-eabi/lib/armv6-m\libg_nano.a(lib_a-memset.o)
 .text          0x00000000        0x0 c:/program files (x86)/cypress/psoc creator/4.4/psoc creator/import/gnu/arm/5.4.1/bin/../lib/gcc/arm-none-eabi/5.4.1/armv6-m/crtend.o
 .data          0x00000000        0x0 c:/program files (x86)/cypress/psoc creator/4.4/psoc creator/import/gnu/arm/5.4.1/bin/../lib/gcc/arm-none-eabi/5.4.1/armv6-m/crtend.o
 .bss           0x00000000        0x0 c:/program files (x86)/cypress/psoc creator/4.4/psoc creator/import/gnu/arm/5.4.1/bin/../lib/gcc/arm-none-eabi/5.4.1/armv6-m/crtend.o
 .text          0x00000000        0x0 c:/program files (x86)/cypress/psoc creator/4.4/psoc creator/import/gnu/arm/5.4.1/bin/../lib/gcc/arm-none-eabi/5.4.1/armv6-m/crtn.o
 .data          0x00000000        0x0 c:/program files (x86)/cypress/psoc creator/4.4/psoc creator/import/gnu/arm/5.4.1/bin/../lib/gcc/arm-none-eabi/5.4.1/armv6-m/crtn.o
 .bss           0x00000000        0x0 c:/program files (x86)/cypress/psoc creator/4.4/psoc creator/import/gnu/arm/5.4.1/bin/../lib/gcc/arm-none-eabi/5.4.1/armv6-m/crtn.o

Memory Configuration

Name             Origin             Length             Attributes
rom              0x00000000         0x00040000         xr
ram              0x20000000         0x00008000         xrw
*default*        0x00000000         0xffffffff

Linker script and memory map

LOAD c:/program files (x86)/cypress/psoc creator/4.4/psoc creator/import/gnu/arm/5.4.1/bin/../lib/gcc/arm-none-eabi/5.4.1/armv6-m/crti.o
LOAD c:/program files (x86)/cypress/psoc creator/4.4/psoc creator/import/gnu/arm/5.4.1/bin/../lib/gcc/arm-none-eabi/5.4.1/armv6-m/crtbegin.o
LOAD c:/program files (x86)/cypress/psoc creator/4.4/psoc creator/import/gnu/arm/5.4.1/bin/../lib/gcc/arm-none-eabi/5.4.1/../../../../arm-none-eabi/lib/armv6-m/crt0.o
START GROUP
LOAD .\CortexM0\ARM_GCC_541\Debug\main.o
LOAD .\CortexM0\ARM_GCC_541\Debug\cyfitter_cfg.o
LOAD .\CortexM0\ARM_GCC_541\Debug\cymetadata.o
LOAD .\CortexM0\ARM_GCC_541\Debug\Cm0Start.o
LOAD .\CortexM0\ARM_GCC_541\Debug\374.a
END GROUP
START GROUP
LOAD c:/program files (x86)/cypress/psoc creator/4.4/psoc creator/import/gnu/arm/5.4.1/bin/../lib/gcc/arm-none-eabi/5.4.1/armv6-m\libgcc.a
LOAD c:/program files (x86)/cypress/psoc creator/4.4/psoc creator/import/gnu/arm/5.4.1/bin/../lib/gcc/arm-none-eabi/5.4.1/../../../../arm-none-eabi/lib/armv6-m\libg_nano.a
LOAD c:/program files (x86)/cypress/psoc creator/4.4/psoc creator/import/gnu/arm/5.4.1/bin/../lib/gcc/arm-none-eabi/5.4.1/../../../../arm-none-eabi/lib/armv6-m\libc_nano.a
END GROUP
START GROUP
LOAD c:/program files (x86)/cypress/psoc creator/4.4/psoc creator/import/gnu/arm/5.4.1/bin/../lib/gcc/arm-none-eabi/5.4.1/armv6-m\libgcc.a
LOAD c:/program files (x86)/cypress/psoc creator/4.4/psoc creator/import/gnu/arm/5.4.1/bin/../lib/gcc/arm-none-eabi/5.4.1/../../../../arm-none-eabi/lib/armv6-m\libc_nano.a
END GROUP
LOAD c:/program files (x86)/cypress/psoc creator/4.4/psoc creator/import/gnu/arm/5.4.1/bin/../lib/gcc/arm-none-eabi/5.4.1/armv6-m/crtend.o
LOAD c:/program files (x86)/cypress/psoc creator/4.4/psoc creator/import/gnu/arm/5.4.1/bin/../lib/gcc/arm-none-eabi/5.4.1/armv6-m/crtn.o
START GROUP
LOAD c:/program files (x86)/cypress/psoc creator/4.4/psoc creator/import/gnu/arm/5.4.1/bin/../lib/gcc/arm-none-eabi/5.4.1/armv6-m\libgcc.a
LOAD c:/program files (x86)/cypress/psoc creator/4.4/psoc creator/import/gnu/arm/5.4.1/bin/../lib/gcc/arm-none-eabi/5.4.1/../../../../arm-none-eabi/lib/armv6-m\libc.a
LOAD c:/program files (x86)/cypress/psoc creator/4.4/psoc creator/import/gnu/arm/5.4.1/bin/../lib/gcc/arm-none-eabi/5.4.1/../../../../arm-none-eabi/lib/armv6-m\libnosys.a
END GROUP
                0x00000000                CY_APPL_ORIGIN = 0x0
                0x00000100                CY_FLASH_ROW_SIZE = 0x100
                0x00000001                CY_APPL_NUM = 0x1
                0x00000001                CY_APPL_MAX = 0x1
                0x00000040                CY_METADATA_SIZE = 0x40
                0x00000000                CY_APPL_LOADABLE = 0x0
                0x00000000                CY_CHECKSUM_EXCLUDE_SIZE = ALIGN (0x0, CY_FLASH_ROW_SIZE)
                0x00000000                CY_APP_FOR_STACK_AND_COPIER = 0x0
                [!provide]                PROVIDE (__cy_heap_start, _end)
                0x00000001                PROVIDE (__cy_region_num, ((__cy_regions_end - __cy_regions) / 0x10))
                0x20008000                PROVIDE (__cy_stack, (ORIGIN (ram) + LENGTH (ram)))
                [!provide]                PROVIDE (__cy_heap_end, (__cy_stack - 0x800))

.cybootloader   0x00000000        0x0
 *(.cybootloader)
                0x00000000                appl1_start = CY_APPL_ORIGIN?CY_APPL_ORIGIN:ALIGN (CY_FLASH_ROW_SIZE)
                0x0001ff00                appl2_start = (appl1_start + ALIGN ((((LENGTH (rom) - appl1_start) - (0x2 * CY_FLASH_ROW_SIZE)) / 0x2), CY_FLASH_ROW_SIZE))
                0x00000000                appl_start = (CY_APPL_NUM == 0x1)?appl1_start:appl2_start
                0x00000001                cy_project_type_bootloader = (appl_start == 0x0)?0x1:0x0
                0x00000000                cy_project_type_app_for_stack_and_copier = (CY_APP_FOR_STACK_AND_COPIER == 0x1)?0x1:0x0

.text           0x00000000      0xbc8
 CREATE_OBJECT_SYMBOLS
                0x00000000                PROVIDE (__cy_interrupt_vector, RomVectors)
 *(.romvectors)
 .romvectors    0x00000000       0x10 .\CortexM0\ARM_GCC_541\Debug\Cm0Start.o
                0x00000000                RomVectors
                0x00000001                ASSERT ((. != __cy_interrupt_vector), No interrupt vector)
                0x00000001                ASSERT (CY_APPL_ORIGIN?(SIZEOF (.cybootloader) <= CY_APPL_ORIGIN):0x1, Wrong image location)
                0x00000010                PROVIDE (__cy_reset, Reset)
 *(.text.Reset)
 .text.Reset    0x00000010        0x8 .\CortexM0\ARM_GCC_541\Debug\Cm0Start.o
                0x00000010                Reset
                0x00000001                ASSERT ((. != __cy_reset), No reset code)
 *(.psocinit)
 .psocinit      0x00000018      0x170 .\CortexM0\ARM_GCC_541\Debug\cyfitter_cfg.o
                0x000000cc                cyfitter_cfg
                0x00000188                . = MAX (., 0x100)
 *(.text .text.* .gnu.linkonce.t.*)
 .text          0x00000188       0x60 c:/program files (x86)/cypress/psoc creator/4.4/psoc creator/import/gnu/arm/5.4.1/bin/../lib/gcc/arm-none-eabi/5.4.1/armv6-m/crtbegin.o
 .text.clock_rising_edge
                0x000001e8       0x28 .\CortexM0\ARM_GCC_541\Debug\main.o
                0x000001e8                clock_rising_edge
 .text.test_74374
                0x00000210      0x1e4 .\CortexM0\ARM_GCC_541\Debug\main.o
                0x00000210                test_74374
 .text.main     0x000003f4       0x80 .\CortexM0\ARM_GCC_541\Debug\main.o
                0x000003f4                main
 .text.AnalogSetDefault
                0x00000474       0x20 .\CortexM0\ARM_GCC_541\Debug\cyfitter_cfg.o
 .text.CYMEMZERO
                0x00000494        0xc .\CortexM0\ARM_GCC_541\Debug\cyfitter_cfg.o
 .text.IntDefaultHandler
                0x000004a0       0x10 .\CortexM0\ARM_GCC_541\Debug\Cm0Start.o
                0x000004a0                IntDefaultHandler
 .text.Start_c  0x000004b0       0x48 .\CortexM0\ARM_GCC_541\Debug\Cm0Start.o
                0x000004b0                Start_c
 .text.initialize_psoc
                0x000004f8       0x4c .\CortexM0\ARM_GCC_541\Debug\Cm0Start.o
                0x000004f8                initialize_psoc
 .text.D0_Write
                0x00000544       0x18 .\CortexM0\ARM_GCC_541\Debug\374.a(D0.o)
                0x00000544                D0_Write
 .text.D1_Write
                0x0000055c       0x18 .\CortexM0\ARM_GCC_541\Debug\374.a(D1.o)
                0x0000055c                D1_Write
 .text.D2_Write
                0x00000574       0x18 .\CortexM0\ARM_GCC_541\Debug\374.a(D2.o)
                0x00000574                D2_Write
 .text.D3_Write
                0x0000058c       0x18 .\CortexM0\ARM_GCC_541\Debug\374.a(D3.o)
                0x0000058c                D3_Write
 .text.D4_Write
                0x000005a4       0x18 .\CortexM0\ARM_GCC_541\Debug\374.a(D4.o)
                0x000005a4                D4_Write
 .text.D5_Write
                0x000005bc       0x18 .\CortexM0\ARM_GCC_541\Debug\374.a(D5.o)
                0x000005bc                D5_Write
 .text.D6_Write
                0x000005d4       0x18 .\CortexM0\ARM_GCC_541\Debug\374.a(D6.o)
                0x000005d4                D6_Write
 .text.D7_Write
                0x000005ec       0x18 .\CortexM0\ARM_GCC_541\Debug\374.a(D7.o)
                0x000005ec                D7_Write
 .text.CK_Write
                0x00000604       0x18 .\CortexM0\ARM_GCC_541\Debug\374.a(CK.o)
                0x00000604                CK_Write
 .text.OE_Write
                0x0000061c       0x18 .\CortexM0\ARM_GCC_541\Debug\374.a(OE.o)
                0x0000061c                OE_Write
 .text.Q0_Read  0x00000634       0x10 .\CortexM0\ARM_GCC_541\Debug\374.a(Q0.o)
                0x00000634                Q0_Read
 .text.Q1_Read  0x00000644       0x10 .\CortexM0\ARM_GCC_541\Debug\374.a(Q1.o)
                0x00000644                Q1_Read
 .text.Q2_Read  0x00000654       0x10 .\CortexM0\ARM_GCC_541\Debug\374.a(Q2.o)
                0x00000654                Q2_Read
 .text.Q3_Read  0x00000664       0x10 .\CortexM0\ARM_GCC_541\Debug\374.a(Q3.o)
                0x00000664                Q3_Read
 .text.Q4_Read  0x00000674       0x10 .\CortexM0\ARM_GCC_541\Debug\374.a(Q4.o)
                0x00000674                Q4_Read
 .text.Q5_Read  0x00000684       0x10 .\CortexM0\ARM_GCC_541\Debug\374.a(Q5.o)
                0x00000684                Q5_Read
 .text.Q6_Read  0x00000694       0x10 .\CortexM0\ARM_GCC_541\Debug\374.a(Q6.o)
                0x00000694                Q6_Read
 .text.Q7_Read  0x000006a4       0x10 .\CortexM0\ARM_GCC_541\Debug\374.a(Q7.o)
                0x000006a4                Q7_Read
 .text.LED_OK_Write
                0x000006b4       0x18 .\CortexM0\ARM_GCC_541\Debug\374.a(LED_OK.o)
                0x000006b4                LED_OK_Write
 .text.LED_FAIL_Write
                0x000006cc       0x18 .\CortexM0\ARM_GCC_541\Debug\374.a(LED_FAIL.o)
                0x000006cc                LED_FAIL_Write
 .text.CySysClkEcoReadStatus
                0x000006e4       0x10 .\CortexM0\ARM_GCC_541\Debug\374.a(CyLib.o)
                0x000006e4                CySysClkEcoReadStatus
 .text.CyIntEnable
                0x000006f4       0x14 .\CortexM0\ARM_GCC_541\Debug\374.a(CyLib.o)
                0x000006f4                CyIntEnable
 .text.CyHalt   0x00000708        0x4 .\CortexM0\ARM_GCC_541\Debug\374.a(CyLib.o)
                0x00000708                CyHalt
 .text.CyIntSetVector
                0x0000070c       0x24 .\CortexM0\ARM_GCC_541\Debug\374.a(CyLib.o)
                0x0000070c                CyIntSetVector
 .text.CyDelay  0x00000730       0x30 .\CortexM0\ARM_GCC_541\Debug\374.a(CyLib.o)
                0x00000730                CyDelay
 .text.CyDelayUs
                0x00000760       0x14 .\CortexM0\ARM_GCC_541\Debug\374.a(CyLib.o)
                0x00000760                CyDelayUs
 .text.CySysClkWriteImoFreq
                0x00000774      0x164 .\CortexM0\ARM_GCC_541\Debug\374.a(CyLib.o)
                0x00000774                CySysClkWriteImoFreq
 .text.CySysClkEcoStart
                0x000008d8       0x54 .\CortexM0\ARM_GCC_541\Debug\374.a(CyLib.o)
                0x000008d8                CySysClkEcoStart
 .text.CySysWdtLocked
                0x0000092c       0x14 .\CortexM0\ARM_GCC_541\Debug\374.a(CyLFClk.o)
 .text.CySysClkWcoStart
                0x00000940       0x40 .\CortexM0\ARM_GCC_541\Debug\374.a(CyLFClk.o)
                0x00000940                CySysClkWcoStart
 .text.CySysClkWcoSetPowerMode
                0x00000980       0x80 .\CortexM0\ARM_GCC_541\Debug\374.a(CyLFClk.o)
                0x00000980                CySysClkWcoSetPowerMode
 .text.CySysWdtLock
                0x00000a00       0x1c .\CortexM0\ARM_GCC_541\Debug\374.a(CyLFClk.o)
                0x00000a00                CySysWdtLock
 .text.CySysWdtUnlock
                0x00000a1c       0x30 .\CortexM0\ARM_GCC_541\Debug\374.a(CyLFClk.o)
                0x00000a1c                CySysWdtUnlock
 .text.CySysWdtClearInterrupt
                0x00000a4c       0x4c .\CortexM0\ARM_GCC_541\Debug\374.a(CyLFClk.o)
                0x00000a4c                CySysWdtClearInterrupt
 .text.CySysWdtIsr
                0x00000a98       0xa4 .\CortexM0\ARM_GCC_541\Debug\374.a(CyLFClk.o)
                0x00000a98                CySysWdtIsr
 *fill*         0x00000b3c        0x4 
 .text          0x00000b40       0x20 .\CortexM0\ARM_GCC_541\Debug\374.a(CyBootAsmGnu.o)
                0x00000b40                CyDelayCycles
                0x00000b52                CyEnterCriticalSection
                0x00000b5a                CyExitCriticalSection
 .text.__errno  0x00000b60        0xc c:/program files (x86)/cypress/psoc creator/4.4/psoc creator/import/gnu/arm/5.4.1/bin/../lib/gcc/arm-none-eabi/5.4.1/../../../../arm-none-eabi/lib/armv6-m\libg_nano.a(lib_a-errno.o)
                0x00000b60                __errno
 .text.__libc_init_array
                0x00000b6c       0x4c c:/program files (x86)/cypress/psoc creator/4.4/psoc creator/import/gnu/arm/5.4.1/bin/../lib/gcc/arm-none-eabi/5.4.1/../../../../arm-none-eabi/lib/armv6-m\libg_nano.a(lib_a-init.o)
                0x00000b6c                __libc_init_array
 .text.memset   0x00000bb8       0x10 c:/program files (x86)/cypress/psoc creator/4.4/psoc creator/import/gnu/arm/5.4.1/bin/../lib/gcc/arm-none-eabi/5.4.1/../../../../arm-none-eabi/lib/armv6-m\libg_nano.a(lib_a-memset.o)
                0x00000bb8                memset
 *(.plt)
 *(.gnu.warning)
 *(.glue_7t)
 .glue_7t       0x00000bc8        0x0 linker stubs
 *(.glue_7)
 .glue_7        0x00000bc8        0x0 linker stubs
 *(.vfp11_veneer)
 .vfp11_veneer  0x00000bc8        0x0 linker stubs
 *(.bootloader)
 *(.ARM.extab* .gnu.linkonce.armextab.*)
 *(.gcc_except_table)

.v4_bx          0x00000bc8        0x0
 .v4_bx         0x00000bc8        0x0 linker stubs

.iplt           0x00000bc8        0x0
 .iplt          0x00000bc8        0x0 c:/program files (x86)/cypress/psoc creator/4.4/psoc creator/import/gnu/arm/5.4.1/bin/../lib/gcc/arm-none-eabi/5.4.1/armv6-m/crtbegin.o

.eh_frame_hdr
 *(.eh_frame_hdr)

.eh_frame       0x00000bc8        0x4
 *(.eh_frame)
 .eh_frame      0x00000bc8        0x0 c:/program files (x86)/cypress/psoc creator/4.4/psoc creator/import/gnu/arm/5.4.1/bin/../lib/gcc/arm-none-eabi/5.4.1/armv6-m/crtbegin.o
 .eh_frame      0x00000bc8        0x4 c:/program files (x86)/cypress/psoc creator/4.4/psoc creator/import/gnu/arm/5.4.1/bin/../lib/gcc/arm-none-eabi/5.4.1/armv6-m/crtend.o
                [!provide]                PROVIDE (__exidx_start, .)

.ARM.exidx
 *(.ARM.exidx* .gnu.linkonce.armexidx.*)
                0x00000bcc                __exidx_end = .

.rodata         0x00000bcc       0x74
 *(.rodata .rodata.* .gnu.linkonce.r.*)
 .rodata        0x00000bcc        0xc .\CortexM0\ARM_GCC_541\Debug\cyfitter_cfg.o
 .rodata        0x00000bd8       0x2e .\CortexM0\ARM_GCC_541\Debug\374.a(CyLib.o)
                0x00000bd8                cyImoFreqMhz2Reg
 .rodata.str1.1
                0x00000c06        0x2 c:/program files (x86)/cypress/psoc creator/4.4/psoc creator/import/gnu/arm/5.4.1/bin/../lib/gcc/arm-none-eabi/5.4.1/../../../../arm-none-eabi/lib/armv6-m\libg_nano.a(lib_a-impure.o)
                0x00000c08                . = ALIGN (0x4)
 *(.init)
 .init          0x00000c08        0x4 c:/program files (x86)/cypress/psoc creator/4.4/psoc creator/import/gnu/arm/5.4.1/bin/../lib/gcc/arm-none-eabi/5.4.1/armv6-m/crti.o
                0x00000c08                _init
 .init          0x00000c0c        0x8 c:/program files (x86)/cypress/psoc creator/4.4/psoc creator/import/gnu/arm/5.4.1/bin/../lib/gcc/arm-none-eabi/5.4.1/armv6-m/crtn.o
                0x00000c14                . = ALIGN (0x4)
                0x00000c14                __preinit_array_start = .
 *(.preinit_array)
                0x00000c14                __preinit_array_end = .
                0x00000c14                . = ALIGN (0x4)
                0x00000c14                __init_array_start = .
 *(SORT(.init_array.*))
 *(.init_array)
 .init_array    0x00000c14        0x4 c:/program files (x86)/cypress/psoc creator/4.4/psoc creator/import/gnu/arm/5.4.1/bin/../lib/gcc/arm-none-eabi/5.4.1/armv6-m/crtbegin.o
 .init_array    0x00000c18        0x4 .\CortexM0\ARM_GCC_541\Debug\Cm0Start.o
                0x00000c1c                __init_array_end = .
                0x00000c1c                . = ALIGN (0x4)
 *(.fini)
 .fini          0x00000c1c        0x4 c:/program files (x86)/cypress/psoc creator/4.4/psoc creator/import/gnu/arm/5.4.1/bin/../lib/gcc/arm-none-eabi/5.4.1/armv6-m/crti.o
                0x00000c1c                _fini
 .fini          0x00000c20        0x8 c:/program files (x86)/cypress/psoc creator/4.4/psoc creator/import/gnu/arm/5.4.1/bin/../lib/gcc/arm-none-eabi/5.4.1/armv6-m/crtn.o
                0x00000c28                . = ALIGN (0x4)
                0x00000c28                __fini_array_start = .
 *(.fini_array)
 .fini_array    0x00000c28        0x4 c:/program files (x86)/cypress/psoc creator/4.4/psoc creator/import/gnu/arm/5.4.1/bin/../lib/gcc/arm-none-eabi/5.4.1/armv6-m/crtbegin.o
 *(SORT(.fini_array.*))
                0x00000c2c                __fini_array_end = .
                0x00000c2c                . = ALIGN (0x4)
 *crtbegin.o(.ctors)
 *(EXCLUDE_FILE(*crtend.o) .ctors)
 *(SORT(.ctors.*))
 *crtend.o(.ctors)
                0x00000c2c                . = ALIGN (0x4)
 *crtbegin.o(.dtors)
 *(EXCLUDE_FILE(*crtend.o) .dtors)
 *(SORT(.dtors.*))
 *crtend.o(.dtors)
                0x00000c2c                . = ALIGN (0x4)
                0x00000c2c                __cy_regions = .
                0x00000c2c        0x4 LONG 0xc40 __cy_region_init_ram
                0x00000c30        0x4 LONG 0x200000c0 __cy_region_start_data
                0x00000c34        0x4 LONG 0x88 __cy_region_init_size_ram
                0x00000c38        0x4 LONG 0x48 __cy_region_zero_size_ram
                0x00000c3c                __cy_regions_end = .
                0x00000c40                . = ALIGN (0x8)
 *fill*         0x00000c3c        0x4 
                0x00000c40                _etext = .

.cy_checksum_exclude
                0x00000c40        0x0
 *(.cy_checksum_exclude)

.ramvectors     0x20000000       0xc0
                0x20000000                __cy_region_start_ram = .
 *(.ramvectors)
 .ramvectors    0x20000000       0xc0 .\CortexM0\ARM_GCC_541\Debug\Cm0Start.o
                0x20000000                CyRamVectors

.noinit
 *(.noinit)

.data           0x200000c0       0x88 load address 0x00000c40
                0x200000c0                __cy_region_start_data = .
 *(.jcr)
 .jcr           0x200000c0        0x0 c:/program files (x86)/cypress/psoc creator/4.4/psoc creator/import/gnu/arm/5.4.1/bin/../lib/gcc/arm-none-eabi/5.4.1/armv6-m/crtbegin.o
 .jcr           0x200000c0        0x4 c:/program files (x86)/cypress/psoc creator/4.4/psoc creator/import/gnu/arm/5.4.1/bin/../lib/gcc/arm-none-eabi/5.4.1/armv6-m/crtend.o
 *(.got.plt)
 *(.got)
 *(.shdata)
 *(.data .data.* .gnu.linkonce.d.*)
 .data          0x200000c4       0x14 .\CortexM0\ARM_GCC_541\Debug\374.a(CyLib.o)
                0x200000c4                CySysClkPumpConfig
                0x200000c8                cydelay32kMs
                0x200000cc                cydelayFreqKhz
                0x200000d0                cydelayFreqMhz
                0x200000d4                cydelayFreqHz
 .data          0x200000d8        0x8 .\CortexM0\ARM_GCC_541\Debug\374.a(CyLFClk.o)
 .data.impure_data
                0x200000e0       0x60 c:/program files (x86)/cypress/psoc creator/4.4/psoc creator/import/gnu/arm/5.4.1/bin/../lib/gcc/arm-none-eabi/5.4.1/../../../../arm-none-eabi/lib/armv6-m\libg_nano.a(lib_a-impure.o)
 .data._impure_ptr
                0x20000140        0x4 c:/program files (x86)/cypress/psoc creator/4.4/psoc creator/import/gnu/arm/5.4.1/bin/../lib/gcc/arm-none-eabi/5.4.1/../../../../arm-none-eabi/lib/armv6-m\libg_nano.a(lib_a-impure.o)
                0x20000140                _impure_ptr
                0x20000148                . = ALIGN (0x8)
 *fill*         0x20000144        0x4 
 *(.ram)
                0x20000148                _edata = .

.igot.plt       0x20000148        0x0 load address 0x00000cc8
 .igot.plt      0x20000148        0x0 c:/program files (x86)/cypress/psoc creator/4.4/psoc creator/import/gnu/arm/5.4.1/bin/../lib/gcc/arm-none-eabi/5.4.1/armv6-m/crtbegin.o

.bss            0x20000148       0x48 load address 0x00000cc8
                0x20000148                PROVIDE (__bss_start__, .)
 *(.shbss)
 *(.bss .bss.* .gnu.linkonce.b.*)
 .bss           0x20000148       0x1c c:/program files (x86)/cypress/psoc creator/4.4/psoc creator/import/gnu/arm/5.4.1/bin/../lib/gcc/arm-none-eabi/5.4.1/armv6-m/crtbegin.o
 .bss           0x20000164       0x28 .\CortexM0\ARM_GCC_541\Debug\374.a(CyLFClk.o)
 *(COMMON)
                0x20000190                . = ALIGN (0x8)
 *fill*         0x2000018c        0x4 
 *(.ram.b)
                0x20000190                _end = .
                0x20000190                __end = .
                0x20000190                PROVIDE (end, .)
                0x20000190                PROVIDE (__bss_end__, .)
                0x00000c40                __cy_region_init_ram = LOADADDR (.data)
                0x00000088                __cy_region_init_size_ram = (_edata - ADDR (.data))
                0x00000048                __cy_region_zero_size_ram = (_end - _edata)

.heap           0x20000190       0x80 load address 0x00000cc8
                0x20000190                . = _end
                0x20000210                . = (. + 0x80)
 *fill*         0x20000190       0x80 
                0x20000210                __cy_heap_limit = .

.stack          0x20007800      0x800
                0x20007800                __cy_stack_limit = .
                0x20008000                . = (. + 0x800)
 *fill*         0x20007800      0x800 
                0x00000001                ASSERT ((__cy_stack_limit >= __cy_heap_limit), region RAM overflowed with stack)
                0x00000000                cy_checksum_exclude_size = (CY_APPL_LOADABLE == 0x1)?SIZEOF (.cy_checksum_exclude):0x0
                0x00000001                ASSERT ((cy_checksum_exclude_size <= CY_CHECKSUM_EXCLUDE_SIZE), CY_BOOT: Section .cy_checksum_exclude size exceedes specified limit.)
                0x0003ffc0                cyloadermeta_start = (cy_project_type_bootloader || cy_project_type_app_for_stack_and_copier)?(LENGTH (rom) - CY_METADATA_SIZE):0xf0000000

.cyloadermeta
 *(.cyloadermeta)
                0x0003ffc0                cyloadablemeta_start = cy_project_type_app_for_stack_and_copier?((LENGTH (rom) - CY_FLASH_ROW_SIZE) - CY_METADATA_SIZE):((LENGTH (rom) - (CY_FLASH_ROW_SIZE * (CY_APPL_NUM - 0x1))) - CY_METADATA_SIZE)

.cyloadablemeta
 *(.cyloadablemeta)

.cyflashprotect
                0x90400000       0x80
 *(.cyflashprotect)
 .cyflashprotect
                0x90400000       0x80 .\CortexM0\ARM_GCC_541\Debug\cymetadata.o
                0x90400000                cy_meta_flashprotect

.cymeta         0x90500000        0xc
 *(.cymeta)
 .cymeta        0x90500000        0xc .\CortexM0\ARM_GCC_541\Debug\cymetadata.o
                0x90500000                cy_metadata

.cychipprotect  0x90600000        0x1
 *(.cychipprotect)
 .cychipprotect
                0x90600000        0x1 .\CortexM0\ARM_GCC_541\Debug\cymetadata.o
                0x90600000                cy_meta_chipprotect

.rel.dyn        0x00000cc8        0x0 load address 0x90600004
 .rel.iplt      0x00000cc8        0x0 c:/program files (x86)/cypress/psoc creator/4.4/psoc creator/import/gnu/arm/5.4.1/bin/../lib/gcc/arm-none-eabi/5.4.1/armv6-m/crtbegin.o

.stab
 *(.stab)

.stabstr
 *(.stabstr)

.debug
 *(.debug)

.line
 *(.line)

.debug_srcinfo
 *(.debug_srcinfo)

.debug_sfnames
 *(.debug_sfnames)

.debug_aranges  0x00000000      0x9e0
 *(.debug_aranges)
 .debug_aranges
                0x00000000       0x30 .\CortexM0\ARM_GCC_541\Debug\main.o
 .debug_aranges
                0x00000030       0x38 .\CortexM0\ARM_GCC_541\Debug\cyfitter_cfg.o
 .debug_aranges
                0x00000068       0x18 .\CortexM0\ARM_GCC_541\Debug\cymetadata.o
 .debug_aranges
                0x00000080       0x48 .\CortexM0\ARM_GCC_541\Debug\Cm0Start.o
 .debug_aranges
                0x000000c8       0x48 .\CortexM0\ARM_GCC_541\Debug\374.a(D0.o)
 .debug_aranges
                0x00000110       0x48 .\CortexM0\ARM_GCC_541\Debug\374.a(D1.o)
 .debug_aranges
                0x00000158       0x48 .\CortexM0\ARM_GCC_541\Debug\374.a(D2.o)
 .debug_aranges
                0x000001a0       0x48 .\CortexM0\ARM_GCC_541\Debug\374.a(D3.o)
 .debug_aranges
                0x000001e8       0x48 .\CortexM0\ARM_GCC_541\Debug\374.a(D4.o)
 .debug_aranges
                0x00000230       0x48 .\CortexM0\ARM_GCC_541\Debug\374.a(D5.o)
 .debug_aranges
                0x00000278       0x48 .\CortexM0\ARM_GCC_541\Debug\374.a(D6.o)
 .debug_aranges
                0x000002c0       0x48 .\CortexM0\ARM_GCC_541\Debug\374.a(D7.o)
 .debug_aranges
                0x00000308       0x48 .\CortexM0\ARM_GCC_541\Debug\374.a(CK.o)
 .debug_aranges
                0x00000350       0x48 .\CortexM0\ARM_GCC_541\Debug\374.a(OE.o)
 .debug_aranges
                0x00000398       0x48 .\CortexM0\ARM_GCC_541\Debug\374.a(Q0.o)
 .debug_aranges
                0x000003e0       0x48 .\CortexM0\ARM_GCC_541\Debug\374.a(Q1.o)
 .debug_aranges
                0x00000428       0x48 .\CortexM0\ARM_GCC_541\Debug\374.a(Q2.o)
 .debug_aranges
                0x00000470       0x48 .\CortexM0\ARM_GCC_541\Debug\374.a(Q3.o)
 .debug_aranges
                0x000004b8       0x48 .\CortexM0\ARM_GCC_541\Debug\374.a(Q4.o)
 .debug_aranges
                0x00000500       0x48 .\CortexM0\ARM_GCC_541\Debug\374.a(Q5.o)
 .debug_aranges
                0x00000548       0x48 .\CortexM0\ARM_GCC_541\Debug\374.a(Q6.o)
 .debug_aranges
                0x00000590       0x48 .\CortexM0\ARM_GCC_541\Debug\374.a(Q7.o)
 .debug_aranges
                0x000005d8       0x48 .\CortexM0\ARM_GCC_541\Debug\374.a(LED_OK.o)
 .debug_aranges
                0x00000620       0x48 .\CortexM0\ARM_GCC_541\Debug\374.a(LED_FAIL.o)
 .debug_aranges
                0x00000668      0x1d0 .\CortexM0\ARM_GCC_541\Debug\374.a(CyLib.o)
 .debug_aranges
                0x00000838      0x188 .\CortexM0\ARM_GCC_541\Debug\374.a(CyLFClk.o)
 .debug_aranges
                0x000009c0       0x20 .\CortexM0\ARM_GCC_541\Debug\374.a(CyBootAsmGnu.o)

.debug_pubnames
 *(.debug_pubnames)

.debug_info     0x00000000     0x4d96
 *(.debug_info .gnu.linkonce.wi.*)
 .debug_info    0x00000000      0x76a .\CortexM0\ARM_GCC_541\Debug\main.o
 .debug_info    0x0000076a      0x32d .\CortexM0\ARM_GCC_541\Debug\cyfitter_cfg.o
 .debug_info    0x00000a97       0xf8 .\CortexM0\ARM_GCC_541\Debug\cymetadata.o
 .debug_info    0x00000b8f      0x3a2 .\CortexM0\ARM_GCC_541\Debug\Cm0Start.o
 .debug_info    0x00000f31      0x19d .\CortexM0\ARM_GCC_541\Debug\374.a(D0.o)
 .debug_info    0x000010ce      0x19d .\CortexM0\ARM_GCC_541\Debug\374.a(D1.o)
 .debug_info    0x0000126b      0x19d .\CortexM0\ARM_GCC_541\Debug\374.a(D2.o)
 .debug_info    0x00001408      0x19d .\CortexM0\ARM_GCC_541\Debug\374.a(D3.o)
 .debug_info    0x000015a5      0x19d .\CortexM0\ARM_GCC_541\Debug\374.a(D4.o)
 .debug_info    0x00001742      0x19b .\CortexM0\ARM_GCC_541\Debug\374.a(D5.o)
 .debug_info    0x000018dd      0x19d .\CortexM0\ARM_GCC_541\Debug\374.a(D6.o)
 .debug_info    0x00001a7a      0x19d .\CortexM0\ARM_GCC_541\Debug\374.a(D7.o)
 .debug_info    0x00001c17      0x19b .\CortexM0\ARM_GCC_541\Debug\374.a(CK.o)
 .debug_info    0x00001db2      0x19d .\CortexM0\ARM_GCC_541\Debug\374.a(OE.o)
 .debug_info    0x00001f4f      0x19d .\CortexM0\ARM_GCC_541\Debug\374.a(Q0.o)
 .debug_info    0x000020ec      0x19d .\CortexM0\ARM_GCC_541\Debug\374.a(Q1.o)
 .debug_info    0x00002289      0x19d .\CortexM0\ARM_GCC_541\Debug\374.a(Q2.o)
 .debug_info    0x00002426      0x19d .\CortexM0\ARM_GCC_541\Debug\374.a(Q3.o)
 .debug_info    0x000025c3      0x19b .\CortexM0\ARM_GCC_541\Debug\374.a(Q4.o)
 .debug_info    0x0000275e      0x19d .\CortexM0\ARM_GCC_541\Debug\374.a(Q5.o)
 .debug_info    0x000028fb      0x19d .\CortexM0\ARM_GCC_541\Debug\374.a(Q6.o)
 .debug_info    0x00002a98      0x19d .\CortexM0\ARM_GCC_541\Debug\374.a(Q7.o)
 .debug_info    0x00002c35      0x19d .\CortexM0\ARM_GCC_541\Debug\374.a(LED_OK.o)
 .debug_info    0x00002dd2      0x19d .\CortexM0\ARM_GCC_541\Debug\374.a(LED_FAIL.o)
 .debug_info    0x00002f6f      0xd2c .\CortexM0\ARM_GCC_541\Debug\374.a(CyLib.o)
 .debug_info    0x00003c9b     0x1071 .\CortexM0\ARM_GCC_541\Debug\374.a(CyLFClk.o)
 .debug_info    0x00004d0c       0x8a .\CortexM0\ARM_GCC_541\Debug\374.a(CyBootAsmGnu.o)

.debug_abbrev   0x00000000     0x1854
 *(.debug_abbrev)
 .debug_abbrev  0x00000000       0xeb .\CortexM0\ARM_GCC_541\Debug\main.o
 .debug_abbrev  0x000000eb      0x166 .\CortexM0\ARM_GCC_541\Debug\cyfitter_cfg.o
 .debug_abbrev  0x00000251       0x5d .\CortexM0\ARM_GCC_541\Debug\cymetadata.o
 .debug_abbrev  0x000002ae      0x1d7 .\CortexM0\ARM_GCC_541\Debug\Cm0Start.o
 .debug_abbrev  0x00000485       0xc8 .\CortexM0\ARM_GCC_541\Debug\374.a(D0.o)
 .debug_abbrev  0x0000054d       0xc8 .\CortexM0\ARM_GCC_541\Debug\374.a(D1.o)
 .debug_abbrev  0x00000615       0xc8 .\CortexM0\ARM_GCC_541\Debug\374.a(D2.o)
 .debug_abbrev  0x000006dd       0xc8 .\CortexM0\ARM_GCC_541\Debug\374.a(D3.o)
 .debug_abbrev  0x000007a5       0xc8 .\CortexM0\ARM_GCC_541\Debug\374.a(D4.o)
 .debug_abbrev  0x0000086d       0xc8 .\CortexM0\ARM_GCC_541\Debug\374.a(D5.o)
 .debug_abbrev  0x00000935       0xc8 .\CortexM0\ARM_GCC_541\Debug\374.a(D6.o)
 .debug_abbrev  0x000009fd       0xc8 .\CortexM0\ARM_GCC_541\Debug\374.a(D7.o)
 .debug_abbrev  0x00000ac5       0xc8 .\CortexM0\ARM_GCC_541\Debug\374.a(CK.o)
 .debug_abbrev  0x00000b8d       0xc8 .\CortexM0\ARM_GCC_541\Debug\374.a(OE.o)
 .debug_abbrev  0x00000c55       0xc8 .\CortexM0\ARM_GCC_541\Debug\374.a(Q0.o)
 .debug_abbrev  0x00000d1d       0xc8 .\CortexM0\ARM_GCC_541\Debug\374.a(Q1.o)
 .debug_abbrev  0x00000de5       0xc8 .\CortexM0\ARM_GCC_541\Debug\374.a(Q2.o)
 .debug_abbrev  0x00000ead       0xc8 .\CortexM0\ARM_GCC_541\Debug\374.a(Q3.o)
 .debug_abbrev  0x00000f75       0xc8 .\CortexM0\ARM_GCC_541\Debug\374.a(Q4.o)
 .debug_abbrev  0x0000103d       0xc8 .\CortexM0\ARM_GCC_541\Debug\374.a(Q5.o)
 .debug_abbrev  0x00001105       0xc8 .\CortexM0\ARM_GCC_541\Debug\374.a(Q6.o)
 .debug_abbrev  0x000011cd       0xc8 .\CortexM0\ARM_GCC_541\Debug\374.a(Q7.o)
 .debug_abbrev  0x00001295       0xc8 .\CortexM0\ARM_GCC_541\Debug\374.a(LED_OK.o)
 .debug_abbrev  0x0000135d       0xc8 .\CortexM0\ARM_GCC_541\Debug\374.a(LED_FAIL.o)
 .debug_abbrev  0x00001425      0x1d3 .\CortexM0\ARM_GCC_541\Debug\374.a(CyLib.o)
 .debug_abbrev  0x000015f8      0x248 .\CortexM0\ARM_GCC_541\Debug\374.a(CyLFClk.o)
 .debug_abbrev  0x00001840       0x14 .\CortexM0\ARM_GCC_541\Debug\374.a(CyBootAsmGnu.o)

.debug_line     0x00000000     0x217a
 *(.debug_line)
 .debug_line    0x00000000      0x281 .\CortexM0\ARM_GCC_541\Debug\main.o
 .debug_line    0x00000281      0x15d .\CortexM0\ARM_GCC_541\Debug\cyfitter_cfg.o
 .debug_line    0x000003de      0x141 .\CortexM0\ARM_GCC_541\Debug\cymetadata.o
 .debug_line    0x0000051f      0x236 .\CortexM0\ARM_GCC_541\Debug\Cm0Start.o
 .debug_line    0x00000755       0xba .\CortexM0\ARM_GCC_541\Debug\374.a(D0.o)
 .debug_line    0x0000080f       0xba .\CortexM0\ARM_GCC_541\Debug\374.a(D1.o)
 .debug_line    0x000008c9       0xba .\CortexM0\ARM_GCC_541\Debug\374.a(D2.o)
 .debug_line    0x00000983       0xba .\CortexM0\ARM_GCC_541\Debug\374.a(D3.o)
 .debug_line    0x00000a3d       0xba .\CortexM0\ARM_GCC_541\Debug\374.a(D4.o)
 .debug_line    0x00000af7       0xb9 .\CortexM0\ARM_GCC_541\Debug\374.a(D5.o)
 .debug_line    0x00000bb0       0xba .\CortexM0\ARM_GCC_541\Debug\374.a(D6.o)
 .debug_line    0x00000c6a       0xba .\CortexM0\ARM_GCC_541\Debug\374.a(D7.o)
 .debug_line    0x00000d24       0xb9 .\CortexM0\ARM_GCC_541\Debug\374.a(CK.o)
 .debug_line    0x00000ddd       0xba .\CortexM0\ARM_GCC_541\Debug\374.a(OE.o)
 .debug_line    0x00000e97       0xba .\CortexM0\ARM_GCC_541\Debug\374.a(Q0.o)
 .debug_line    0x00000f51       0xba .\CortexM0\ARM_GCC_541\Debug\374.a(Q1.o)
 .debug_line    0x0000100b       0xba .\CortexM0\ARM_GCC_541\Debug\374.a(Q2.o)
 .debug_line    0x000010c5       0xba .\CortexM0\ARM_GCC_541\Debug\374.a(Q3.o)
 .debug_line    0x0000117f       0xb9 .\CortexM0\ARM_GCC_541\Debug\374.a(Q4.o)
 .debug_line    0x00001238       0xba .\CortexM0\ARM_GCC_541\Debug\374.a(Q5.o)
 .debug_line    0x000012f2       0xba .\CortexM0\ARM_GCC_541\Debug\374.a(Q6.o)
 .debug_line    0x000013ac       0xba .\CortexM0\ARM_GCC_541\Debug\374.a(Q7.o)
 .debug_line    0x00001466       0xbe .\CortexM0\ARM_GCC_541\Debug\374.a(LED_OK.o)
 .debug_line    0x00001524       0xc0 .\CortexM0\ARM_GCC_541\Debug\374.a(LED_FAIL.o)
 .debug_line    0x000015e4      0x553 .\CortexM0\ARM_GCC_541\Debug\374.a(CyLib.o)
 .debug_line    0x00001b37      0x5db .\CortexM0\ARM_GCC_541\Debug\374.a(CyLFClk.o)
 .debug_line    0x00002112       0x68 .\CortexM0\ARM_GCC_541\Debug\374.a(CyBootAsmGnu.o)

.debug_frame    0x00000000     0x1484
 *(.debug_frame)
 .debug_frame   0x00000000       0x70 .\CortexM0\ARM_GCC_541\Debug\main.o
 .debug_frame   0x00000070       0x78 .\CortexM0\ARM_GCC_541\Debug\cyfitter_cfg.o
 .debug_frame   0x000000e8       0xbc .\CortexM0\ARM_GCC_541\Debug\Cm0Start.o
 .debug_frame   0x000001a4       0x70 .\CortexM0\ARM_GCC_541\Debug\374.a(D0.o)
 .debug_frame   0x00000214       0x70 .\CortexM0\ARM_GCC_541\Debug\374.a(D1.o)
 .debug_frame   0x00000284       0x70 .\CortexM0\ARM_GCC_541\Debug\374.a(D2.o)
 .debug_frame   0x000002f4       0x70 .\CortexM0\ARM_GCC_541\Debug\374.a(D3.o)
 .debug_frame   0x00000364       0x70 .\CortexM0\ARM_GCC_541\Debug\374.a(D4.o)
 .debug_frame   0x000003d4       0x70 .\CortexM0\ARM_GCC_541\Debug\374.a(D5.o)
 .debug_frame   0x00000444       0x70 .\CortexM0\ARM_GCC_541\Debug\374.a(D6.o)
 .debug_frame   0x000004b4       0x70 .\CortexM0\ARM_GCC_541\Debug\374.a(D7.o)
 .debug_frame   0x00000524       0x70 .\CortexM0\ARM_GCC_541\Debug\374.a(CK.o)
 .debug_frame   0x00000594       0x70 .\CortexM0\ARM_GCC_541\Debug\374.a(OE.o)
 .debug_frame   0x00000604       0x70 .\CortexM0\ARM_GCC_541\Debug\374.a(Q0.o)
 .debug_frame   0x00000674       0x70 .\CortexM0\ARM_GCC_541\Debug\374.a(Q1.o)
 .debug_frame   0x000006e4       0x70 .\CortexM0\ARM_GCC_541\Debug\374.a(Q2.o)
 .debug_frame   0x00000754       0x70 .\CortexM0\ARM_GCC_541\Debug\374.a(Q3.o)
 .debug_frame   0x000007c4       0x70 .\CortexM0\ARM_GCC_541\Debug\374.a(Q4.o)
 .debug_frame   0x00000834       0x70 .\CortexM0\ARM_GCC_541\Debug\374.a(Q5.o)
 .debug_frame   0x000008a4       0x70 .\CortexM0\ARM_GCC_541\Debug\374.a(Q6.o)
 .debug_frame   0x00000914       0x70 .\CortexM0\ARM_GCC_541\Debug\374.a(Q7.o)
 .debug_frame   0x00000984       0x70 .\CortexM0\ARM_GCC_541\Debug\374.a(LED_OK.o)
 .debug_frame   0x000009f4       0x70 .\CortexM0\ARM_GCC_541\Debug\374.a(LED_FAIL.o)
 .debug_frame   0x00000a64      0x4a4 .\CortexM0\ARM_GCC_541\Debug\374.a(CyLib.o)
 .debug_frame   0x00000f08      0x4a8 .\CortexM0\ARM_GCC_541\Debug\374.a(CyLFClk.o)
 .debug_frame   0x000013b0       0x20 c:/program files (x86)/cypress/psoc creator/4.4/psoc creator/import/gnu/arm/5.4.1/bin/../lib/gcc/arm-none-eabi/5.4.1/armv6-m\libgcc.a(_udivsi3.o)
 .debug_frame   0x000013d0       0x20 c:/program files (x86)/cypress/psoc creator/4.4/psoc creator/import/gnu/arm/5.4.1/bin/../lib/gcc/arm-none-eabi/5.4.1/armv6-m\libgcc.a(_divsi3.o)
 .debug_frame   0x000013f0       0x20 c:/program files (x86)/cypress/psoc creator/4.4/psoc creator/import/gnu/arm/5.4.1/bin/../lib/gcc/arm-none-eabi/5.4.1/../../../../arm-none-eabi/lib/armv6-m\libg_nano.a(lib_a-errno.o)
 .debug_frame   0x00001410       0x28 c:/program files (x86)/cypress/psoc creator/4.4/psoc creator/import/gnu/arm/5.4.1/bin/../lib/gcc/arm-none-eabi/5.4.1/../../../../arm-none-eabi/lib/armv6-m\libg_nano.a(lib_a-exit.o)
 .debug_frame   0x00001438       0x2c c:/program files (x86)/cypress/psoc creator/4.4/psoc creator/import/gnu/arm/5.4.1/bin/../lib/gcc/arm-none-eabi/5.4.1/../../../../arm-none-eabi/lib/armv6-m\libg_nano.a(lib_a-init.o)
 .debug_frame   0x00001464       0x20 c:/program files (x86)/cypress/psoc creator/4.4/psoc creator/import/gnu/arm/5.4.1/bin/../lib/gcc/arm-none-eabi/5.4.1/../../../../arm-none-eabi/lib/armv6-m\libg_nano.a(lib_a-memset.o)

.debug_str      0x00000000     0x1a52
 *(.debug_str)
 .debug_str     0x00000000      0x241 .\CortexM0\ARM_GCC_541\Debug\main.o
                                0x292 (size before relaxing)
 .debug_str     0x00000241      0x11b .\CortexM0\ARM_GCC_541\Debug\cyfitter_cfg.o
                                0x2a7 (size before relaxing)
 .debug_str     0x0000035c       0x59 .\CortexM0\ARM_GCC_541\Debug\cymetadata.o
                                0x1c2 (size before relaxing)
 .debug_str     0x000003b5      0x140 .\CortexM0\ARM_GCC_541\Debug\Cm0Start.o
                                0x2fb (size before relaxing)
 .debug_str     0x000004f5       0x98 .\CortexM0\ARM_GCC_541\Debug\374.a(D0.o)
                                0x21b (size before relaxing)
 .debug_str     0x0000058d       0x69 .\CortexM0\ARM_GCC_541\Debug\374.a(D1.o)
                                0x21b (size before relaxing)
 .debug_str     0x000005f6       0x69 .\CortexM0\ARM_GCC_541\Debug\374.a(D2.o)
                                0x21b (size before relaxing)
 .debug_str     0x0000065f       0x69 .\CortexM0\ARM_GCC_541\Debug\374.a(D3.o)
                                0x21b (size before relaxing)
 .debug_str     0x000006c8       0x69 .\CortexM0\ARM_GCC_541\Debug\374.a(D4.o)
                                0x21b (size before relaxing)
 .debug_str     0x00000731       0x69 .\CortexM0\ARM_GCC_541\Debug\374.a(D5.o)
                                0x21b (size before relaxing)
 .debug_str     0x0000079a       0x69 .\CortexM0\ARM_GCC_541\Debug\374.a(D6.o)
                                0x21b (size before relaxing)
 .debug_str     0x00000803       0x69 .\CortexM0\ARM_GCC_541\Debug\374.a(D7.o)
                                0x21b (size before relaxing)
 .debug_str     0x0000086c       0x69 .\CortexM0\ARM_GCC_541\Debug\374.a(CK.o)
                                0x21b (size before relaxing)
 .debug_str     0x000008d5       0x69 .\CortexM0\ARM_GCC_541\Debug\374.a(OE.o)
                                0x21b (size before relaxing)
 .debug_str     0x0000093e       0x6a .\CortexM0\ARM_GCC_541\Debug\374.a(Q0.o)
                                0x21b (size before relaxing)
 .debug_str     0x000009a8       0x6a .\CortexM0\ARM_GCC_541\Debug\374.a(Q1.o)
                                0x21b (size before relaxing)
 .debug_str     0x00000a12       0x6a .\CortexM0\ARM_GCC_541\Debug\374.a(Q2.o)
                                0x21b (size before relaxing)
 .debug_str     0x00000a7c       0x6a .\CortexM0\ARM_GCC_541\Debug\374.a(Q3.o)
                                0x21b (size before relaxing)
 .debug_str     0x00000ae6       0x6a .\CortexM0\ARM_GCC_541\Debug\374.a(Q4.o)
                                0x21b (size before relaxing)
 .debug_str     0x00000b50       0x6a .\CortexM0\ARM_GCC_541\Debug\374.a(Q5.o)
                                0x21b (size before relaxing)
 .debug_str     0x00000bba       0x6a .\CortexM0\ARM_GCC_541\Debug\374.a(Q6.o)
                                0x21b (size before relaxing)
 .debug_str     0x00000c24       0x6a .\CortexM0\ARM_GCC_541\Debug\374.a(Q7.o)
                                0x21b (size before relaxing)
 .debug_str     0x00000c8e       0x81 .\CortexM0\ARM_GCC_541\Debug\374.a(LED_OK.o)
                                0x237 (size before relaxing)
 .debug_str     0x00000d0f       0x8d .\CortexM0\ARM_GCC_541\Debug\374.a(LED_FAIL.o)
                                0x245 (size before relaxing)
 .debug_str     0x00000d9c      0x5cf .\CortexM0\ARM_GCC_541\Debug\374.a(CyLib.o)
                                0x7f2 (size before relaxing)
 .debug_str     0x0000136b      0x6e7 .\CortexM0\ARM_GCC_541\Debug\374.a(CyLFClk.o)
                                0x932 (size before relaxing)

.debug_loc      0x00000000     0x24d4
 *(.debug_loc)
 .debug_loc     0x00000000       0xd5 .\CortexM0\ARM_GCC_541\Debug\main.o
 .debug_loc     0x000000d5       0xa9 .\CortexM0\ARM_GCC_541\Debug\cyfitter_cfg.o
 .debug_loc     0x0000017e      0x14f .\CortexM0\ARM_GCC_541\Debug\Cm0Start.o
 .debug_loc     0x000002cd       0xa2 .\CortexM0\ARM_GCC_541\Debug\374.a(D0.o)
 .debug_loc     0x0000036f       0xa2 .\CortexM0\ARM_GCC_541\Debug\374.a(D1.o)
 .debug_loc     0x00000411       0xa2 .\CortexM0\ARM_GCC_541\Debug\374.a(D2.o)
 .debug_loc     0x000004b3       0xa2 .\CortexM0\ARM_GCC_541\Debug\374.a(D3.o)
 .debug_loc     0x00000555       0xa2 .\CortexM0\ARM_GCC_541\Debug\374.a(D4.o)
 .debug_loc     0x000005f7       0x81 .\CortexM0\ARM_GCC_541\Debug\374.a(D5.o)
 .debug_loc     0x00000678       0xa2 .\CortexM0\ARM_GCC_541\Debug\374.a(D6.o)
 .debug_loc     0x0000071a       0xa2 .\CortexM0\ARM_GCC_541\Debug\374.a(D7.o)
 .debug_loc     0x000007bc       0x81 .\CortexM0\ARM_GCC_541\Debug\374.a(CK.o)
 .debug_loc     0x0000083d       0xa2 .\CortexM0\ARM_GCC_541\Debug\374.a(OE.o)
 .debug_loc     0x000008df       0xa2 .\CortexM0\ARM_GCC_541\Debug\374.a(Q0.o)
 .debug_loc     0x00000981       0xa2 .\CortexM0\ARM_GCC_541\Debug\374.a(Q1.o)
 .debug_loc     0x00000a23       0xa2 .\CortexM0\ARM_GCC_541\Debug\374.a(Q2.o)
 .debug_loc     0x00000ac5       0xa2 .\CortexM0\ARM_GCC_541\Debug\374.a(Q3.o)
 .debug_loc     0x00000b67       0x81 .\CortexM0\ARM_GCC_541\Debug\374.a(Q4.o)
 .debug_loc     0x00000be8       0xa2 .\CortexM0\ARM_GCC_541\Debug\374.a(Q5.o)
 .debug_loc     0x00000c8a       0xa2 .\CortexM0\ARM_GCC_541\Debug\374.a(Q6.o)
 .debug_loc     0x00000d2c       0xa2 .\CortexM0\ARM_GCC_541\Debug\374.a(Q7.o)
 .debug_loc     0x00000dce       0xa2 .\CortexM0\ARM_GCC_541\Debug\374.a(LED_OK.o)
 .debug_loc     0x00000e70       0xa2 .\CortexM0\ARM_GCC_541\Debug\374.a(LED_FAIL.o)
 .debug_loc     0x00000f12      0x818 .\CortexM0\ARM_GCC_541\Debug\374.a(CyLib.o)
 .debug_loc     0x0000172a      0xdaa .\CortexM0\ARM_GCC_541\Debug\374.a(CyLFClk.o)

.debug_macinfo
 *(.debug_macinfo)

.debug_ranges   0x00000000      0x880
 *(.debug_ranges)
 .debug_ranges  0x00000000       0x88 .\CortexM0\ARM_GCC_541\Debug\main.o
 .debug_ranges  0x00000088       0x28 .\CortexM0\ARM_GCC_541\Debug\cyfitter_cfg.o
 .debug_ranges  0x000000b0       0x38 .\CortexM0\ARM_GCC_541\Debug\Cm0Start.o
 .debug_ranges  0x000000e8       0x38 .\CortexM0\ARM_GCC_541\Debug\374.a(D0.o)
 .debug_ranges  0x00000120       0x38 .\CortexM0\ARM_GCC_541\Debug\374.a(D1.o)
 .debug_ranges  0x00000158       0x38 .\CortexM0\ARM_GCC_541\Debug\374.a(D2.o)
 .debug_ranges  0x00000190       0x38 .\CortexM0\ARM_GCC_541\Debug\374.a(D3.o)
 .debug_ranges  0x000001c8       0x38 .\CortexM0\ARM_GCC_541\Debug\374.a(D4.o)
 .debug_ranges  0x00000200       0x38 .\CortexM0\ARM_GCC_541\Debug\374.a(D5.o)
 .debug_ranges  0x00000238       0x38 .\CortexM0\ARM_GCC_541\Debug\374.a(D6.o)
 .debug_ranges  0x00000270       0x38 .\CortexM0\ARM_GCC_541\Debug\374.a(D7.o)
 .debug_ranges  0x000002a8       0x38 .\CortexM0\ARM_GCC_541\Debug\374.a(CK.o)
 .debug_ranges  0x000002e0       0x38 .\CortexM0\ARM_GCC_541\Debug\374.a(OE.o)
 .debug_ranges  0x00000318       0x38 .\CortexM0\ARM_GCC_541\Debug\374.a(Q0.o)
 .debug_ranges  0x00000350       0x38 .\CortexM0\ARM_GCC_541\Debug\374.a(Q1.o)
 .debug_ranges  0x00000388       0x38 .\CortexM0\ARM_GCC_541\Debug\374.a(Q2.o)
 .debug_ranges  0x000003c0       0x38 .\CortexM0\ARM_GCC_541\Debug\374.a(Q3.o)
 .debug_ranges  0x000003f8       0x38 .\CortexM0\ARM_GCC_541\Debug\374.a(Q4.o)
 .debug_ranges  0x00000430       0x38 .\CortexM0\ARM_GCC_541\Debug\374.a(Q5.o)
 .debug_ranges  0x00000468       0x38 .\CortexM0\ARM_GCC_541\Debug\374.a(Q6.o)
 .debug_ranges  0x000004a0       0x38 .\CortexM0\ARM_GCC_541\Debug\374.a(Q7.o)
 .debug_ranges  0x000004d8       0x38 .\CortexM0\ARM_GCC_541\Debug\374.a(LED_OK.o)
 .debug_ranges  0x00000510       0x38 .\CortexM0\ARM_GCC_541\Debug\374.a(LED_FAIL.o)
 .debug_ranges  0x00000548      0x1c0 .\CortexM0\ARM_GCC_541\Debug\374.a(CyLib.o)
 .debug_ranges  0x00000708      0x178 .\CortexM0\ARM_GCC_541\Debug\374.a(CyLFClk.o)

.comment        0x00000000       0x6e
 .comment       0x00000000       0x6e .\CortexM0\ARM_GCC_541\Debug\main.o
                                 0x6f (size before relaxing)
 .comment       0x0000006e       0x6f .\CortexM0\ARM_GCC_541\Debug\cyfitter_cfg.o
 .comment       0x0000006e       0x6f .\CortexM0\ARM_GCC_541\Debug\cymetadata.o
 .comment       0x0000006e       0x6f .\CortexM0\ARM_GCC_541\Debug\Cm0Start.o
 .comment       0x0000006e       0x6f .\CortexM0\ARM_GCC_541\Debug\374.a(D0.o)
 .comment       0x0000006e       0x6f .\CortexM0\ARM_GCC_541\Debug\374.a(D1.o)
 .comment       0x0000006e       0x6f .\CortexM0\ARM_GCC_541\Debug\374.a(D2.o)
 .comment       0x0000006e       0x6f .\CortexM0\ARM_GCC_541\Debug\374.a(D3.o)
 .comment       0x0000006e       0x6f .\CortexM0\ARM_GCC_541\Debug\374.a(D4.o)
 .comment       0x0000006e       0x6f .\CortexM0\ARM_GCC_541\Debug\374.a(D5.o)
 .comment       0x0000006e       0x6f .\CortexM0\ARM_GCC_541\Debug\374.a(D6.o)
 .comment       0x0000006e       0x6f .\CortexM0\ARM_GCC_541\Debug\374.a(D7.o)
 .comment       0x0000006e       0x6f .\CortexM0\ARM_GCC_541\Debug\374.a(CK.o)
 .comment       0x0000006e       0x6f .\CortexM0\ARM_GCC_541\Debug\374.a(OE.o)
 .comment       0x0000006e       0x6f .\CortexM0\ARM_GCC_541\Debug\374.a(Q0.o)
 .comment       0x0000006e       0x6f .\CortexM0\ARM_GCC_541\Debug\374.a(Q1.o)
 .comment       0x0000006e       0x6f .\CortexM0\ARM_GCC_541\Debug\374.a(Q2.o)
 .comment       0x0000006e       0x6f .\CortexM0\ARM_GCC_541\Debug\374.a(Q3.o)
 .comment       0x0000006e       0x6f .\CortexM0\ARM_GCC_541\Debug\374.a(Q4.o)
 .comment       0x0000006e       0x6f .\CortexM0\ARM_GCC_541\Debug\374.a(Q5.o)
 .comment       0x0000006e       0x6f .\CortexM0\ARM_GCC_541\Debug\374.a(Q6.o)
 .comment       0x0000006e       0x6f .\CortexM0\ARM_GCC_541\Debug\374.a(Q7.o)
 .comment       0x0000006e       0x6f .\CortexM0\ARM_GCC_541\Debug\374.a(LED_OK.o)
 .comment       0x0000006e       0x6f .\CortexM0\ARM_GCC_541\Debug\374.a(LED_FAIL.o)
 .comment       0x0000006e       0x6f .\CortexM0\ARM_GCC_541\Debug\374.a(CyLib.o)
 .comment       0x0000006e       0x6f .\CortexM0\ARM_GCC_541\Debug\374.a(CyLFClk.o)

.debug_weaknames
 *(.debug_weaknames)

.debug_funcnames
 *(.debug_funcnames)

.debug_typenames
 *(.debug_typenames)

.debug_varnames
 *(.debug_varnames)

.note.gnu.arm.ident
 *(.note.gnu.arm.ident)

.ARM.attributes
                0x00000000       0x28
 *(.ARM.attributes)
 .ARM.attributes
                0x00000000       0x1e c:/program files (x86)/cypress/psoc creator/4.4/psoc creator/import/gnu/arm/5.4.1/bin/../lib/gcc/arm-none-eabi/5.4.1/armv6-m/crti.o
 .ARM.attributes
                0x0000001e       0x2c c:/program files (x86)/cypress/psoc creator/4.4/psoc creator/import/gnu/arm/5.4.1/bin/../lib/gcc/arm-none-eabi/5.4.1/armv6-m/crtbegin.o
 .ARM.attributes
                0x0000004a       0x1b c:/program files (x86)/cypress/psoc creator/4.4/psoc creator/import/gnu/arm/5.4.1/bin/../lib/gcc/arm-none-eabi/5.4.1/../../../../arm-none-eabi/lib/armv6-m/crt0.o
 .ARM.attributes
                0x00000065       0x31 .\CortexM0\ARM_GCC_541\Debug\main.o
 .ARM.attributes
                0x00000096       0x31 .\CortexM0\ARM_GCC_541\Debug\cyfitter_cfg.o
 .ARM.attributes
                0x000000c7       0x31 .\CortexM0\ARM_GCC_541\Debug\cymetadata.o
 .ARM.attributes
                0x000000f8       0x31 .\CortexM0\ARM_GCC_541\Debug\Cm0Start.o
 .ARM.attributes
                0x00000129       0x31 .\CortexM0\ARM_GCC_541\Debug\374.a(D0.o)
 .ARM.attributes
                0x0000015a       0x31 .\CortexM0\ARM_GCC_541\Debug\374.a(D1.o)
 .ARM.attributes
                0x0000018b       0x31 .\CortexM0\ARM_GCC_541\Debug\374.a(D2.o)
 .ARM.attributes
                0x000001bc       0x31 .\CortexM0\ARM_GCC_541\Debug\374.a(D3.o)
 .ARM.attributes
                0x000001ed       0x31 .\CortexM0\ARM_GCC_541\Debug\374.a(D4.o)
 .ARM.attributes
                0x0000021e       0x31 .\CortexM0\ARM_GCC_541\Debug\374.a(D5.o)
 .ARM.attributes
                0x0000024f       0x31 .\CortexM0\ARM_GCC_541\Debug\374.a(D6.o)
 .ARM.attributes
                0x00000280       0x31 .\CortexM0\ARM_GCC_541\Debug\374.a(D7.o)
 .ARM.attributes
                0x000002b1       0x31 .\CortexM0\ARM_GCC_541\Debug\374.a(CK.o)
 .ARM.attributes
                0x000002e2       0x31 .\CortexM0\ARM_GCC_541\Debug\374.a(OE.o)
 .ARM.attributes
                0x00000313       0x31 .\CortexM0\ARM_GCC_541\Debug\374.a(Q0.o)
 .ARM.attributes
                0x00000344       0x31 .\CortexM0\ARM_GCC_541\Debug\374.a(Q1.o)
 .ARM.attributes
                0x00000375       0x31 .\CortexM0\ARM_GCC_541\Debug\374.a(Q2.o)
 .ARM.attributes
                0x000003a6       0x31 .\CortexM0\ARM_GCC_541\Debug\374.a(Q3.o)
 .ARM.attributes
                0x000003d7       0x31 .\CortexM0\ARM_GCC_541\Debug\374.a(Q4.o)
 .ARM.attributes
                0x00000408       0x31 .\CortexM0\ARM_GCC_541\Debug\374.a(Q5.o)
 .ARM.attributes
                0x00000439       0x31 .\CortexM0\ARM_GCC_541\Debug\374.a(Q6.o)
 .ARM.attributes
                0x0000046a       0x31 .\CortexM0\ARM_GCC_541\Debug\374.a(Q7.o)
 .ARM.attributes
                0x0000049b       0x31 .\CortexM0\ARM_GCC_541\Debug\374.a(LED_OK.o)
 .ARM.attributes
                0x000004cc       0x31 .\CortexM0\ARM_GCC_541\Debug\374.a(LED_FAIL.o)
 .ARM.attributes
                0x000004fd       0x31 .\CortexM0\ARM_GCC_541\Debug\374.a(CyLib.o)
 .ARM.attributes
                0x0000052e       0x31 .\CortexM0\ARM_GCC_541\Debug\374.a(CyLFClk.o)
 .ARM.attributes
                0x0000055f       0x21 .\CortexM0\ARM_GCC_541\Debug\374.a(CyBootAsmGnu.o)
 .ARM.attributes
                0x00000580       0x1e c:/program files (x86)/cypress/psoc creator/4.4/psoc creator/import/gnu/arm/5.4.1/bin/../lib/gcc/arm-none-eabi/5.4.1/armv6-m\libgcc.a(_udivsi3.o)
 .ARM.attributes
                0x0000059e       0x1e c:/program files (x86)/cypress/psoc creator/4.4/psoc creator/import/gnu/arm/5.4.1/bin/../lib/gcc/arm-none-eabi/5.4.1/armv6-m\libgcc.a(_divsi3.o)
 .ARM.attributes
                0x000005bc       0x1e c:/program files (x86)/cypress/psoc creator/4.4/psoc creator/import/gnu/arm/5.4.1/bin/../lib/gcc/arm-none-eabi/5.4.1/armv6-m\libgcc.a(_dvmd_tls.o)
 .ARM.attributes
                0x000005da       0x2c c:/program files (x86)/cypress/psoc creator/4.4/psoc creator/import/gnu/arm/5.4.1/bin/../lib/gcc/arm-none-eabi/5.4.1/../../../../arm-none-eabi/lib/armv6-m\libg_nano.a(lib_a-errno.o)
 .ARM.attributes
                0x00000606       0x2c c:/program files (x86)/cypress/psoc creator/4.4/psoc creator/import/gnu/arm/5.4.1/bin/../lib/gcc/arm-none-eabi/5.4.1/../../../../arm-none-eabi/lib/armv6-m\libg_nano.a(lib_a-exit.o)
 .ARM.attributes
                0x00000632       0x2c c:/program files (x86)/cypress/psoc creator/4.4/psoc creator/import/gnu/arm/5.4.1/bin/../lib/gcc/arm-none-eabi/5.4.1/../../../../arm-none-eabi/lib/armv6-m\libg_nano.a(lib_a-impure.o)
 .ARM.attributes
                0x0000065e       0x2c c:/program files (x86)/cypress/psoc creator/4.4/psoc creator/import/gnu/arm/5.4.1/bin/../lib/gcc/arm-none-eabi/5.4.1/../../../../arm-none-eabi/lib/armv6-m\libg_nano.a(lib_a-init.o)
 .ARM.attributes
                0x0000068a       0x2c c:/program files (x86)/cypress/psoc creator/4.4/psoc creator/import/gnu/arm/5.4.1/bin/../lib/gcc/arm-none-eabi/5.4.1/../../../../arm-none-eabi/lib/armv6-m\libg_nano.a(lib_a-memset.o)
 .ARM.attributes
                0x000006b6       0x2c c:/program files (x86)/cypress/psoc creator/4.4/psoc creator/import/gnu/arm/5.4.1/bin/../lib/gcc/arm-none-eabi/5.4.1/armv6-m/crtend.o
 .ARM.attributes
                0x000006e2       0x1e c:/program files (x86)/cypress/psoc creator/4.4/psoc creator/import/gnu/arm/5.4.1/bin/../lib/gcc/arm-none-eabi/5.4.1/armv6-m/crtn.o

/DISCARD/
 *(.note.GNU-stack)
OUTPUT(C:\Users\Admin\Documents\PSoC Creator\Workspace05\374.cydsn\CortexM0\ARM_GCC_541\Debug\374.elf elf32-littlearm)
