ARM GAS  C:\Users\Admin\AppData\Local\Temp\ccXlocjN.s 			page 1


   1              		.syntax unified
   2              		.cpu cortex-m0
   3              		.fpu softvfp
   4              		.eabi_attribute 20, 1
   5              		.eabi_attribute 21, 1
   6              		.eabi_attribute 23, 3
   7              		.eabi_attribute 24, 1
   8              		.eabi_attribute 25, 1
   9              		.eabi_attribute 26, 1
  10              		.eabi_attribute 30, 1
  11              		.eabi_attribute 34, 0
  12              		.eabi_attribute 18, 4
  13              		.thumb
  14              		.syntax unified
  15              		.file	"cyfitter_cfg.c"
  16              		.text
  17              	.Ltext0:
  18              		.cfi_sections	.debug_frame
  19              		.section	.text.AnalogSetDefault,"ax",%progbits
  20              		.align	2
  21              		.code	16
  22              		.thumb_func
  23              		.type	AnalogSetDefault, %function
  24              	AnalogSetDefault:
  25              	.LFB6:
  26              		.file 1 "Generated_Source\\PSoC4\\cyfitter_cfg.c"
   1:Generated_Source\PSoC4/cyfitter_cfg.c **** 
   2:Generated_Source\PSoC4/cyfitter_cfg.c **** /*******************************************************************************
   3:Generated_Source\PSoC4/cyfitter_cfg.c **** * File Name: cyfitter_cfg.c
   4:Generated_Source\PSoC4/cyfitter_cfg.c **** * 
   5:Generated_Source\PSoC4/cyfitter_cfg.c **** * PSoC Creator  4.4
   6:Generated_Source\PSoC4/cyfitter_cfg.c **** *
   7:Generated_Source\PSoC4/cyfitter_cfg.c **** * Description:
   8:Generated_Source\PSoC4/cyfitter_cfg.c **** * This file contains device initialization code.
   9:Generated_Source\PSoC4/cyfitter_cfg.c **** * Except for the user defined sections in CyClockStartupError(), this file should not be modified.
  10:Generated_Source\PSoC4/cyfitter_cfg.c **** * This file is automatically generated by PSoC Creator.
  11:Generated_Source\PSoC4/cyfitter_cfg.c **** *
  12:Generated_Source\PSoC4/cyfitter_cfg.c **** ********************************************************************************
  13:Generated_Source\PSoC4/cyfitter_cfg.c **** * Copyright (c) 2007-2020 Cypress Semiconductor.  All rights reserved.
  14:Generated_Source\PSoC4/cyfitter_cfg.c **** * You may use this file only in accordance with the license, terms, conditions, 
  15:Generated_Source\PSoC4/cyfitter_cfg.c **** * disclaimers, and limitations in the end user license agreement accompanying 
  16:Generated_Source\PSoC4/cyfitter_cfg.c **** * the software package with which this file was provided.
  17:Generated_Source\PSoC4/cyfitter_cfg.c **** ********************************************************************************/
  18:Generated_Source\PSoC4/cyfitter_cfg.c **** 
  19:Generated_Source\PSoC4/cyfitter_cfg.c **** #include <string.h>
  20:Generated_Source\PSoC4/cyfitter_cfg.c **** #include "cytypes.h"
  21:Generated_Source\PSoC4/cyfitter_cfg.c **** #include "cydevice_trm.h"
  22:Generated_Source\PSoC4/cyfitter_cfg.c **** #include "cyfitter.h"
  23:Generated_Source\PSoC4/cyfitter_cfg.c **** #include "CyLib.h"
  24:Generated_Source\PSoC4/cyfitter_cfg.c **** #include "CyLFClk.h"
  25:Generated_Source\PSoC4/cyfitter_cfg.c **** #include "cyfitter_cfg.h"
  26:Generated_Source\PSoC4/cyfitter_cfg.c **** #include "cyapicallbacks.h"
  27:Generated_Source\PSoC4/cyfitter_cfg.c **** 
  28:Generated_Source\PSoC4/cyfitter_cfg.c **** 
  29:Generated_Source\PSoC4/cyfitter_cfg.c **** #if defined(__GNUC__) || defined(__ARMCC_VERSION)
  30:Generated_Source\PSoC4/cyfitter_cfg.c ****     #define CYPACKED 
  31:Generated_Source\PSoC4/cyfitter_cfg.c ****     #define CYPACKED_ATTR __attribute__ ((packed))
ARM GAS  C:\Users\Admin\AppData\Local\Temp\ccXlocjN.s 			page 2


  32:Generated_Source\PSoC4/cyfitter_cfg.c ****     #define CYALIGNED __attribute__ ((aligned))
  33:Generated_Source\PSoC4/cyfitter_cfg.c ****     #define CY_CFG_UNUSED __attribute__ ((unused))
  34:Generated_Source\PSoC4/cyfitter_cfg.c ****     #ifndef CY_CFG_SECTION
  35:Generated_Source\PSoC4/cyfitter_cfg.c ****         #define CY_CFG_SECTION __attribute__ ((section(".psocinit")))
  36:Generated_Source\PSoC4/cyfitter_cfg.c ****     #endif
  37:Generated_Source\PSoC4/cyfitter_cfg.c ****     
  38:Generated_Source\PSoC4/cyfitter_cfg.c ****     #if defined(__ARMCC_VERSION)
  39:Generated_Source\PSoC4/cyfitter_cfg.c ****         #define CY_CFG_MEMORY_BARRIER() __memory_changed()
  40:Generated_Source\PSoC4/cyfitter_cfg.c ****     #else
  41:Generated_Source\PSoC4/cyfitter_cfg.c ****         #define CY_CFG_MEMORY_BARRIER() __sync_synchronize()
  42:Generated_Source\PSoC4/cyfitter_cfg.c ****     #endif
  43:Generated_Source\PSoC4/cyfitter_cfg.c ****     
  44:Generated_Source\PSoC4/cyfitter_cfg.c **** #elif defined(__ICCARM__)
  45:Generated_Source\PSoC4/cyfitter_cfg.c ****     #include <intrinsics.h>
  46:Generated_Source\PSoC4/cyfitter_cfg.c **** 
  47:Generated_Source\PSoC4/cyfitter_cfg.c ****     #define CYPACKED __packed
  48:Generated_Source\PSoC4/cyfitter_cfg.c ****     #define CYPACKED_ATTR 
  49:Generated_Source\PSoC4/cyfitter_cfg.c ****     #define CYALIGNED _Pragma("data_alignment=4")
  50:Generated_Source\PSoC4/cyfitter_cfg.c ****     #define CY_CFG_UNUSED _Pragma("diag_suppress=Pe177")
  51:Generated_Source\PSoC4/cyfitter_cfg.c ****     #define CY_CFG_SECTION _Pragma("location=\".psocinit\"")
  52:Generated_Source\PSoC4/cyfitter_cfg.c ****     
  53:Generated_Source\PSoC4/cyfitter_cfg.c ****     #define CY_CFG_MEMORY_BARRIER() __DMB()
  54:Generated_Source\PSoC4/cyfitter_cfg.c ****     
  55:Generated_Source\PSoC4/cyfitter_cfg.c **** #else
  56:Generated_Source\PSoC4/cyfitter_cfg.c ****     #error Unsupported toolchain
  57:Generated_Source\PSoC4/cyfitter_cfg.c **** #endif
  58:Generated_Source\PSoC4/cyfitter_cfg.c **** 
  59:Generated_Source\PSoC4/cyfitter_cfg.c **** #ifndef CYCODE
  60:Generated_Source\PSoC4/cyfitter_cfg.c ****     #define CYCODE
  61:Generated_Source\PSoC4/cyfitter_cfg.c **** #endif
  62:Generated_Source\PSoC4/cyfitter_cfg.c **** #ifndef CYDATA
  63:Generated_Source\PSoC4/cyfitter_cfg.c ****     #define CYDATA
  64:Generated_Source\PSoC4/cyfitter_cfg.c **** #endif
  65:Generated_Source\PSoC4/cyfitter_cfg.c **** #ifndef CYFAR
  66:Generated_Source\PSoC4/cyfitter_cfg.c ****     #define CYFAR
  67:Generated_Source\PSoC4/cyfitter_cfg.c **** #endif
  68:Generated_Source\PSoC4/cyfitter_cfg.c **** #ifndef CYXDATA
  69:Generated_Source\PSoC4/cyfitter_cfg.c ****     #define CYXDATA
  70:Generated_Source\PSoC4/cyfitter_cfg.c **** #endif
  71:Generated_Source\PSoC4/cyfitter_cfg.c **** 
  72:Generated_Source\PSoC4/cyfitter_cfg.c **** 
  73:Generated_Source\PSoC4/cyfitter_cfg.c **** CY_CFG_UNUSED
  74:Generated_Source\PSoC4/cyfitter_cfg.c **** static void CYMEMZERO(void *s, size_t n);
  75:Generated_Source\PSoC4/cyfitter_cfg.c **** CY_CFG_UNUSED
  76:Generated_Source\PSoC4/cyfitter_cfg.c **** static void CYMEMZERO(void *s, size_t n)
  77:Generated_Source\PSoC4/cyfitter_cfg.c **** {
  78:Generated_Source\PSoC4/cyfitter_cfg.c **** 	(void)memset(s, 0, n);
  79:Generated_Source\PSoC4/cyfitter_cfg.c **** }
  80:Generated_Source\PSoC4/cyfitter_cfg.c **** CY_CFG_UNUSED
  81:Generated_Source\PSoC4/cyfitter_cfg.c **** static void CYCONFIGCPY(void *dest, const void *src, size_t n);
  82:Generated_Source\PSoC4/cyfitter_cfg.c **** CY_CFG_UNUSED
  83:Generated_Source\PSoC4/cyfitter_cfg.c **** static void CYCONFIGCPY(void *dest, const void *src, size_t n)
  84:Generated_Source\PSoC4/cyfitter_cfg.c **** {
  85:Generated_Source\PSoC4/cyfitter_cfg.c **** 	(void)memcpy(dest, src, n);
  86:Generated_Source\PSoC4/cyfitter_cfg.c **** }
  87:Generated_Source\PSoC4/cyfitter_cfg.c **** CY_CFG_UNUSED
  88:Generated_Source\PSoC4/cyfitter_cfg.c **** static void CYCONFIGCPYCODE(void *dest, const void *src, size_t n);
ARM GAS  C:\Users\Admin\AppData\Local\Temp\ccXlocjN.s 			page 3


  89:Generated_Source\PSoC4/cyfitter_cfg.c **** CY_CFG_UNUSED
  90:Generated_Source\PSoC4/cyfitter_cfg.c **** static void CYCONFIGCPYCODE(void *dest, const void *src, size_t n)
  91:Generated_Source\PSoC4/cyfitter_cfg.c **** {
  92:Generated_Source\PSoC4/cyfitter_cfg.c **** 	(void)memcpy(dest, src, n);
  93:Generated_Source\PSoC4/cyfitter_cfg.c **** }
  94:Generated_Source\PSoC4/cyfitter_cfg.c **** 
  95:Generated_Source\PSoC4/cyfitter_cfg.c **** 
  96:Generated_Source\PSoC4/cyfitter_cfg.c **** 
  97:Generated_Source\PSoC4/cyfitter_cfg.c **** 
  98:Generated_Source\PSoC4/cyfitter_cfg.c **** /* Clock startup error codes                                                   */
  99:Generated_Source\PSoC4/cyfitter_cfg.c **** #define CYCLOCKSTART_NO_ERROR    0u
 100:Generated_Source\PSoC4/cyfitter_cfg.c **** #define CYCLOCKSTART_XTAL_ERROR  1u
 101:Generated_Source\PSoC4/cyfitter_cfg.c **** #define CYCLOCKSTART_32KHZ_ERROR 2u
 102:Generated_Source\PSoC4/cyfitter_cfg.c **** #define CYCLOCKSTART_PLL_ERROR   3u
 103:Generated_Source\PSoC4/cyfitter_cfg.c **** #define CYCLOCKSTART_FLL_ERROR   4u
 104:Generated_Source\PSoC4/cyfitter_cfg.c **** #define CYCLOCKSTART_WCO_ERROR   5u
 105:Generated_Source\PSoC4/cyfitter_cfg.c **** 
 106:Generated_Source\PSoC4/cyfitter_cfg.c **** 
 107:Generated_Source\PSoC4/cyfitter_cfg.c **** #ifdef CY_NEED_CYCLOCKSTARTUPERROR
 108:Generated_Source\PSoC4/cyfitter_cfg.c **** /*******************************************************************************
 109:Generated_Source\PSoC4/cyfitter_cfg.c **** * Function Name: CyClockStartupError
 110:Generated_Source\PSoC4/cyfitter_cfg.c **** ********************************************************************************
 111:Generated_Source\PSoC4/cyfitter_cfg.c **** * Summary:
 112:Generated_Source\PSoC4/cyfitter_cfg.c **** *  If an error is encountered during clock configuration (crystal startup error,
 113:Generated_Source\PSoC4/cyfitter_cfg.c **** *  PLL lock error, etc.), the system will end up here.  Unless reimplemented by
 114:Generated_Source\PSoC4/cyfitter_cfg.c **** *  the customer, this function will stop in an infinite loop.
 115:Generated_Source\PSoC4/cyfitter_cfg.c **** *
 116:Generated_Source\PSoC4/cyfitter_cfg.c **** * Parameters:
 117:Generated_Source\PSoC4/cyfitter_cfg.c **** *   void
 118:Generated_Source\PSoC4/cyfitter_cfg.c **** *
 119:Generated_Source\PSoC4/cyfitter_cfg.c **** * Return:
 120:Generated_Source\PSoC4/cyfitter_cfg.c **** *   void
 121:Generated_Source\PSoC4/cyfitter_cfg.c **** *
 122:Generated_Source\PSoC4/cyfitter_cfg.c **** *******************************************************************************/
 123:Generated_Source\PSoC4/cyfitter_cfg.c **** CY_CFG_UNUSED
 124:Generated_Source\PSoC4/cyfitter_cfg.c **** static void CyClockStartupError(uint8 errorCode);
 125:Generated_Source\PSoC4/cyfitter_cfg.c **** CY_CFG_UNUSED
 126:Generated_Source\PSoC4/cyfitter_cfg.c **** static void CyClockStartupError(uint8 errorCode)
 127:Generated_Source\PSoC4/cyfitter_cfg.c **** {
 128:Generated_Source\PSoC4/cyfitter_cfg.c ****     /* To remove the compiler warning if errorCode not used.                */
 129:Generated_Source\PSoC4/cyfitter_cfg.c ****     errorCode = errorCode;
 130:Generated_Source\PSoC4/cyfitter_cfg.c **** 
 131:Generated_Source\PSoC4/cyfitter_cfg.c ****     /* If we have a clock startup error (bad MHz crystal, PLL lock, etc.),  */
 132:Generated_Source\PSoC4/cyfitter_cfg.c ****     /* we will end up here to allow the customer to implement something to  */
 133:Generated_Source\PSoC4/cyfitter_cfg.c ****     /* deal with the clock condition.                                       */
 134:Generated_Source\PSoC4/cyfitter_cfg.c **** 
 135:Generated_Source\PSoC4/cyfitter_cfg.c **** #ifdef CY_CFG_CLOCK_STARTUP_ERROR_CALLBACK
 136:Generated_Source\PSoC4/cyfitter_cfg.c ****     CY_CFG_Clock_Startup_ErrorCallback();
 137:Generated_Source\PSoC4/cyfitter_cfg.c **** #else
 138:Generated_Source\PSoC4/cyfitter_cfg.c ****     /*  If not using CY_CFG_CLOCK_STARTUP_ERROR_CALLBACK, place your clock startup code here. */
 139:Generated_Source\PSoC4/cyfitter_cfg.c ****     /* `#START CyClockStartupError` */
 140:Generated_Source\PSoC4/cyfitter_cfg.c **** 
 141:Generated_Source\PSoC4/cyfitter_cfg.c **** 
 142:Generated_Source\PSoC4/cyfitter_cfg.c **** 
 143:Generated_Source\PSoC4/cyfitter_cfg.c ****     /* `#END` */
 144:Generated_Source\PSoC4/cyfitter_cfg.c **** 
 145:Generated_Source\PSoC4/cyfitter_cfg.c ****     while(1) {}
ARM GAS  C:\Users\Admin\AppData\Local\Temp\ccXlocjN.s 			page 4


 146:Generated_Source\PSoC4/cyfitter_cfg.c **** #endif /* CY_CFG_CLOCK_STARTUP_ERROR_CALLBACK */
 147:Generated_Source\PSoC4/cyfitter_cfg.c **** }
 148:Generated_Source\PSoC4/cyfitter_cfg.c **** #endif
 149:Generated_Source\PSoC4/cyfitter_cfg.c **** 
 150:Generated_Source\PSoC4/cyfitter_cfg.c **** 
 151:Generated_Source\PSoC4/cyfitter_cfg.c **** 
 152:Generated_Source\PSoC4/cyfitter_cfg.c **** /*******************************************************************************
 153:Generated_Source\PSoC4/cyfitter_cfg.c **** * Function Name: ClockSetup
 154:Generated_Source\PSoC4/cyfitter_cfg.c **** ********************************************************************************
 155:Generated_Source\PSoC4/cyfitter_cfg.c **** *
 156:Generated_Source\PSoC4/cyfitter_cfg.c **** * Summary:
 157:Generated_Source\PSoC4/cyfitter_cfg.c **** *   Performs the initialization of all of the clocks in the device based on the
 158:Generated_Source\PSoC4/cyfitter_cfg.c **** *   settings in the Clock tab of the DWR.  This includes enabling the requested
 159:Generated_Source\PSoC4/cyfitter_cfg.c **** *   clocks and setting the necessary dividers to produce the desired frequency. 
 160:Generated_Source\PSoC4/cyfitter_cfg.c **** *
 161:Generated_Source\PSoC4/cyfitter_cfg.c **** * Parameters:
 162:Generated_Source\PSoC4/cyfitter_cfg.c **** *   void
 163:Generated_Source\PSoC4/cyfitter_cfg.c **** *
 164:Generated_Source\PSoC4/cyfitter_cfg.c **** * Return:
 165:Generated_Source\PSoC4/cyfitter_cfg.c **** *   void
 166:Generated_Source\PSoC4/cyfitter_cfg.c **** *
 167:Generated_Source\PSoC4/cyfitter_cfg.c **** *******************************************************************************/
 168:Generated_Source\PSoC4/cyfitter_cfg.c **** static void ClockSetup(void);
 169:Generated_Source\PSoC4/cyfitter_cfg.c **** CY_CFG_SECTION
 170:Generated_Source\PSoC4/cyfitter_cfg.c **** static void ClockSetup(void)
 171:Generated_Source\PSoC4/cyfitter_cfg.c **** {
 172:Generated_Source\PSoC4/cyfitter_cfg.c **** 
 173:Generated_Source\PSoC4/cyfitter_cfg.c **** 	/* Set Flash Cycles based on max possible frequency in case a glitch occurs during ClockSetup(). *
 174:Generated_Source\PSoC4/cyfitter_cfg.c **** 	CY_SET_REG32((void CYXDATA *)(CYREG_CPUSS_FLASH_CTL), (0x0012u));
 175:Generated_Source\PSoC4/cyfitter_cfg.c **** 
 176:Generated_Source\PSoC4/cyfitter_cfg.c **** 	/* Start the WCO */
 177:Generated_Source\PSoC4/cyfitter_cfg.c **** 	CySysClkWcoStart();
 178:Generated_Source\PSoC4/cyfitter_cfg.c **** 	CyDelayCycles(12000000u); /* WCO may take up to 500ms to start */
 179:Generated_Source\PSoC4/cyfitter_cfg.c **** 	(void)CySysClkWcoSetPowerMode(CY_SYS_CLK_WCO_LPM);    /* Switch to the low power mode */
 180:Generated_Source\PSoC4/cyfitter_cfg.c **** 
 181:Generated_Source\PSoC4/cyfitter_cfg.c **** 	/* Setup and trim IMO based on desired frequency. */
 182:Generated_Source\PSoC4/cyfitter_cfg.c **** 	CySysClkWriteImoFreq(48u);
 183:Generated_Source\PSoC4/cyfitter_cfg.c **** 	/* CYDEV_CLK_ILO_CONFIG Starting address: CYDEV_CLK_ILO_CONFIG */
 184:Generated_Source\PSoC4/cyfitter_cfg.c **** 	CY_SET_REG32((void *)(CYREG_CLK_ILO_CONFIG), 0x80000006u);
 185:Generated_Source\PSoC4/cyfitter_cfg.c **** 
 186:Generated_Source\PSoC4/cyfitter_cfg.c **** 	/* CYDEV_WDT_CONFIG Starting address: CYDEV_WDT_CONFIG */
 187:Generated_Source\PSoC4/cyfitter_cfg.c **** 	CY_SET_REG32((void *)(CYREG_WDT_CONFIG), 0x40000000u);
 188:Generated_Source\PSoC4/cyfitter_cfg.c **** 
 189:Generated_Source\PSoC4/cyfitter_cfg.c **** 
 190:Generated_Source\PSoC4/cyfitter_cfg.c **** 	/* Enable fast start mode for XO */
 191:Generated_Source\PSoC4/cyfitter_cfg.c **** 	CY_SET_REG32((void*)CYREG_BLE_BLERD_BB_XO, CY_GET_REG32((void*)CYREG_BLE_BLERD_BB_XO) | (uint32)0x
 192:Generated_Source\PSoC4/cyfitter_cfg.c **** 	CY_SET_REG32((void *)(CYREG_BLE_BLERD_BB_XO_CAPTRIM), 0x00003E2Du);
 193:Generated_Source\PSoC4/cyfitter_cfg.c **** 	/*Set XTAL(ECO) divider*/
 194:Generated_Source\PSoC4/cyfitter_cfg.c **** 	CY_SET_REG32((void *)(CYREG_BLE_BLESS_XTAL_CLK_DIV_CONFIG), 0x00000000u);
 195:Generated_Source\PSoC4/cyfitter_cfg.c **** 	/* Disable Crystal Stable Interrupt before enabling ECO */
 196:Generated_Source\PSoC4/cyfitter_cfg.c **** 	CY_SET_REG32((void*)CYREG_BLE_BLESS_LL_DSM_CTRL, CY_GET_REG32((void*)CYREG_BLE_BLESS_LL_DSM_CTRL) 
 197:Generated_Source\PSoC4/cyfitter_cfg.c **** 	/* Start the ECO and do not check status since it is not needed for HFCLK */
 198:Generated_Source\PSoC4/cyfitter_cfg.c **** 	(void)CySysClkEcoStart(2000u);
 199:Generated_Source\PSoC4/cyfitter_cfg.c **** 	CyDelayUs(1500u); /* Wait to stabilize */
 200:Generated_Source\PSoC4/cyfitter_cfg.c **** 
 201:Generated_Source\PSoC4/cyfitter_cfg.c **** 	/* Setup phase aligned clocks */
 202:Generated_Source\PSoC4/cyfitter_cfg.c **** 
ARM GAS  C:\Users\Admin\AppData\Local\Temp\ccXlocjN.s 			page 5


 203:Generated_Source\PSoC4/cyfitter_cfg.c **** 	/* CYDEV_CLK_IMO_CONFIG Starting address: CYDEV_CLK_IMO_CONFIG */
 204:Generated_Source\PSoC4/cyfitter_cfg.c **** 	CY_SET_REG32((void *)(CYREG_CLK_IMO_CONFIG), 0x80000000u);
 205:Generated_Source\PSoC4/cyfitter_cfg.c **** 
 206:Generated_Source\PSoC4/cyfitter_cfg.c **** 	/* CYDEV_CLK_SELECT Starting address: CYDEV_CLK_SELECT */
 207:Generated_Source\PSoC4/cyfitter_cfg.c **** 	CY_SET_REG32((void *)(CYREG_CLK_SELECT), 0x00040000u);
 208:Generated_Source\PSoC4/cyfitter_cfg.c **** 
 209:Generated_Source\PSoC4/cyfitter_cfg.c **** 	(void)CyIntSetVector(8u, &CySysWdtIsr);
 210:Generated_Source\PSoC4/cyfitter_cfg.c **** 	CyIntEnable(8u);
 211:Generated_Source\PSoC4/cyfitter_cfg.c **** 	CY_SET_REG32((void *)(CYREG_WDT_CONFIG), 0x40000000u);
 212:Generated_Source\PSoC4/cyfitter_cfg.c **** }
 213:Generated_Source\PSoC4/cyfitter_cfg.c **** 
 214:Generated_Source\PSoC4/cyfitter_cfg.c **** 
 215:Generated_Source\PSoC4/cyfitter_cfg.c **** /* Analog API Functions */
 216:Generated_Source\PSoC4/cyfitter_cfg.c **** 
 217:Generated_Source\PSoC4/cyfitter_cfg.c **** 
 218:Generated_Source\PSoC4/cyfitter_cfg.c **** /*******************************************************************************
 219:Generated_Source\PSoC4/cyfitter_cfg.c **** * Function Name: AnalogSetDefault
 220:Generated_Source\PSoC4/cyfitter_cfg.c **** ********************************************************************************
 221:Generated_Source\PSoC4/cyfitter_cfg.c **** *
 222:Generated_Source\PSoC4/cyfitter_cfg.c **** * Summary:
 223:Generated_Source\PSoC4/cyfitter_cfg.c **** *  Sets up the analog portions of the chip to default values based on chip
 224:Generated_Source\PSoC4/cyfitter_cfg.c **** *  configuration options from the project.
 225:Generated_Source\PSoC4/cyfitter_cfg.c **** *
 226:Generated_Source\PSoC4/cyfitter_cfg.c **** * Parameters:
 227:Generated_Source\PSoC4/cyfitter_cfg.c **** *  void
 228:Generated_Source\PSoC4/cyfitter_cfg.c **** *
 229:Generated_Source\PSoC4/cyfitter_cfg.c **** * Return:
 230:Generated_Source\PSoC4/cyfitter_cfg.c **** *  void
 231:Generated_Source\PSoC4/cyfitter_cfg.c **** *
 232:Generated_Source\PSoC4/cyfitter_cfg.c **** *******************************************************************************/
 233:Generated_Source\PSoC4/cyfitter_cfg.c **** static void AnalogSetDefault(void);
 234:Generated_Source\PSoC4/cyfitter_cfg.c **** static void AnalogSetDefault(void)
 235:Generated_Source\PSoC4/cyfitter_cfg.c **** {
  27              		.loc 1 235 0
  28              		.cfi_startproc
  29              		@ args = 0, pretend = 0, frame = 0
  30              		@ frame_needed = 0, uses_anonymous_args = 0
  31              		@ link register save eliminated.
 236:Generated_Source\PSoC4/cyfitter_cfg.c **** 	CY_SET_XTND_REG32((void CYFAR *)CYREG_CTBM0_DFT_CTRL, 0x00000003u);
  32              		.loc 1 236 0
  33 0000 0323     		movs	r3, #3
  34 0002 044A     		ldr	r2, .L2
  35 0004 1360     		str	r3, [r2]
 237:Generated_Source\PSoC4/cyfitter_cfg.c **** 	CY_SET_XTND_REG32((void CYFAR *)CYREG_CTBM1_DFT_CTRL, 0x00000003u);
  36              		.loc 1 237 0
  37 0006 044A     		ldr	r2, .L2+4
  38 0008 1360     		str	r3, [r2]
 238:Generated_Source\PSoC4/cyfitter_cfg.c **** 	CY_SET_XTND_REG32((void CYFAR *)CYREG_PASS_DSAB_DSAB_CTRL, 0x00000000u);
  39              		.loc 1 238 0
  40 000a 0022     		movs	r2, #0
  41 000c 034B     		ldr	r3, .L2+8
  42 000e 1A60     		str	r2, [r3]
 239:Generated_Source\PSoC4/cyfitter_cfg.c **** }
  43              		.loc 1 239 0
  44              		@ sp needed
  45 0010 7047     		bx	lr
  46              	.L3:
ARM GAS  C:\Users\Admin\AppData\Local\Temp\ccXlocjN.s 			page 6


  47 0012 C046     		.align	2
  48              	.L2:
  49 0014 30003040 		.word	1076887600
  50 0018 30003140 		.word	1076953136
  51 001c 000E3F40 		.word	1077874176
  52              		.cfi_endproc
  53              	.LFE6:
  54              		.size	AnalogSetDefault, .-AnalogSetDefault
  55              		.section	.text.CYMEMZERO,"ax",%progbits
  56              		.align	2
  57              		.code	16
  58              		.thumb_func
  59              		.type	CYMEMZERO, %function
  60              	CYMEMZERO:
  61              	.LFB2:
  77:Generated_Source\PSoC4/cyfitter_cfg.c **** 	(void)memset(s, 0, n);
  62              		.loc 1 77 0
  63              		.cfi_startproc
  64              		@ args = 0, pretend = 0, frame = 0
  65              		@ frame_needed = 0, uses_anonymous_args = 0
  66              	.LVL0:
  67 0000 10B5     		push	{r4, lr}
  68              		.cfi_def_cfa_offset 8
  69              		.cfi_offset 4, -8
  70              		.cfi_offset 14, -4
  71 0002 0A00     		movs	r2, r1
  78:Generated_Source\PSoC4/cyfitter_cfg.c **** }
  72              		.loc 1 78 0
  73 0004 0021     		movs	r1, #0
  74              	.LVL1:
  75 0006 FFF7FEFF 		bl	memset
  76              	.LVL2:
  79:Generated_Source\PSoC4/cyfitter_cfg.c **** CY_CFG_UNUSED
  77              		.loc 1 79 0
  78              		@ sp needed
  79 000a 10BD     		pop	{r4, pc}
  80              		.cfi_endproc
  81              	.LFE2:
  82              		.size	CYMEMZERO, .-CYMEMZERO
  83              		.section	.psocinit,"ax",%progbits
  84              		.align	2
  85              		.code	16
  86              		.thumb_func
  87              		.type	ClockSetup, %function
  88              	ClockSetup:
  89              	.LFB5:
 171:Generated_Source\PSoC4/cyfitter_cfg.c **** 
  90              		.loc 1 171 0
  91              		.cfi_startproc
  92              		@ args = 0, pretend = 0, frame = 0
  93              		@ frame_needed = 0, uses_anonymous_args = 0
  94 0000 70B5     		push	{r4, r5, r6, lr}
  95              		.cfi_def_cfa_offset 16
  96              		.cfi_offset 4, -16
  97              		.cfi_offset 5, -12
  98              		.cfi_offset 6, -8
  99              		.cfi_offset 14, -4
ARM GAS  C:\Users\Admin\AppData\Local\Temp\ccXlocjN.s 			page 7


 174:Generated_Source\PSoC4/cyfitter_cfg.c **** 
 100              		.loc 1 174 0
 101 0002 1222     		movs	r2, #18
 102 0004 1D4B     		ldr	r3, .L6
 103 0006 1A60     		str	r2, [r3]
 177:Generated_Source\PSoC4/cyfitter_cfg.c **** 	CyDelayCycles(12000000u); /* WCO may take up to 500ms to start */
 104              		.loc 1 177 0
 105 0008 FFF7FEFF 		bl	CySysClkWcoStart
 106              	.LVL3:
 178:Generated_Source\PSoC4/cyfitter_cfg.c **** 	(void)CySysClkWcoSetPowerMode(CY_SYS_CLK_WCO_LPM);    /* Switch to the low power mode */
 107              		.loc 1 178 0
 108 000c 1C48     		ldr	r0, .L6+4
 109 000e FFF7FEFF 		bl	CyDelayCycles
 110              	.LVL4:
 179:Generated_Source\PSoC4/cyfitter_cfg.c **** 
 111              		.loc 1 179 0
 112 0012 0120     		movs	r0, #1
 113 0014 FFF7FEFF 		bl	CySysClkWcoSetPowerMode
 114              	.LVL5:
 182:Generated_Source\PSoC4/cyfitter_cfg.c **** 	/* CYDEV_CLK_ILO_CONFIG Starting address: CYDEV_CLK_ILO_CONFIG */
 115              		.loc 1 182 0
 116 0018 3020     		movs	r0, #48
 117 001a FFF7FEFF 		bl	CySysClkWriteImoFreq
 118              	.LVL6:
 184:Generated_Source\PSoC4/cyfitter_cfg.c **** 
 119              		.loc 1 184 0
 120 001e 194A     		ldr	r2, .L6+8
 121 0020 194B     		ldr	r3, .L6+12
 122 0022 1A60     		str	r2, [r3]
 187:Generated_Source\PSoC4/cyfitter_cfg.c **** 
 123              		.loc 1 187 0
 124 0024 194C     		ldr	r4, .L6+16
 125 0026 8025     		movs	r5, #128
 126 0028 ED05     		lsls	r5, r5, #23
 127 002a 2560     		str	r5, [r4]
 191:Generated_Source\PSoC4/cyfitter_cfg.c **** 	CY_SET_REG32((void *)(CYREG_BLE_BLERD_BB_XO_CAPTRIM), 0x00003E2Du);
 128              		.loc 1 191 0
 129 002c 184A     		ldr	r2, .L6+20
 130 002e 1168     		ldr	r1, [r2]
 131 0030 0223     		movs	r3, #2
 132 0032 0B43     		orrs	r3, r1
 133 0034 1360     		str	r3, [r2]
 192:Generated_Source\PSoC4/cyfitter_cfg.c **** 	/*Set XTAL(ECO) divider*/
 134              		.loc 1 192 0
 135 0036 174A     		ldr	r2, .L6+24
 136 0038 174B     		ldr	r3, .L6+28
 137 003a 1A60     		str	r2, [r3]
 194:Generated_Source\PSoC4/cyfitter_cfg.c **** 	/* Disable Crystal Stable Interrupt before enabling ECO */
 138              		.loc 1 194 0
 139 003c 0022     		movs	r2, #0
 140 003e 174B     		ldr	r3, .L6+32
 141 0040 1A60     		str	r2, [r3]
 196:Generated_Source\PSoC4/cyfitter_cfg.c **** 	/* Start the ECO and do not check status since it is not needed for HFCLK */
 142              		.loc 1 196 0
 143 0042 174A     		ldr	r2, .L6+36
 144 0044 1368     		ldr	r3, [r2]
 145 0046 0821     		movs	r1, #8
ARM GAS  C:\Users\Admin\AppData\Local\Temp\ccXlocjN.s 			page 8


 146 0048 8B43     		bics	r3, r1
 147 004a 1360     		str	r3, [r2]
 198:Generated_Source\PSoC4/cyfitter_cfg.c **** 	CyDelayUs(1500u); /* Wait to stabilize */
 148              		.loc 1 198 0
 149 004c FA20     		movs	r0, #250
 150 004e C000     		lsls	r0, r0, #3
 151 0050 FFF7FEFF 		bl	CySysClkEcoStart
 152              	.LVL7:
 199:Generated_Source\PSoC4/cyfitter_cfg.c **** 
 153              		.loc 1 199 0
 154 0054 1348     		ldr	r0, .L6+40
 155 0056 FFF7FEFF 		bl	CyDelayUs
 156              	.LVL8:
 204:Generated_Source\PSoC4/cyfitter_cfg.c **** 
 157              		.loc 1 204 0
 158 005a 8022     		movs	r2, #128
 159 005c 1206     		lsls	r2, r2, #24
 160 005e 124B     		ldr	r3, .L6+44
 161 0060 1A60     		str	r2, [r3]
 207:Generated_Source\PSoC4/cyfitter_cfg.c **** 
 162              		.loc 1 207 0
 163 0062 8022     		movs	r2, #128
 164 0064 D202     		lsls	r2, r2, #11
 165 0066 114B     		ldr	r3, .L6+48
 166 0068 1A60     		str	r2, [r3]
 209:Generated_Source\PSoC4/cyfitter_cfg.c **** 	CyIntEnable(8u);
 167              		.loc 1 209 0
 168 006a 1149     		ldr	r1, .L6+52
 169 006c 0820     		movs	r0, #8
 170 006e FFF7FEFF 		bl	CyIntSetVector
 171              	.LVL9:
 210:Generated_Source\PSoC4/cyfitter_cfg.c **** 	CY_SET_REG32((void *)(CYREG_WDT_CONFIG), 0x40000000u);
 172              		.loc 1 210 0
 173 0072 0820     		movs	r0, #8
 174 0074 FFF7FEFF 		bl	CyIntEnable
 175              	.LVL10:
 211:Generated_Source\PSoC4/cyfitter_cfg.c **** }
 176              		.loc 1 211 0
 177 0078 2560     		str	r5, [r4]
 212:Generated_Source\PSoC4/cyfitter_cfg.c **** 
 178              		.loc 1 212 0
 179              		@ sp needed
 180 007a 70BD     		pop	{r4, r5, r6, pc}
 181              	.L7:
 182              		.align	2
 183              	.L6:
 184 007c 30001040 		.word	1074790448
 185 0080 001BB700 		.word	12000000
 186 0084 06000080 		.word	-2147483642
 187 0088 04010B40 		.word	1074462980
 188 008c 0C020B40 		.word	1074463244
 189 0090 78002E40 		.word	1076756600
 190 0094 2D3E0000 		.word	15917
 191 0098 7C002E40 		.word	1076756604
 192 009c 64F02E40 		.word	1076818020
 193 00a0 6CF02E40 		.word	1076818028
 194 00a4 DC050000 		.word	1500
ARM GAS  C:\Users\Admin\AppData\Local\Temp\ccXlocjN.s 			page 9


 195 00a8 08010B40 		.word	1074462984
 196 00ac 00010B40 		.word	1074462976
 197 00b0 00000000 		.word	CySysWdtIsr
 198              		.cfi_endproc
 199              	.LFE5:
 200              		.size	ClockSetup, .-ClockSetup
 201              		.align	2
 202              		.global	cyfitter_cfg
 203              		.code	16
 204              		.thumb_func
 205              		.type	cyfitter_cfg, %function
 206              	cyfitter_cfg:
 207              	.LFB7:
 240:Generated_Source\PSoC4/cyfitter_cfg.c **** 
 241:Generated_Source\PSoC4/cyfitter_cfg.c **** 
 242:Generated_Source\PSoC4/cyfitter_cfg.c **** 
 243:Generated_Source\PSoC4/cyfitter_cfg.c **** 
 244:Generated_Source\PSoC4/cyfitter_cfg.c **** /*******************************************************************************
 245:Generated_Source\PSoC4/cyfitter_cfg.c **** * Function Name: cyfitter_cfg
 246:Generated_Source\PSoC4/cyfitter_cfg.c **** ********************************************************************************
 247:Generated_Source\PSoC4/cyfitter_cfg.c **** * Summary:
 248:Generated_Source\PSoC4/cyfitter_cfg.c **** *  This function is called by the start-up code for the selected device. It
 249:Generated_Source\PSoC4/cyfitter_cfg.c **** *  performs all of the necessary device configuration based on the design
 250:Generated_Source\PSoC4/cyfitter_cfg.c **** *  settings.  This includes settings from the Design Wide Resources (DWR) such
 251:Generated_Source\PSoC4/cyfitter_cfg.c **** *  as Clocks and Pins as well as any component configuration that is necessary.
 252:Generated_Source\PSoC4/cyfitter_cfg.c **** *
 253:Generated_Source\PSoC4/cyfitter_cfg.c **** * Parameters:
 254:Generated_Source\PSoC4/cyfitter_cfg.c **** *   void
 255:Generated_Source\PSoC4/cyfitter_cfg.c **** *
 256:Generated_Source\PSoC4/cyfitter_cfg.c **** * Return:
 257:Generated_Source\PSoC4/cyfitter_cfg.c **** *   void
 258:Generated_Source\PSoC4/cyfitter_cfg.c **** *
 259:Generated_Source\PSoC4/cyfitter_cfg.c **** *******************************************************************************/
 260:Generated_Source\PSoC4/cyfitter_cfg.c **** CY_CFG_SECTION
 261:Generated_Source\PSoC4/cyfitter_cfg.c **** void cyfitter_cfg(void)
 262:Generated_Source\PSoC4/cyfitter_cfg.c **** {
 208              		.loc 1 262 0
 209              		.cfi_startproc
 210              		@ args = 0, pretend = 0, frame = 0
 211              		@ frame_needed = 0, uses_anonymous_args = 0
 212 00b4 10B5     		push	{r4, lr}
 213              		.cfi_def_cfa_offset 8
 214              		.cfi_offset 4, -8
 215              		.cfi_offset 14, -4
 263:Generated_Source\PSoC4/cyfitter_cfg.c **** 	/* Disable interrupts by default. Let user enable if/when they want. */
 264:Generated_Source\PSoC4/cyfitter_cfg.c **** 	CyGlobalIntDisable;
 216              		.loc 1 264 0
 217              		.syntax divided
 218              	@ 264 "Generated_Source\PSoC4\cyfitter_cfg.c" 1
 219 00b6 72B6     		CPSID   i
 220              	@ 0 "" 2
 265:Generated_Source\PSoC4/cyfitter_cfg.c **** 
 266:Generated_Source\PSoC4/cyfitter_cfg.c **** 	CY_SET_REG32((void *)(CYREG_BLE_BLESS_LL_DSM_CTRL), 0x00000000u);
 221              		.loc 1 266 0
 222              		.thumb
 223              		.syntax unified
 224 00b8 0022     		movs	r2, #0
ARM GAS  C:\Users\Admin\AppData\Local\Temp\ccXlocjN.s 			page 10


 225 00ba 1E4B     		ldr	r3, .L11
 226 00bc 1A60     		str	r2, [r3]
 227              	.LVL11:
 228              	.LBB2:
 267:Generated_Source\PSoC4/cyfitter_cfg.c **** 
 268:Generated_Source\PSoC4/cyfitter_cfg.c **** 	{
 269:Generated_Source\PSoC4/cyfitter_cfg.c **** 
 270:Generated_Source\PSoC4/cyfitter_cfg.c **** 		CYPACKED typedef struct {
 271:Generated_Source\PSoC4/cyfitter_cfg.c **** 			void CYFAR *address;
 272:Generated_Source\PSoC4/cyfitter_cfg.c **** 			uint16 size;
 273:Generated_Source\PSoC4/cyfitter_cfg.c **** 		} CYPACKED_ATTR cfg_memset_t;
 274:Generated_Source\PSoC4/cyfitter_cfg.c **** 
 275:Generated_Source\PSoC4/cyfitter_cfg.c **** 		static const cfg_memset_t CYCODE cfg_memset_list[] = {
 276:Generated_Source\PSoC4/cyfitter_cfg.c **** 			/* address, size */
 277:Generated_Source\PSoC4/cyfitter_cfg.c **** 			{(void CYFAR *)(CYDEV_UDB_P0_U0_BASE), 1024u},
 278:Generated_Source\PSoC4/cyfitter_cfg.c **** 			{(void CYFAR *)(CYDEV_UDB_DSI0_BASE), 1024u},
 279:Generated_Source\PSoC4/cyfitter_cfg.c **** 		};
 280:Generated_Source\PSoC4/cyfitter_cfg.c **** 
 281:Generated_Source\PSoC4/cyfitter_cfg.c **** 		uint8 CYDATA i;
 282:Generated_Source\PSoC4/cyfitter_cfg.c **** 
 283:Generated_Source\PSoC4/cyfitter_cfg.c **** 		/* Zero out critical memory blocks before beginning configuration */
 284:Generated_Source\PSoC4/cyfitter_cfg.c **** 		for (i = 0u; i < (sizeof(cfg_memset_list)/sizeof(cfg_memset_list[0])); i++)
 229              		.loc 1 284 0
 230 00be 0024     		movs	r4, #0
 231 00c0 0FE0     		b	.L9
 232              	.LVL12:
 233              	.L10:
 234              	.LBB3:
 285:Generated_Source\PSoC4/cyfitter_cfg.c **** 		{
 286:Generated_Source\PSoC4/cyfitter_cfg.c **** 			const cfg_memset_t CYCODE * CYDATA ms = &cfg_memset_list[i];
 287:Generated_Source\PSoC4/cyfitter_cfg.c **** 			CYMEMZERO(ms->address, (size_t)(uint32)(ms->size));
 235              		.loc 1 287 0 discriminator 3
 236 00c2 1D48     		ldr	r0, .L11+4
 237 00c4 6200     		lsls	r2, r4, #1
 238 00c6 1319     		adds	r3, r2, r4
 239 00c8 5900     		lsls	r1, r3, #1
 240 00ca 0B00     		movs	r3, r1
 241 00cc 4118     		adds	r1, r0, r1
 242 00ce 8988     		ldrh	r1, [r1, #4]
 243 00d0 1A5A     		ldrh	r2, [r3, r0]
 244 00d2 C318     		adds	r3, r0, r3
 245 00d4 5888     		ldrh	r0, [r3, #2]
 246 00d6 0004     		lsls	r0, r0, #16
 247 00d8 1043     		orrs	r0, r2
 248 00da FFF7FEFF 		bl	CYMEMZERO
 249              	.LVL13:
 250              	.LBE3:
 284:Generated_Source\PSoC4/cyfitter_cfg.c **** 		{
 251              		.loc 1 284 0 discriminator 3
 252 00de 0134     		adds	r4, r4, #1
 253              	.LVL14:
 254 00e0 E4B2     		uxtb	r4, r4
 255              	.LVL15:
 256              	.L9:
 284:Generated_Source\PSoC4/cyfitter_cfg.c **** 		{
 257              		.loc 1 284 0 is_stmt 0 discriminator 1
 258 00e2 012C     		cmp	r4, #1
ARM GAS  C:\Users\Admin\AppData\Local\Temp\ccXlocjN.s 			page 11


 259 00e4 EDD9     		bls	.L10
 288:Generated_Source\PSoC4/cyfitter_cfg.c **** 		}
 289:Generated_Source\PSoC4/cyfitter_cfg.c **** 
 290:Generated_Source\PSoC4/cyfitter_cfg.c **** 		/* HSIOM Starting address: CYDEV_HSIOM_BASE */
 291:Generated_Source\PSoC4/cyfitter_cfg.c **** 		CY_SET_REG32((void *)(CYDEV_HSIOM_BASE), 0xEE000000u);
 260              		.loc 1 291 0 is_stmt 1
 261 00e6 EE22     		movs	r2, #238
 262 00e8 1206     		lsls	r2, r2, #24
 263 00ea 144B     		ldr	r3, .L11+8
 264 00ec 1A60     		str	r2, [r3]
 292:Generated_Source\PSoC4/cyfitter_cfg.c **** 
 293:Generated_Source\PSoC4/cyfitter_cfg.c **** 		/* UDB_PA_0 Starting address: CYDEV_UDB_PA0_BASE */
 294:Generated_Source\PSoC4/cyfitter_cfg.c **** 		CY_SET_REG32((void *)(CYDEV_UDB_PA0_BASE), 0x00990000u);
 265              		.loc 1 294 0
 266 00ee 9923     		movs	r3, #153
 267 00f0 1B04     		lsls	r3, r3, #16
 268 00f2 134A     		ldr	r2, .L11+12
 269 00f4 1360     		str	r3, [r2]
 295:Generated_Source\PSoC4/cyfitter_cfg.c **** 
 296:Generated_Source\PSoC4/cyfitter_cfg.c **** 		/* UDB_PA_1 Starting address: CYDEV_UDB_PA1_BASE */
 297:Generated_Source\PSoC4/cyfitter_cfg.c **** 		CY_SET_REG32((void *)(CYDEV_UDB_PA1_BASE), 0x00990000u);
 270              		.loc 1 297 0
 271 00f6 134A     		ldr	r2, .L11+16
 272 00f8 1360     		str	r3, [r2]
 298:Generated_Source\PSoC4/cyfitter_cfg.c **** 
 299:Generated_Source\PSoC4/cyfitter_cfg.c **** 		/* UDB_PA_2 Starting address: CYDEV_UDB_PA2_BASE */
 300:Generated_Source\PSoC4/cyfitter_cfg.c **** 		CY_SET_REG32((void *)(CYDEV_UDB_PA2_BASE), 0x00990000u);
 273              		.loc 1 300 0
 274 00fa 134A     		ldr	r2, .L11+20
 275 00fc 1360     		str	r3, [r2]
 301:Generated_Source\PSoC4/cyfitter_cfg.c **** 
 302:Generated_Source\PSoC4/cyfitter_cfg.c **** 		/* UDB_PA_3 Starting address: CYDEV_UDB_PA3_BASE */
 303:Generated_Source\PSoC4/cyfitter_cfg.c **** 		CY_SET_REG32((void *)(CYDEV_UDB_PA3_BASE), 0x00990000u);
 276              		.loc 1 303 0
 277 00fe 134A     		ldr	r2, .L11+24
 278 0100 1360     		str	r3, [r2]
 304:Generated_Source\PSoC4/cyfitter_cfg.c **** 
 305:Generated_Source\PSoC4/cyfitter_cfg.c **** 		/* Enable digital routing */
 306:Generated_Source\PSoC4/cyfitter_cfg.c **** 		CY_SET_XTND_REG8((void *)CYREG_UDB_UDBIF_BANK_CTL, (uint8)(CY_GET_XTND_REG8((void *)CYREG_UDB_UDB
 279              		.loc 1 306 0
 280 0102 134A     		ldr	r2, .L11+28
 281 0104 1178     		ldrb	r1, [r2]
 282 0106 0623     		movs	r3, #6
 283 0108 0B43     		orrs	r3, r1
 284 010a DBB2     		uxtb	r3, r3
 285 010c 1370     		strb	r3, [r2]
 286              	.LBE2:
 307:Generated_Source\PSoC4/cyfitter_cfg.c **** 	}
 308:Generated_Source\PSoC4/cyfitter_cfg.c **** 
 309:Generated_Source\PSoC4/cyfitter_cfg.c **** 	/* Perform second pass device configuration. These items must be configured in specific order afte
 310:Generated_Source\PSoC4/cyfitter_cfg.c **** 	/* IOPINS0_0 Starting address: CYDEV_GPIO_PRT0_BASE */
 311:Generated_Source\PSoC4/cyfitter_cfg.c **** 	CY_SET_REG32((void *)(CYREG_GPIO_PRT0_PC), 0x00D9B6DEu);
 287              		.loc 1 311 0
 288 010e 114A     		ldr	r2, .L11+32
 289 0110 114B     		ldr	r3, .L11+36
 290 0112 1A60     		str	r2, [r3]
 312:Generated_Source\PSoC4/cyfitter_cfg.c **** 
ARM GAS  C:\Users\Admin\AppData\Local\Temp\ccXlocjN.s 			page 12


 313:Generated_Source\PSoC4/cyfitter_cfg.c **** 	/* IOPINS0_1 Starting address: CYDEV_GPIO_PRT1_BASE */
 314:Generated_Source\PSoC4/cyfitter_cfg.c **** 	CY_SET_REG32((void *)(CYREG_GPIO_PRT1_PC), 0x00DB6CDBu);
 291              		.loc 1 314 0
 292 0114 114A     		ldr	r2, .L11+40
 293 0116 124B     		ldr	r3, .L11+44
 294 0118 1A60     		str	r2, [r3]
 315:Generated_Source\PSoC4/cyfitter_cfg.c **** 
 316:Generated_Source\PSoC4/cyfitter_cfg.c **** 	/* IOPINS0_2 Starting address: CYDEV_GPIO_PRT2_BASE */
 317:Generated_Source\PSoC4/cyfitter_cfg.c **** 	CY_SET_REG32((void *)(CYREG_GPIO_PRT2_PC), 0x00180DB6u);
 295              		.loc 1 317 0
 296 011a 124A     		ldr	r2, .L11+48
 297 011c 124B     		ldr	r3, .L11+52
 298 011e 1A60     		str	r2, [r3]
 318:Generated_Source\PSoC4/cyfitter_cfg.c **** 
 319:Generated_Source\PSoC4/cyfitter_cfg.c **** 	/* IOPINS0_3 Starting address: CYDEV_GPIO_PRT3_BASE */
 320:Generated_Source\PSoC4/cyfitter_cfg.c **** 	CY_SET_REG32((void *)(CYREG_GPIO_PRT3_PC), 0x00180000u);
 299              		.loc 1 320 0
 300 0120 C022     		movs	r2, #192
 301 0122 5203     		lsls	r2, r2, #13
 302 0124 114B     		ldr	r3, .L11+56
 303 0126 1A60     		str	r2, [r3]
 321:Generated_Source\PSoC4/cyfitter_cfg.c **** 
 322:Generated_Source\PSoC4/cyfitter_cfg.c **** 
 323:Generated_Source\PSoC4/cyfitter_cfg.c **** 	/* Setup clocks based on selections from Clock DWR */
 324:Generated_Source\PSoC4/cyfitter_cfg.c **** 	ClockSetup();
 304              		.loc 1 324 0
 305 0128 FFF76AFF 		bl	ClockSetup
 306              	.LVL16:
 325:Generated_Source\PSoC4/cyfitter_cfg.c **** 
 326:Generated_Source\PSoC4/cyfitter_cfg.c **** 	/* Perform basic analog initialization to defaults */
 327:Generated_Source\PSoC4/cyfitter_cfg.c **** 	AnalogSetDefault();
 307              		.loc 1 327 0
 308 012c FFF7FEFF 		bl	AnalogSetDefault
 309              	.LVL17:
 328:Generated_Source\PSoC4/cyfitter_cfg.c **** 
 329:Generated_Source\PSoC4/cyfitter_cfg.c **** }
 310              		.loc 1 329 0
 311              		@ sp needed
 312              	.LVL18:
 313 0130 10BD     		pop	{r4, pc}
 314              	.L12:
 315 0132 C046     		.align	2
 316              	.L11:
 317 0134 6CF02E40 		.word	1076818028
 318 0138 00000000 		.word	.LANCHOR0
 319 013c 00000240 		.word	1073872896
 320 0140 00500F40 		.word	1074745344
 321 0144 10500F40 		.word	1074745360
 322 0148 20500F40 		.word	1074745376
 323 014c 30500F40 		.word	1074745392
 324 0150 00700F40 		.word	1074753536
 325 0154 DEB6D900 		.word	14268126
 326 0158 08000440 		.word	1074003976
 327 015c DB6CDB00 		.word	14380251
 328 0160 08010440 		.word	1074004232
 329 0164 B60D1800 		.word	1576374
 330 0168 08020440 		.word	1074004488
ARM GAS  C:\Users\Admin\AppData\Local\Temp\ccXlocjN.s 			page 13


 331 016c 08030440 		.word	1074004744
 332              		.cfi_endproc
 333              	.LFE7:
 334              		.size	cyfitter_cfg, .-cyfitter_cfg
 335              		.section	.rodata
 336              		.align	2
 337              		.set	.LANCHOR0,. + 0
 338              		.type	cfg_memset_list.4893, %object
 339              		.size	cfg_memset_list.4893, 12
 340              	cfg_memset_list.4893:
 341 0000 00300F40 		.word	1074737152
 342 0004 0004     		.short	1024
 343 0006 00400F40 		.4byte	1074741248
 344 000a 0004     		.short	1024
 345              		.text
 346              	.Letext0:
 347              		.file 2 "c:\\program files (x86)\\cypress\\psoc creator\\4.4\\psoc creator\\import\\gnu\\arm\\5.4.
 348              		.file 3 "Generated_Source\\PSoC4\\cytypes.h"
 349              		.file 4 "Generated_Source\\PSoC4\\CyLFClk.h"
 350              		.file 5 "Generated_Source\\PSoC4\\CyLib.h"
 351              		.section	.debug_info,"",%progbits
 352              	.Ldebug_info0:
 353 0000 29030000 		.4byte	0x329
 354 0004 0400     		.2byte	0x4
 355 0006 00000000 		.4byte	.Ldebug_abbrev0
 356 000a 04       		.byte	0x4
 357 000b 01       		.uleb128 0x1
 358 000c 6F010000 		.4byte	.LASF34
 359 0010 0C       		.byte	0xc
 360 0011 81020000 		.4byte	.LASF35
 361 0015 91000000 		.4byte	.LASF36
 362 0019 00000000 		.4byte	.Ldebug_ranges0+0
 363 001d 00000000 		.4byte	0
 364 0021 00000000 		.4byte	.Ldebug_line0
 365 0025 02       		.uleb128 0x2
 366 0026 04       		.byte	0x4
 367 0027 05       		.byte	0x5
 368 0028 696E7400 		.ascii	"int\000"
 369 002c 03       		.uleb128 0x3
 370 002d 14000000 		.4byte	.LASF12
 371 0031 02       		.byte	0x2
 372 0032 D8       		.byte	0xd8
 373 0033 37000000 		.4byte	0x37
 374 0037 04       		.uleb128 0x4
 375 0038 04       		.byte	0x4
 376 0039 07       		.byte	0x7
 377 003a 36010000 		.4byte	.LASF0
 378 003e 04       		.uleb128 0x4
 379 003f 08       		.byte	0x8
 380 0040 05       		.byte	0x5
 381 0041 13020000 		.4byte	.LASF1
 382 0045 04       		.uleb128 0x4
 383 0046 08       		.byte	0x8
 384 0047 04       		.byte	0x4
 385 0048 69020000 		.4byte	.LASF2
 386 004c 04       		.uleb128 0x4
 387 004d 01       		.byte	0x1
ARM GAS  C:\Users\Admin\AppData\Local\Temp\ccXlocjN.s 			page 14


 388 004e 06       		.byte	0x6
 389 004f 75020000 		.4byte	.LASF3
 390 0053 04       		.uleb128 0x4
 391 0054 01       		.byte	0x1
 392 0055 08       		.byte	0x8
 393 0056 00010000 		.4byte	.LASF4
 394 005a 04       		.uleb128 0x4
 395 005b 02       		.byte	0x2
 396 005c 05       		.byte	0x5
 397 005d 41020000 		.4byte	.LASF5
 398 0061 04       		.uleb128 0x4
 399 0062 02       		.byte	0x2
 400 0063 07       		.byte	0x7
 401 0064 56000000 		.4byte	.LASF6
 402 0068 04       		.uleb128 0x4
 403 0069 04       		.byte	0x4
 404 006a 05       		.byte	0x5
 405 006b 60020000 		.4byte	.LASF7
 406 006f 04       		.uleb128 0x4
 407 0070 04       		.byte	0x4
 408 0071 07       		.byte	0x7
 409 0072 CD000000 		.4byte	.LASF8
 410 0076 04       		.uleb128 0x4
 411 0077 08       		.byte	0x8
 412 0078 07       		.byte	0x7
 413 0079 58010000 		.4byte	.LASF9
 414 007d 04       		.uleb128 0x4
 415 007e 04       		.byte	0x4
 416 007f 07       		.byte	0x7
 417 0080 0A020000 		.4byte	.LASF10
 418 0084 05       		.uleb128 0x5
 419 0085 04       		.byte	0x4
 420 0086 04       		.uleb128 0x4
 421 0087 01       		.byte	0x1
 422 0088 08       		.byte	0x8
 423 0089 2B020000 		.4byte	.LASF11
 424 008d 06       		.uleb128 0x6
 425 008e DF000000 		.4byte	.LASF13
 426 0092 03       		.byte	0x3
 427 0093 FB01     		.2byte	0x1fb
 428 0095 53000000 		.4byte	0x53
 429 0099 06       		.uleb128 0x6
 430 009a 28010000 		.4byte	.LASF14
 431 009e 03       		.byte	0x3
 432 009f FC01     		.2byte	0x1fc
 433 00a1 61000000 		.4byte	0x61
 434 00a5 06       		.uleb128 0x6
 435 00a6 2F010000 		.4byte	.LASF15
 436 00aa 03       		.byte	0x3
 437 00ab FD01     		.2byte	0x1fd
 438 00ad 6F000000 		.4byte	0x6f
 439 00b1 04       		.uleb128 0x4
 440 00b2 04       		.byte	0x4
 441 00b3 04       		.byte	0x4
 442 00b4 69000000 		.4byte	.LASF16
 443 00b8 04       		.uleb128 0x4
 444 00b9 08       		.byte	0x8
ARM GAS  C:\Users\Admin\AppData\Local\Temp\ccXlocjN.s 			page 15


 445 00ba 04       		.byte	0x4
 446 00bb 15010000 		.4byte	.LASF17
 447 00bf 06       		.uleb128 0x6
 448 00c0 8C000000 		.4byte	.LASF18
 449 00c4 03       		.byte	0x3
 450 00c5 A502     		.2byte	0x2a5
 451 00c7 CB000000 		.4byte	0xcb
 452 00cb 07       		.uleb128 0x7
 453 00cc 8D000000 		.4byte	0x8d
 454 00d0 06       		.uleb128 0x6
 455 00d1 0E000000 		.4byte	.LASF19
 456 00d5 03       		.byte	0x3
 457 00d6 A702     		.2byte	0x2a7
 458 00d8 DC000000 		.4byte	0xdc
 459 00dc 07       		.uleb128 0x7
 460 00dd A5000000 		.4byte	0xa5
 461 00e1 08       		.uleb128 0x8
 462 00e2 1B000000 		.4byte	.LASF37
 463 00e6 01       		.byte	0x1
 464 00e7 EA       		.byte	0xea
 465 00e8 00000000 		.4byte	.LFB6
 466 00ec 20000000 		.4byte	.LFE6-.LFB6
 467 00f0 01       		.uleb128 0x1
 468 00f1 9C       		.byte	0x9c
 469 00f2 09       		.uleb128 0x9
 470 00f3 F6000000 		.4byte	.LASF20
 471 00f7 01       		.byte	0x1
 472 00f8 4C       		.byte	0x4c
 473 00f9 00000000 		.4byte	.LFB2
 474 00fd 0C000000 		.4byte	.LFE2-.LFB2
 475 0101 01       		.uleb128 0x1
 476 0102 9C       		.byte	0x9c
 477 0103 3F010000 		.4byte	0x13f
 478 0107 0A       		.uleb128 0xa
 479 0108 7300     		.ascii	"s\000"
 480 010a 01       		.byte	0x1
 481 010b 4C       		.byte	0x4c
 482 010c 84000000 		.4byte	0x84
 483 0110 00000000 		.4byte	.LLST0
 484 0114 0A       		.uleb128 0xa
 485 0115 6E00     		.ascii	"n\000"
 486 0117 01       		.byte	0x1
 487 0118 4C       		.byte	0x4c
 488 0119 2C000000 		.4byte	0x2c
 489 011d 21000000 		.4byte	.LLST1
 490 0121 0B       		.uleb128 0xb
 491 0122 0A000000 		.4byte	.LVL2
 492 0126 CB020000 		.4byte	0x2cb
 493 012a 0C       		.uleb128 0xc
 494 012b 01       		.uleb128 0x1
 495 012c 50       		.byte	0x50
 496 012d 03       		.uleb128 0x3
 497 012e F3       		.byte	0xf3
 498 012f 01       		.uleb128 0x1
 499 0130 50       		.byte	0x50
 500 0131 0C       		.uleb128 0xc
 501 0132 01       		.uleb128 0x1
ARM GAS  C:\Users\Admin\AppData\Local\Temp\ccXlocjN.s 			page 16


 502 0133 51       		.byte	0x51
 503 0134 01       		.uleb128 0x1
 504 0135 30       		.byte	0x30
 505 0136 0C       		.uleb128 0xc
 506 0137 01       		.uleb128 0x1
 507 0138 52       		.byte	0x52
 508 0139 03       		.uleb128 0x3
 509 013a F3       		.byte	0xf3
 510 013b 01       		.uleb128 0x1
 511 013c 51       		.byte	0x51
 512 013d 00       		.byte	0
 513 013e 00       		.byte	0
 514 013f 09       		.uleb128 0x9
 515 0140 4B000000 		.4byte	.LASF21
 516 0144 01       		.byte	0x1
 517 0145 AA       		.byte	0xaa
 518 0146 00000000 		.4byte	.LFB5
 519 014a B4000000 		.4byte	.LFE5-.LFB5
 520 014e 01       		.uleb128 0x1
 521 014f 9C       		.byte	0x9c
 522 0150 E8010000 		.4byte	0x1e8
 523 0154 0D       		.uleb128 0xd
 524 0155 0C000000 		.4byte	.LVL3
 525 0159 D4020000 		.4byte	0x2d4
 526 015d 0E       		.uleb128 0xe
 527 015e 12000000 		.4byte	.LVL4
 528 0162 DF020000 		.4byte	0x2df
 529 0166 74010000 		.4byte	0x174
 530 016a 0C       		.uleb128 0xc
 531 016b 01       		.uleb128 0x1
 532 016c 50       		.byte	0x50
 533 016d 05       		.uleb128 0x5
 534 016e 0C       		.byte	0xc
 535 016f 001BB700 		.4byte	0xb71b00
 536 0173 00       		.byte	0
 537 0174 0E       		.uleb128 0xe
 538 0175 18000000 		.4byte	.LVL5
 539 0179 EA020000 		.4byte	0x2ea
 540 017d 87010000 		.4byte	0x187
 541 0181 0C       		.uleb128 0xc
 542 0182 01       		.uleb128 0x1
 543 0183 50       		.byte	0x50
 544 0184 01       		.uleb128 0x1
 545 0185 31       		.byte	0x31
 546 0186 00       		.byte	0
 547 0187 0E       		.uleb128 0xe
 548 0188 1E000000 		.4byte	.LVL6
 549 018c F5020000 		.4byte	0x2f5
 550 0190 9B010000 		.4byte	0x19b
 551 0194 0C       		.uleb128 0xc
 552 0195 01       		.uleb128 0x1
 553 0196 50       		.byte	0x50
 554 0197 02       		.uleb128 0x2
 555 0198 08       		.byte	0x8
 556 0199 30       		.byte	0x30
 557 019a 00       		.byte	0
 558 019b 0E       		.uleb128 0xe
ARM GAS  C:\Users\Admin\AppData\Local\Temp\ccXlocjN.s 			page 17


 559 019c 54000000 		.4byte	.LVL7
 560 01a0 00030000 		.4byte	0x300
 561 01a4 B0010000 		.4byte	0x1b0
 562 01a8 0C       		.uleb128 0xc
 563 01a9 01       		.uleb128 0x1
 564 01aa 50       		.byte	0x50
 565 01ab 03       		.uleb128 0x3
 566 01ac 0A       		.byte	0xa
 567 01ad D007     		.2byte	0x7d0
 568 01af 00       		.byte	0
 569 01b0 0E       		.uleb128 0xe
 570 01b1 5A000000 		.4byte	.LVL8
 571 01b5 0B030000 		.4byte	0x30b
 572 01b9 C5010000 		.4byte	0x1c5
 573 01bd 0C       		.uleb128 0xc
 574 01be 01       		.uleb128 0x1
 575 01bf 50       		.byte	0x50
 576 01c0 03       		.uleb128 0x3
 577 01c1 0A       		.byte	0xa
 578 01c2 DC05     		.2byte	0x5dc
 579 01c4 00       		.byte	0
 580 01c5 0E       		.uleb128 0xe
 581 01c6 72000000 		.4byte	.LVL9
 582 01ca 16030000 		.4byte	0x316
 583 01ce D8010000 		.4byte	0x1d8
 584 01d2 0C       		.uleb128 0xc
 585 01d3 01       		.uleb128 0x1
 586 01d4 50       		.byte	0x50
 587 01d5 01       		.uleb128 0x1
 588 01d6 38       		.byte	0x38
 589 01d7 00       		.byte	0
 590 01d8 0B       		.uleb128 0xb
 591 01d9 78000000 		.4byte	.LVL10
 592 01dd 21030000 		.4byte	0x321
 593 01e1 0C       		.uleb128 0xc
 594 01e2 01       		.uleb128 0x1
 595 01e3 50       		.byte	0x50
 596 01e4 01       		.uleb128 0x1
 597 01e5 38       		.byte	0x38
 598 01e6 00       		.byte	0
 599 01e7 00       		.byte	0
 600 01e8 0F       		.uleb128 0xf
 601 01e9 43010000 		.4byte	.LASF38
 602 01ed 01       		.byte	0x1
 603 01ee 0501     		.2byte	0x105
 604 01f0 B4000000 		.4byte	.LFB7
 605 01f4 BC000000 		.4byte	.LFE7-.LFB7
 606 01f8 01       		.uleb128 0x1
 607 01f9 9C       		.byte	0x9c
 608 01fa CB020000 		.4byte	0x2cb
 609 01fe 10       		.uleb128 0x10
 610 01ff BE000000 		.4byte	.LBB2
 611 0203 50000000 		.4byte	.LBE2-.LBB2
 612 0207 B8020000 		.4byte	0x2b8
 613 020b 11       		.uleb128 0x11
 614 020c 06       		.byte	0x6
 615 020d 01       		.byte	0x1
ARM GAS  C:\Users\Admin\AppData\Local\Temp\ccXlocjN.s 			page 18


 616 020e 0E01     		.2byte	0x10e
 617 0210 2F020000 		.4byte	0x22f
 618 0214 12       		.uleb128 0x12
 619 0215 50010000 		.4byte	.LASF22
 620 0219 01       		.byte	0x1
 621 021a 0F01     		.2byte	0x10f
 622 021c 84000000 		.4byte	0x84
 623 0220 00       		.byte	0
 624 0221 12       		.uleb128 0x12
 625 0222 6F000000 		.4byte	.LASF23
 626 0226 01       		.byte	0x1
 627 0227 1001     		.2byte	0x110
 628 0229 99000000 		.4byte	0x99
 629 022d 04       		.byte	0x4
 630 022e 00       		.byte	0
 631 022f 06       		.uleb128 0x6
 632 0230 FD010000 		.4byte	.LASF24
 633 0234 01       		.byte	0x1
 634 0235 1101     		.2byte	0x111
 635 0237 0B020000 		.4byte	0x20b
 636 023b 13       		.uleb128 0x13
 637 023c 4B020000 		.4byte	0x24b
 638 0240 4B020000 		.4byte	0x24b
 639 0244 14       		.uleb128 0x14
 640 0245 7D000000 		.4byte	0x7d
 641 0249 01       		.byte	0x1
 642 024a 00       		.byte	0
 643 024b 15       		.uleb128 0x15
 644 024c 2F020000 		.4byte	0x22f
 645 0250 16       		.uleb128 0x16
 646 0251 3B000000 		.4byte	.LASF25
 647 0255 01       		.byte	0x1
 648 0256 1301     		.2byte	0x113
 649 0258 62020000 		.4byte	0x262
 650 025c 05       		.uleb128 0x5
 651 025d 03       		.byte	0x3
 652 025e 00000000 		.4byte	cfg_memset_list.4893
 653 0262 15       		.uleb128 0x15
 654 0263 3B020000 		.4byte	0x23b
 655 0267 17       		.uleb128 0x17
 656 0268 6900     		.ascii	"i\000"
 657 026a 01       		.byte	0x1
 658 026b 1901     		.2byte	0x119
 659 026d 8D000000 		.4byte	0x8d
 660 0271 4D000000 		.4byte	.LLST2
 661 0275 18       		.uleb128 0x18
 662 0276 C2000000 		.4byte	.LBB3
 663 027a 1C000000 		.4byte	.LBE3-.LBB3
 664 027e 17       		.uleb128 0x17
 665 027f 6D7300   		.ascii	"ms\000"
 666 0282 01       		.byte	0x1
 667 0283 1E01     		.2byte	0x11e
 668 0285 8D020000 		.4byte	0x28d
 669 0289 77000000 		.4byte	.LLST3
 670 028d 19       		.uleb128 0x19
 671 028e 04       		.byte	0x4
 672 028f 4B020000 		.4byte	0x24b
ARM GAS  C:\Users\Admin\AppData\Local\Temp\ccXlocjN.s 			page 19


 673 0293 0B       		.uleb128 0xb
 674 0294 DE000000 		.4byte	.LVL13
 675 0298 F2000000 		.4byte	0xf2
 676 029c 0C       		.uleb128 0xc
 677 029d 01       		.uleb128 0x1
 678 029e 51       		.byte	0x51
 679 029f 15       		.uleb128 0x15
 680 02a0 74       		.byte	0x74
 681 02a1 00       		.sleb128 0
 682 02a2 31       		.byte	0x31
 683 02a3 24       		.byte	0x24
 684 02a4 74       		.byte	0x74
 685 02a5 00       		.sleb128 0
 686 02a6 22       		.byte	0x22
 687 02a7 31       		.byte	0x31
 688 02a8 24       		.byte	0x24
 689 02a9 03       		.byte	0x3
 690 02aa 04000000 		.4byte	.LANCHOR0+4
 691 02ae 22       		.byte	0x22
 692 02af 94       		.byte	0x94
 693 02b0 02       		.byte	0x2
 694 02b1 0A       		.byte	0xa
 695 02b2 FFFF     		.2byte	0xffff
 696 02b4 1A       		.byte	0x1a
 697 02b5 00       		.byte	0
 698 02b6 00       		.byte	0
 699 02b7 00       		.byte	0
 700 02b8 0D       		.uleb128 0xd
 701 02b9 2C010000 		.4byte	.LVL16
 702 02bd 3F010000 		.4byte	0x13f
 703 02c1 0D       		.uleb128 0xd
 704 02c2 30010000 		.4byte	.LVL17
 705 02c6 E1000000 		.4byte	0xe1
 706 02ca 00       		.byte	0
 707 02cb 1A       		.uleb128 0x1a
 708 02cc 0E010000 		.4byte	.LASF39
 709 02d0 0E010000 		.4byte	.LASF39
 710 02d4 1B       		.uleb128 0x1b
 711 02d5 E5000000 		.4byte	.LASF26
 712 02d9 E5000000 		.4byte	.LASF26
 713 02dd 04       		.byte	0x4
 714 02de 4E       		.byte	0x4e
 715 02df 1B       		.uleb128 0x1b
 716 02e0 00000000 		.4byte	.LASF27
 717 02e4 00000000 		.4byte	.LASF27
 718 02e8 05       		.byte	0x5
 719 02e9 EF       		.byte	0xef
 720 02ea 1B       		.uleb128 0x1b
 721 02eb 74000000 		.4byte	.LASF28
 722 02ef 74000000 		.4byte	.LASF28
 723 02f3 04       		.byte	0x4
 724 02f4 50       		.byte	0x50
 725 02f5 1B       		.uleb128 0x1b
 726 02f6 4B020000 		.4byte	.LASF29
 727 02fa 4B020000 		.4byte	.LASF29
 728 02fe 05       		.byte	0x5
 729 02ff 6C       		.byte	0x6c
ARM GAS  C:\Users\Admin\AppData\Local\Temp\ccXlocjN.s 			page 20


 730 0300 1B       		.uleb128 0x1b
 731 0301 30020000 		.4byte	.LASF30
 732 0305 30020000 		.4byte	.LASF30
 733 0309 05       		.byte	0x5
 734 030a 84       		.byte	0x84
 735 030b 1B       		.uleb128 0x1b
 736 030c 21020000 		.4byte	.LASF31
 737 0310 21020000 		.4byte	.LASF31
 738 0314 05       		.byte	0x5
 739 0315 ED       		.byte	0xed
 740 0316 1B       		.uleb128 0x1b
 741 0317 2C000000 		.4byte	.LASF32
 742 031b 2C000000 		.4byte	.LASF32
 743 031f 05       		.byte	0x5
 744 0320 D0       		.byte	0xd0
 745 0321 1B       		.uleb128 0x1b
 746 0322 1C010000 		.4byte	.LASF33
 747 0326 1C010000 		.4byte	.LASF33
 748 032a 05       		.byte	0x5
 749 032b D6       		.byte	0xd6
 750 032c 00       		.byte	0
 751              		.section	.debug_abbrev,"",%progbits
 752              	.Ldebug_abbrev0:
 753 0000 01       		.uleb128 0x1
 754 0001 11       		.uleb128 0x11
 755 0002 01       		.byte	0x1
 756 0003 25       		.uleb128 0x25
 757 0004 0E       		.uleb128 0xe
 758 0005 13       		.uleb128 0x13
 759 0006 0B       		.uleb128 0xb
 760 0007 03       		.uleb128 0x3
 761 0008 0E       		.uleb128 0xe
 762 0009 1B       		.uleb128 0x1b
 763 000a 0E       		.uleb128 0xe
 764 000b 55       		.uleb128 0x55
 765 000c 17       		.uleb128 0x17
 766 000d 11       		.uleb128 0x11
 767 000e 01       		.uleb128 0x1
 768 000f 10       		.uleb128 0x10
 769 0010 17       		.uleb128 0x17
 770 0011 00       		.byte	0
 771 0012 00       		.byte	0
 772 0013 02       		.uleb128 0x2
 773 0014 24       		.uleb128 0x24
 774 0015 00       		.byte	0
 775 0016 0B       		.uleb128 0xb
 776 0017 0B       		.uleb128 0xb
 777 0018 3E       		.uleb128 0x3e
 778 0019 0B       		.uleb128 0xb
 779 001a 03       		.uleb128 0x3
 780 001b 08       		.uleb128 0x8
 781 001c 00       		.byte	0
 782 001d 00       		.byte	0
 783 001e 03       		.uleb128 0x3
 784 001f 16       		.uleb128 0x16
 785 0020 00       		.byte	0
 786 0021 03       		.uleb128 0x3
ARM GAS  C:\Users\Admin\AppData\Local\Temp\ccXlocjN.s 			page 21


 787 0022 0E       		.uleb128 0xe
 788 0023 3A       		.uleb128 0x3a
 789 0024 0B       		.uleb128 0xb
 790 0025 3B       		.uleb128 0x3b
 791 0026 0B       		.uleb128 0xb
 792 0027 49       		.uleb128 0x49
 793 0028 13       		.uleb128 0x13
 794 0029 00       		.byte	0
 795 002a 00       		.byte	0
 796 002b 04       		.uleb128 0x4
 797 002c 24       		.uleb128 0x24
 798 002d 00       		.byte	0
 799 002e 0B       		.uleb128 0xb
 800 002f 0B       		.uleb128 0xb
 801 0030 3E       		.uleb128 0x3e
 802 0031 0B       		.uleb128 0xb
 803 0032 03       		.uleb128 0x3
 804 0033 0E       		.uleb128 0xe
 805 0034 00       		.byte	0
 806 0035 00       		.byte	0
 807 0036 05       		.uleb128 0x5
 808 0037 0F       		.uleb128 0xf
 809 0038 00       		.byte	0
 810 0039 0B       		.uleb128 0xb
 811 003a 0B       		.uleb128 0xb
 812 003b 00       		.byte	0
 813 003c 00       		.byte	0
 814 003d 06       		.uleb128 0x6
 815 003e 16       		.uleb128 0x16
 816 003f 00       		.byte	0
 817 0040 03       		.uleb128 0x3
 818 0041 0E       		.uleb128 0xe
 819 0042 3A       		.uleb128 0x3a
 820 0043 0B       		.uleb128 0xb
 821 0044 3B       		.uleb128 0x3b
 822 0045 05       		.uleb128 0x5
 823 0046 49       		.uleb128 0x49
 824 0047 13       		.uleb128 0x13
 825 0048 00       		.byte	0
 826 0049 00       		.byte	0
 827 004a 07       		.uleb128 0x7
 828 004b 35       		.uleb128 0x35
 829 004c 00       		.byte	0
 830 004d 49       		.uleb128 0x49
 831 004e 13       		.uleb128 0x13
 832 004f 00       		.byte	0
 833 0050 00       		.byte	0
 834 0051 08       		.uleb128 0x8
 835 0052 2E       		.uleb128 0x2e
 836 0053 00       		.byte	0
 837 0054 03       		.uleb128 0x3
 838 0055 0E       		.uleb128 0xe
 839 0056 3A       		.uleb128 0x3a
 840 0057 0B       		.uleb128 0xb
 841 0058 3B       		.uleb128 0x3b
 842 0059 0B       		.uleb128 0xb
 843 005a 27       		.uleb128 0x27
ARM GAS  C:\Users\Admin\AppData\Local\Temp\ccXlocjN.s 			page 22


 844 005b 19       		.uleb128 0x19
 845 005c 11       		.uleb128 0x11
 846 005d 01       		.uleb128 0x1
 847 005e 12       		.uleb128 0x12
 848 005f 06       		.uleb128 0x6
 849 0060 40       		.uleb128 0x40
 850 0061 18       		.uleb128 0x18
 851 0062 9742     		.uleb128 0x2117
 852 0064 19       		.uleb128 0x19
 853 0065 00       		.byte	0
 854 0066 00       		.byte	0
 855 0067 09       		.uleb128 0x9
 856 0068 2E       		.uleb128 0x2e
 857 0069 01       		.byte	0x1
 858 006a 03       		.uleb128 0x3
 859 006b 0E       		.uleb128 0xe
 860 006c 3A       		.uleb128 0x3a
 861 006d 0B       		.uleb128 0xb
 862 006e 3B       		.uleb128 0x3b
 863 006f 0B       		.uleb128 0xb
 864 0070 27       		.uleb128 0x27
 865 0071 19       		.uleb128 0x19
 866 0072 11       		.uleb128 0x11
 867 0073 01       		.uleb128 0x1
 868 0074 12       		.uleb128 0x12
 869 0075 06       		.uleb128 0x6
 870 0076 40       		.uleb128 0x40
 871 0077 18       		.uleb128 0x18
 872 0078 9742     		.uleb128 0x2117
 873 007a 19       		.uleb128 0x19
 874 007b 01       		.uleb128 0x1
 875 007c 13       		.uleb128 0x13
 876 007d 00       		.byte	0
 877 007e 00       		.byte	0
 878 007f 0A       		.uleb128 0xa
 879 0080 05       		.uleb128 0x5
 880 0081 00       		.byte	0
 881 0082 03       		.uleb128 0x3
 882 0083 08       		.uleb128 0x8
 883 0084 3A       		.uleb128 0x3a
 884 0085 0B       		.uleb128 0xb
 885 0086 3B       		.uleb128 0x3b
 886 0087 0B       		.uleb128 0xb
 887 0088 49       		.uleb128 0x49
 888 0089 13       		.uleb128 0x13
 889 008a 02       		.uleb128 0x2
 890 008b 17       		.uleb128 0x17
 891 008c 00       		.byte	0
 892 008d 00       		.byte	0
 893 008e 0B       		.uleb128 0xb
 894 008f 898201   		.uleb128 0x4109
 895 0092 01       		.byte	0x1
 896 0093 11       		.uleb128 0x11
 897 0094 01       		.uleb128 0x1
 898 0095 31       		.uleb128 0x31
 899 0096 13       		.uleb128 0x13
 900 0097 00       		.byte	0
ARM GAS  C:\Users\Admin\AppData\Local\Temp\ccXlocjN.s 			page 23


 901 0098 00       		.byte	0
 902 0099 0C       		.uleb128 0xc
 903 009a 8A8201   		.uleb128 0x410a
 904 009d 00       		.byte	0
 905 009e 02       		.uleb128 0x2
 906 009f 18       		.uleb128 0x18
 907 00a0 9142     		.uleb128 0x2111
 908 00a2 18       		.uleb128 0x18
 909 00a3 00       		.byte	0
 910 00a4 00       		.byte	0
 911 00a5 0D       		.uleb128 0xd
 912 00a6 898201   		.uleb128 0x4109
 913 00a9 00       		.byte	0
 914 00aa 11       		.uleb128 0x11
 915 00ab 01       		.uleb128 0x1
 916 00ac 31       		.uleb128 0x31
 917 00ad 13       		.uleb128 0x13
 918 00ae 00       		.byte	0
 919 00af 00       		.byte	0
 920 00b0 0E       		.uleb128 0xe
 921 00b1 898201   		.uleb128 0x4109
 922 00b4 01       		.byte	0x1
 923 00b5 11       		.uleb128 0x11
 924 00b6 01       		.uleb128 0x1
 925 00b7 31       		.uleb128 0x31
 926 00b8 13       		.uleb128 0x13
 927 00b9 01       		.uleb128 0x1
 928 00ba 13       		.uleb128 0x13
 929 00bb 00       		.byte	0
 930 00bc 00       		.byte	0
 931 00bd 0F       		.uleb128 0xf
 932 00be 2E       		.uleb128 0x2e
 933 00bf 01       		.byte	0x1
 934 00c0 3F       		.uleb128 0x3f
 935 00c1 19       		.uleb128 0x19
 936 00c2 03       		.uleb128 0x3
 937 00c3 0E       		.uleb128 0xe
 938 00c4 3A       		.uleb128 0x3a
 939 00c5 0B       		.uleb128 0xb
 940 00c6 3B       		.uleb128 0x3b
 941 00c7 05       		.uleb128 0x5
 942 00c8 27       		.uleb128 0x27
 943 00c9 19       		.uleb128 0x19
 944 00ca 11       		.uleb128 0x11
 945 00cb 01       		.uleb128 0x1
 946 00cc 12       		.uleb128 0x12
 947 00cd 06       		.uleb128 0x6
 948 00ce 40       		.uleb128 0x40
 949 00cf 18       		.uleb128 0x18
 950 00d0 9742     		.uleb128 0x2117
 951 00d2 19       		.uleb128 0x19
 952 00d3 01       		.uleb128 0x1
 953 00d4 13       		.uleb128 0x13
 954 00d5 00       		.byte	0
 955 00d6 00       		.byte	0
 956 00d7 10       		.uleb128 0x10
 957 00d8 0B       		.uleb128 0xb
ARM GAS  C:\Users\Admin\AppData\Local\Temp\ccXlocjN.s 			page 24


 958 00d9 01       		.byte	0x1
 959 00da 11       		.uleb128 0x11
 960 00db 01       		.uleb128 0x1
 961 00dc 12       		.uleb128 0x12
 962 00dd 06       		.uleb128 0x6
 963 00de 01       		.uleb128 0x1
 964 00df 13       		.uleb128 0x13
 965 00e0 00       		.byte	0
 966 00e1 00       		.byte	0
 967 00e2 11       		.uleb128 0x11
 968 00e3 13       		.uleb128 0x13
 969 00e4 01       		.byte	0x1
 970 00e5 0B       		.uleb128 0xb
 971 00e6 0B       		.uleb128 0xb
 972 00e7 3A       		.uleb128 0x3a
 973 00e8 0B       		.uleb128 0xb
 974 00e9 3B       		.uleb128 0x3b
 975 00ea 05       		.uleb128 0x5
 976 00eb 01       		.uleb128 0x1
 977 00ec 13       		.uleb128 0x13
 978 00ed 00       		.byte	0
 979 00ee 00       		.byte	0
 980 00ef 12       		.uleb128 0x12
 981 00f0 0D       		.uleb128 0xd
 982 00f1 00       		.byte	0
 983 00f2 03       		.uleb128 0x3
 984 00f3 0E       		.uleb128 0xe
 985 00f4 3A       		.uleb128 0x3a
 986 00f5 0B       		.uleb128 0xb
 987 00f6 3B       		.uleb128 0x3b
 988 00f7 05       		.uleb128 0x5
 989 00f8 49       		.uleb128 0x49
 990 00f9 13       		.uleb128 0x13
 991 00fa 38       		.uleb128 0x38
 992 00fb 0B       		.uleb128 0xb
 993 00fc 00       		.byte	0
 994 00fd 00       		.byte	0
 995 00fe 13       		.uleb128 0x13
 996 00ff 01       		.uleb128 0x1
 997 0100 01       		.byte	0x1
 998 0101 49       		.uleb128 0x49
 999 0102 13       		.uleb128 0x13
 1000 0103 01       		.uleb128 0x1
 1001 0104 13       		.uleb128 0x13
 1002 0105 00       		.byte	0
 1003 0106 00       		.byte	0
 1004 0107 14       		.uleb128 0x14
 1005 0108 21       		.uleb128 0x21
 1006 0109 00       		.byte	0
 1007 010a 49       		.uleb128 0x49
 1008 010b 13       		.uleb128 0x13
 1009 010c 2F       		.uleb128 0x2f
 1010 010d 0B       		.uleb128 0xb
 1011 010e 00       		.byte	0
 1012 010f 00       		.byte	0
 1013 0110 15       		.uleb128 0x15
 1014 0111 26       		.uleb128 0x26
ARM GAS  C:\Users\Admin\AppData\Local\Temp\ccXlocjN.s 			page 25


 1015 0112 00       		.byte	0
 1016 0113 49       		.uleb128 0x49
 1017 0114 13       		.uleb128 0x13
 1018 0115 00       		.byte	0
 1019 0116 00       		.byte	0
 1020 0117 16       		.uleb128 0x16
 1021 0118 34       		.uleb128 0x34
 1022 0119 00       		.byte	0
 1023 011a 03       		.uleb128 0x3
 1024 011b 0E       		.uleb128 0xe
 1025 011c 3A       		.uleb128 0x3a
 1026 011d 0B       		.uleb128 0xb
 1027 011e 3B       		.uleb128 0x3b
 1028 011f 05       		.uleb128 0x5
 1029 0120 49       		.uleb128 0x49
 1030 0121 13       		.uleb128 0x13
 1031 0122 02       		.uleb128 0x2
 1032 0123 18       		.uleb128 0x18
 1033 0124 00       		.byte	0
 1034 0125 00       		.byte	0
 1035 0126 17       		.uleb128 0x17
 1036 0127 34       		.uleb128 0x34
 1037 0128 00       		.byte	0
 1038 0129 03       		.uleb128 0x3
 1039 012a 08       		.uleb128 0x8
 1040 012b 3A       		.uleb128 0x3a
 1041 012c 0B       		.uleb128 0xb
 1042 012d 3B       		.uleb128 0x3b
 1043 012e 05       		.uleb128 0x5
 1044 012f 49       		.uleb128 0x49
 1045 0130 13       		.uleb128 0x13
 1046 0131 02       		.uleb128 0x2
 1047 0132 17       		.uleb128 0x17
 1048 0133 00       		.byte	0
 1049 0134 00       		.byte	0
 1050 0135 18       		.uleb128 0x18
 1051 0136 0B       		.uleb128 0xb
 1052 0137 01       		.byte	0x1
 1053 0138 11       		.uleb128 0x11
 1054 0139 01       		.uleb128 0x1
 1055 013a 12       		.uleb128 0x12
 1056 013b 06       		.uleb128 0x6
 1057 013c 00       		.byte	0
 1058 013d 00       		.byte	0
 1059 013e 19       		.uleb128 0x19
 1060 013f 0F       		.uleb128 0xf
 1061 0140 00       		.byte	0
 1062 0141 0B       		.uleb128 0xb
 1063 0142 0B       		.uleb128 0xb
 1064 0143 49       		.uleb128 0x49
 1065 0144 13       		.uleb128 0x13
 1066 0145 00       		.byte	0
 1067 0146 00       		.byte	0
 1068 0147 1A       		.uleb128 0x1a
 1069 0148 2E       		.uleb128 0x2e
 1070 0149 00       		.byte	0
 1071 014a 3F       		.uleb128 0x3f
ARM GAS  C:\Users\Admin\AppData\Local\Temp\ccXlocjN.s 			page 26


 1072 014b 19       		.uleb128 0x19
 1073 014c 3C       		.uleb128 0x3c
 1074 014d 19       		.uleb128 0x19
 1075 014e 6E       		.uleb128 0x6e
 1076 014f 0E       		.uleb128 0xe
 1077 0150 03       		.uleb128 0x3
 1078 0151 0E       		.uleb128 0xe
 1079 0152 00       		.byte	0
 1080 0153 00       		.byte	0
 1081 0154 1B       		.uleb128 0x1b
 1082 0155 2E       		.uleb128 0x2e
 1083 0156 00       		.byte	0
 1084 0157 3F       		.uleb128 0x3f
 1085 0158 19       		.uleb128 0x19
 1086 0159 3C       		.uleb128 0x3c
 1087 015a 19       		.uleb128 0x19
 1088 015b 6E       		.uleb128 0x6e
 1089 015c 0E       		.uleb128 0xe
 1090 015d 03       		.uleb128 0x3
 1091 015e 0E       		.uleb128 0xe
 1092 015f 3A       		.uleb128 0x3a
 1093 0160 0B       		.uleb128 0xb
 1094 0161 3B       		.uleb128 0x3b
 1095 0162 0B       		.uleb128 0xb
 1096 0163 00       		.byte	0
 1097 0164 00       		.byte	0
 1098 0165 00       		.byte	0
 1099              		.section	.debug_loc,"",%progbits
 1100              	.Ldebug_loc0:
 1101              	.LLST0:
 1102 0000 00000000 		.4byte	.LVL0
 1103 0004 09000000 		.4byte	.LVL2-1
 1104 0008 0100     		.2byte	0x1
 1105 000a 50       		.byte	0x50
 1106 000b 09000000 		.4byte	.LVL2-1
 1107 000f 0C000000 		.4byte	.LFE2
 1108 0013 0400     		.2byte	0x4
 1109 0015 F3       		.byte	0xf3
 1110 0016 01       		.uleb128 0x1
 1111 0017 50       		.byte	0x50
 1112 0018 9F       		.byte	0x9f
 1113 0019 00000000 		.4byte	0
 1114 001d 00000000 		.4byte	0
 1115              	.LLST1:
 1116 0021 00000000 		.4byte	.LVL0
 1117 0025 06000000 		.4byte	.LVL1
 1118 0029 0100     		.2byte	0x1
 1119 002b 51       		.byte	0x51
 1120 002c 06000000 		.4byte	.LVL1
 1121 0030 09000000 		.4byte	.LVL2-1
 1122 0034 0100     		.2byte	0x1
 1123 0036 52       		.byte	0x52
 1124 0037 09000000 		.4byte	.LVL2-1
 1125 003b 0C000000 		.4byte	.LFE2
 1126 003f 0400     		.2byte	0x4
 1127 0041 F3       		.byte	0xf3
 1128 0042 01       		.uleb128 0x1
ARM GAS  C:\Users\Admin\AppData\Local\Temp\ccXlocjN.s 			page 27


 1129 0043 51       		.byte	0x51
 1130 0044 9F       		.byte	0x9f
 1131 0045 00000000 		.4byte	0
 1132 0049 00000000 		.4byte	0
 1133              	.LLST2:
 1134 004d BE000000 		.4byte	.LVL11
 1135 0051 C2000000 		.4byte	.LVL12
 1136 0055 0200     		.2byte	0x2
 1137 0057 30       		.byte	0x30
 1138 0058 9F       		.byte	0x9f
 1139 0059 C2000000 		.4byte	.LVL12
 1140 005d E0000000 		.4byte	.LVL14
 1141 0061 0100     		.2byte	0x1
 1142 0063 54       		.byte	0x54
 1143 0064 E2000000 		.4byte	.LVL15
 1144 0068 30010000 		.4byte	.LVL18
 1145 006c 0100     		.2byte	0x1
 1146 006e 54       		.byte	0x54
 1147 006f 00000000 		.4byte	0
 1148 0073 00000000 		.4byte	0
 1149              	.LLST3:
 1150 0077 C2000000 		.4byte	.LVL12
 1151 007b E0000000 		.4byte	.LVL14
 1152 007f 0B00     		.2byte	0xb
 1153 0081 74       		.byte	0x74
 1154 0082 00       		.sleb128 0
 1155 0083 36       		.byte	0x36
 1156 0084 1E       		.byte	0x1e
 1157 0085 03       		.byte	0x3
 1158 0086 00000000 		.4byte	cfg_memset_list.4893
 1159 008a 22       		.byte	0x22
 1160 008b 9F       		.byte	0x9f
 1161 008c E0000000 		.4byte	.LVL14
 1162 0090 E2000000 		.4byte	.LVL15
 1163 0094 0B00     		.2byte	0xb
 1164 0096 74       		.byte	0x74
 1165 0097 7F       		.sleb128 -1
 1166 0098 36       		.byte	0x36
 1167 0099 1E       		.byte	0x1e
 1168 009a 03       		.byte	0x3
 1169 009b 00000000 		.4byte	cfg_memset_list.4893
 1170 009f 22       		.byte	0x22
 1171 00a0 9F       		.byte	0x9f
 1172 00a1 00000000 		.4byte	0
 1173 00a5 00000000 		.4byte	0
 1174              		.section	.debug_aranges,"",%progbits
 1175 0000 34000000 		.4byte	0x34
 1176 0004 0200     		.2byte	0x2
 1177 0006 00000000 		.4byte	.Ldebug_info0
 1178 000a 04       		.byte	0x4
 1179 000b 00       		.byte	0
 1180 000c 0000     		.2byte	0
 1181 000e 0000     		.2byte	0
 1182 0010 00000000 		.4byte	.LFB6
 1183 0014 20000000 		.4byte	.LFE6-.LFB6
 1184 0018 00000000 		.4byte	.LFB2
 1185 001c 0C000000 		.4byte	.LFE2-.LFB2
ARM GAS  C:\Users\Admin\AppData\Local\Temp\ccXlocjN.s 			page 28


 1186 0020 00000000 		.4byte	.LFB5
 1187 0024 B4000000 		.4byte	.LFE5-.LFB5
 1188 0028 B4000000 		.4byte	.LFB7
 1189 002c BC000000 		.4byte	.LFE7-.LFB7
 1190 0030 00000000 		.4byte	0
 1191 0034 00000000 		.4byte	0
 1192              		.section	.debug_ranges,"",%progbits
 1193              	.Ldebug_ranges0:
 1194 0000 00000000 		.4byte	.LFB6
 1195 0004 20000000 		.4byte	.LFE6
 1196 0008 00000000 		.4byte	.LFB2
 1197 000c 0C000000 		.4byte	.LFE2
 1198 0010 00000000 		.4byte	.LFB5
 1199 0014 B4000000 		.4byte	.LFE5
 1200 0018 B4000000 		.4byte	.LFB7
 1201 001c 70010000 		.4byte	.LFE7
 1202 0020 00000000 		.4byte	0
 1203 0024 00000000 		.4byte	0
 1204              		.section	.debug_line,"",%progbits
 1205              	.Ldebug_line0:
 1206 0000 59010000 		.section	.debug_str,"MS",%progbits,1
 1206      0200E300 
 1206      00000201 
 1206      FB0E0D00 
 1206      01010101 
 1207              	.LASF27:
 1208 0000 43794465 		.ascii	"CyDelayCycles\000"
 1208      6C617943 
 1208      79636C65 
 1208      7300
 1209              	.LASF19:
 1210 000e 72656733 		.ascii	"reg32\000"
 1210      3200
 1211              	.LASF12:
 1212 0014 73697A65 		.ascii	"size_t\000"
 1212      5F7400
 1213              	.LASF37:
 1214 001b 416E616C 		.ascii	"AnalogSetDefault\000"
 1214      6F675365 
 1214      74446566 
 1214      61756C74 
 1214      00
 1215              	.LASF32:
 1216 002c 4379496E 		.ascii	"CyIntSetVector\000"
 1216      74536574 
 1216      56656374 
 1216      6F7200
 1217              	.LASF25:
 1218 003b 6366675F 		.ascii	"cfg_memset_list\000"
 1218      6D656D73 
 1218      65745F6C 
 1218      69737400 
 1219              	.LASF21:
 1220 004b 436C6F63 		.ascii	"ClockSetup\000"
 1220      6B536574 
 1220      757000
 1221              	.LASF6:
ARM GAS  C:\Users\Admin\AppData\Local\Temp\ccXlocjN.s 			page 29


 1222 0056 73686F72 		.ascii	"short unsigned int\000"
 1222      7420756E 
 1222      7369676E 
 1222      65642069 
 1222      6E7400
 1223              	.LASF16:
 1224 0069 666C6F61 		.ascii	"float\000"
 1224      7400
 1225              	.LASF23:
 1226 006f 73697A65 		.ascii	"size\000"
 1226      00
 1227              	.LASF28:
 1228 0074 43795379 		.ascii	"CySysClkWcoSetPowerMode\000"
 1228      73436C6B 
 1228      57636F53 
 1228      6574506F 
 1228      7765724D 
 1229              	.LASF18:
 1230 008c 72656738 		.ascii	"reg8\000"
 1230      00
 1231              	.LASF36:
 1232 0091 433A5C55 		.ascii	"C:\\Users\\Admin\\Documents\\PSoC Creator\\Workspac"
 1232      73657273 
 1232      5C41646D 
 1232      696E5C44 
 1232      6F63756D 
 1233 00bf 6530355C 		.ascii	"e05\\374.cydsn\000"
 1233      3337342E 
 1233      63796473 
 1233      6E00
 1234              	.LASF8:
 1235 00cd 6C6F6E67 		.ascii	"long unsigned int\000"
 1235      20756E73 
 1235      69676E65 
 1235      6420696E 
 1235      7400
 1236              	.LASF13:
 1237 00df 75696E74 		.ascii	"uint8\000"
 1237      3800
 1238              	.LASF26:
 1239 00e5 43795379 		.ascii	"CySysClkWcoStart\000"
 1239      73436C6B 
 1239      57636F53 
 1239      74617274 
 1239      00
 1240              	.LASF20:
 1241 00f6 43594D45 		.ascii	"CYMEMZERO\000"
 1241      4D5A4552 
 1241      4F00
 1242              	.LASF4:
 1243 0100 756E7369 		.ascii	"unsigned char\000"
 1243      676E6564 
 1243      20636861 
 1243      7200
 1244              	.LASF39:
 1245 010e 6D656D73 		.ascii	"memset\000"
 1245      657400
ARM GAS  C:\Users\Admin\AppData\Local\Temp\ccXlocjN.s 			page 30


 1246              	.LASF17:
 1247 0115 646F7562 		.ascii	"double\000"
 1247      6C6500
 1248              	.LASF33:
 1249 011c 4379496E 		.ascii	"CyIntEnable\000"
 1249      74456E61 
 1249      626C6500 
 1250              	.LASF14:
 1251 0128 75696E74 		.ascii	"uint16\000"
 1251      313600
 1252              	.LASF15:
 1253 012f 75696E74 		.ascii	"uint32\000"
 1253      333200
 1254              	.LASF0:
 1255 0136 756E7369 		.ascii	"unsigned int\000"
 1255      676E6564 
 1255      20696E74 
 1255      00
 1256              	.LASF38:
 1257 0143 63796669 		.ascii	"cyfitter_cfg\000"
 1257      74746572 
 1257      5F636667 
 1257      00
 1258              	.LASF22:
 1259 0150 61646472 		.ascii	"address\000"
 1259      65737300 
 1260              	.LASF9:
 1261 0158 6C6F6E67 		.ascii	"long long unsigned int\000"
 1261      206C6F6E 
 1261      6720756E 
 1261      7369676E 
 1261      65642069 
 1262              	.LASF34:
 1263 016f 474E5520 		.ascii	"GNU C11 5.4.1 20160609 (release) [ARM/embedded-5-br"
 1263      43313120 
 1263      352E342E 
 1263      31203230 
 1263      31363036 
 1264 01a2 616E6368 		.ascii	"anch revision 237715] -mcpu=cortex-m0 -mthumb -g -O"
 1264      20726576 
 1264      6973696F 
 1264      6E203233 
 1264      37373135 
 1265 01d5 67202D66 		.ascii	"g -ffunction-sections -ffat-lto-objects\000"
 1265      66756E63 
 1265      74696F6E 
 1265      2D736563 
 1265      74696F6E 
 1266              	.LASF24:
 1267 01fd 6366675F 		.ascii	"cfg_memset_t\000"
 1267      6D656D73 
 1267      65745F74 
 1267      00
 1268              	.LASF10:
 1269 020a 73697A65 		.ascii	"sizetype\000"
 1269      74797065 
 1269      00
ARM GAS  C:\Users\Admin\AppData\Local\Temp\ccXlocjN.s 			page 31


 1270              	.LASF1:
 1271 0213 6C6F6E67 		.ascii	"long long int\000"
 1271      206C6F6E 
 1271      6720696E 
 1271      7400
 1272              	.LASF31:
 1273 0221 43794465 		.ascii	"CyDelayUs\000"
 1273      6C617955 
 1273      7300
 1274              	.LASF11:
 1275 022b 63686172 		.ascii	"char\000"
 1275      00
 1276              	.LASF30:
 1277 0230 43795379 		.ascii	"CySysClkEcoStart\000"
 1277      73436C6B 
 1277      45636F53 
 1277      74617274 
 1277      00
 1278              	.LASF5:
 1279 0241 73686F72 		.ascii	"short int\000"
 1279      7420696E 
 1279      7400
 1280              	.LASF29:
 1281 024b 43795379 		.ascii	"CySysClkWriteImoFreq\000"
 1281      73436C6B 
 1281      57726974 
 1281      65496D6F 
 1281      46726571 
 1282              	.LASF7:
 1283 0260 6C6F6E67 		.ascii	"long int\000"
 1283      20696E74 
 1283      00
 1284              	.LASF2:
 1285 0269 6C6F6E67 		.ascii	"long double\000"
 1285      20646F75 
 1285      626C6500 
 1286              	.LASF3:
 1287 0275 7369676E 		.ascii	"signed char\000"
 1287      65642063 
 1287      68617200 
 1288              	.LASF35:
 1289 0281 47656E65 		.ascii	"Generated_Source\\PSoC4\\cyfitter_cfg.c\000"
 1289      72617465 
 1289      645F536F 
 1289      75726365 
 1289      5C50536F 
 1290              		.ident	"GCC: (GNU Tools for ARM Embedded Processors) 5.4.1 20160609 (release) [ARM/embedded-5-bran
